Archive member included to satisfy reference by file (symbol)

/usr/lib/gcc/arm-none-eabi/7.3.1/thumb/v6-m/libgcc.a(_dvmd_tls.o)
                              CMakeFiles/resolver.dir/home/pi/pico/pico-sdk/src/rp2_common/pico_divider/divider.S.obj (__aeabi_idiv0)
/usr/lib/gcc/arm-none-eabi/7.3.1/../../../arm-none-eabi/lib/thumb/v6-m/libg.a(lib_a-atexit.o)
                              /usr/lib/gcc/arm-none-eabi/7.3.1/../../../arm-none-eabi/lib/thumb/v6-m/crt0.o (atexit)
/usr/lib/gcc/arm-none-eabi/7.3.1/../../../arm-none-eabi/lib/thumb/v6-m/libg.a(lib_a-calloc.o)
                              CMakeFiles/resolver.dir/home/pi/pico/pico-sdk/src/rp2_common/pico_malloc/pico_malloc.c.obj (calloc)
/usr/lib/gcc/arm-none-eabi/7.3.1/../../../arm-none-eabi/lib/thumb/v6-m/libg.a(lib_a-callocr.o)
                              /usr/lib/gcc/arm-none-eabi/7.3.1/../../../arm-none-eabi/lib/thumb/v6-m/libg.a(lib_a-calloc.o) (_calloc_r)
/usr/lib/gcc/arm-none-eabi/7.3.1/../../../arm-none-eabi/lib/thumb/v6-m/libg.a(lib_a-fini.o)
                              /usr/lib/gcc/arm-none-eabi/7.3.1/../../../arm-none-eabi/lib/thumb/v6-m/crt0.o (__libc_fini_array)
/usr/lib/gcc/arm-none-eabi/7.3.1/../../../arm-none-eabi/lib/thumb/v6-m/libg.a(lib_a-impure.o)
                              /usr/lib/gcc/arm-none-eabi/7.3.1/../../../arm-none-eabi/lib/thumb/v6-m/libg.a(lib_a-calloc.o) (_impure_ptr)
/usr/lib/gcc/arm-none-eabi/7.3.1/../../../arm-none-eabi/lib/thumb/v6-m/libg.a(lib_a-init.o)
                              /usr/lib/gcc/arm-none-eabi/7.3.1/../../../arm-none-eabi/lib/thumb/v6-m/crt0.o (__libc_init_array)
/usr/lib/gcc/arm-none-eabi/7.3.1/../../../arm-none-eabi/lib/thumb/v6-m/libg.a(lib_a-malloc.o)
                              CMakeFiles/resolver.dir/home/pi/pico/pico-sdk/src/rp2_common/pico_malloc/pico_malloc.c.obj (malloc)
/usr/lib/gcc/arm-none-eabi/7.3.1/../../../arm-none-eabi/lib/thumb/v6-m/libg.a(lib_a-mallocr.o)
                              /usr/lib/gcc/arm-none-eabi/7.3.1/../../../arm-none-eabi/lib/thumb/v6-m/libg.a(lib_a-callocr.o) (_malloc_r)
/usr/lib/gcc/arm-none-eabi/7.3.1/../../../arm-none-eabi/lib/thumb/v6-m/libg.a(lib_a-mlock.o)
                              /usr/lib/gcc/arm-none-eabi/7.3.1/../../../arm-none-eabi/lib/thumb/v6-m/libg.a(lib_a-mallocr.o) (__malloc_lock)
/usr/lib/gcc/arm-none-eabi/7.3.1/../../../arm-none-eabi/lib/thumb/v6-m/libg.a(lib_a-sbrkr.o)
                              /usr/lib/gcc/arm-none-eabi/7.3.1/../../../arm-none-eabi/lib/thumb/v6-m/libg.a(lib_a-mallocr.o) (_sbrk_r)
/usr/lib/gcc/arm-none-eabi/7.3.1/../../../arm-none-eabi/lib/thumb/v6-m/libg.a(lib_a-strlen-stub.o)
                              CMakeFiles/resolver.dir/home/pi/pico/pico-sdk/src/rp2_common/pico_stdio/stdio.c.obj (strlen)
/usr/lib/gcc/arm-none-eabi/7.3.1/../../../arm-none-eabi/lib/thumb/v6-m/libg.a(lib_a-__atexit.o)
                              /usr/lib/gcc/arm-none-eabi/7.3.1/../../../arm-none-eabi/lib/thumb/v6-m/libg.a(lib_a-atexit.o) (__register_exitproc)
/usr/lib/gcc/arm-none-eabi/7.3.1/../../../arm-none-eabi/lib/thumb/v6-m/libg.a(lib_a-freer.o)
                              /usr/lib/gcc/arm-none-eabi/7.3.1/../../../arm-none-eabi/lib/thumb/v6-m/libg.a(lib_a-malloc.o) (_free_r)
/usr/lib/gcc/arm-none-eabi/7.3.1/../../../arm-none-eabi/lib/thumb/v6-m/libg.a(lib_a-reent.o)
                              /usr/lib/gcc/arm-none-eabi/7.3.1/../../../arm-none-eabi/lib/thumb/v6-m/libg.a(lib_a-sbrkr.o) (errno)

Allocating common symbols
Common symbol       size              file

sf_table            0x100             CMakeFiles/resolver.dir/home/pi/pico/pico-sdk/src/rp2_common/pico_float/float_init_rom.c.obj
errno               0x4               /usr/lib/gcc/arm-none-eabi/7.3.1/../../../arm-none-eabi/lib/thumb/v6-m/libg.a(lib_a-reent.o)
mutex               0x8               CMakeFiles/resolver.dir/resolver.c.obj
slice_num           0x4               CMakeFiles/resolver.dir/resolver.c.obj
sf_clz_func         0x4               CMakeFiles/resolver.dir/home/pi/pico/pico-sdk/src/rp2_common/pico_float/float_init_rom.c.obj
sd_table            0x100             CMakeFiles/resolver.dir/home/pi/pico/pico-sdk/src/rp2_common/pico_double/double_init_rom.c.obj
uart_char_to_line_feed
                    0x4               CMakeFiles/resolver.dir/home/pi/pico/pico-sdk/src/rp2_common/hardware_uart/uart.c.obj

Discarded input sections

 .text          0x00000000        0x0 /usr/lib/gcc/arm-none-eabi/7.3.1/thumb/v6-m/crti.o
 .data          0x00000000        0x0 /usr/lib/gcc/arm-none-eabi/7.3.1/thumb/v6-m/crti.o
 .bss           0x00000000        0x0 /usr/lib/gcc/arm-none-eabi/7.3.1/thumb/v6-m/crti.o
 .data          0x00000000        0x4 /usr/lib/gcc/arm-none-eabi/7.3.1/thumb/v6-m/crtbegin.o
 .fini_array    0x00000000        0x4 /usr/lib/gcc/arm-none-eabi/7.3.1/thumb/v6-m/crtbegin.o
 .text          0x00000000       0x6c /usr/lib/gcc/arm-none-eabi/7.3.1/../../../arm-none-eabi/lib/thumb/v6-m/crt0.o
[...]
Memory Configuration

Name             Origin             Length             Attributes
FLASH            0x10000000         0x00200000         xr
RAM              0x20000000         0x00040000         xrw
SCRATCH_X        0x20040000         0x00001000         xrw
SCRATCH_Y        0x20041000         0x00001000         xrw
*default*        0x00000000         0xffffffff

Linker script and memory map

LOAD /usr/lib/gcc/arm-none-eabi/7.3.1/thumb/v6-m/crti.o
LOAD /usr/lib/gcc/arm-none-eabi/7.3.1/thumb/v6-m/crtbegin.o
LOAD /usr/lib/gcc/arm-none-eabi/7.3.1/../../../arm-none-eabi/lib/thumb/v6-m/crt0.o

.flash_begin    0x10000000        0x0
                0x10000000                __flash_binary_start = .

.boot2          0x10000000      0x100
                0x10000000                __boot2_start__ = .
 *(.boot2)
 .boot2         0x10000000      0x100 /tmp/ccC47qwT.o
                0x10000100                __boot2_end__ = .
                0x00000001                ASSERT (((__boot2_end__ - __boot2_start__) == 0x100), ERROR: Pico second stage bootloader must be 256 bytes in size)

.text           0x10000100     0x5130
                0x10000100                __logical_binary_start = .
 *(.vectors)
 .vectors       0x10000100       0xd4 CMakeFiles/resolver.dir/home/pi/pico/pico-sdk/src/rp2_common/pico_standard_link/crt0.S.obj
                0x10000100                __vectors
                0x100001c0                isr_invalid
                0x100001c2                isr_nmi
                0x100001c4                isr_hardfault
                0x100001c6                isr_svcall
                0x100001c8                isr_pendsv
                0x100001ca                isr_systick
                0x100001cc                isr_irq30
                0x100001cc                __unhandled_user_irq
                0x100001cc                isr_irq13
                0x100001cc                isr_irq27
                0x100001cc                isr_irq31
                0x100001cc                isr_irq5
                0x100001cc                isr_irq11
                0x100001cc                isr_irq23
                0x100001cc                isr_irq18
                0x100001cc                isr_irq28
                0x100001cc                isr_irq19
                0x100001cc                isr_irq0
                0x100001cc                isr_irq6
                0x100001cc                isr_irq22
                0x100001cc                isr_irq17
                0x100001cc                isr_irq14
                0x100001cc                isr_irq2
                0x100001cc                isr_irq10
                0x100001cc                isr_irq8
                0x100001cc                isr_irq24
                0x100001cc                isr_irq1
                0x100001cc                isr_irq7
                0x100001cc                isr_irq21
                0x100001cc                isr_irq20
                0x100001cc                isr_irq15
                0x100001cc                isr_irq25
                0x100001cc                isr_irq4
                0x100001cc                isr_irq16
                0x100001cc                isr_irq29
                0x100001cc                isr_irq26
                0x100001cc                isr_irq3
                0x100001cc                isr_irq12
                0x100001cc                isr_irq9
                0x100001d2                unhandled_user_irq_num_in_r0
 *(.binary_info_header)
 .binary_info_header
                0x100001d4       0x14 CMakeFiles/resolver.dir/home/pi/pico/pico-sdk/src/rp2_common/pico_standard_link/crt0.S.obj
                0x100001e8                __binary_info_header_end = .
 *(.reset)
 .reset         0x100001e8       0xa8 CMakeFiles/resolver.dir/home/pi/pico/pico-sdk/src/rp2_common/pico_standard_link/crt0.S.obj
                0x100001e8                _entry_point
                0x10000266                __get_current_exception
 .reset         0x10000290       0x30 CMakeFiles/resolver.dir/home/pi/pico/pico-sdk/src/rp2_common/pico_standard_link/binary_info.c.obj
 *(.init)
 .init          0x100002c0        0x4 /usr/lib/gcc/arm-none-eabi/7.3.1/thumb/v6-m/crti.o
                0x100002c0                _init
 *(EXCLUDE_FILE(*libm.a: *libc.a:*lib_a-mem*.o *libgcc.a:) .text*)
 .text          0x100002c4       0x98 /usr/lib/gcc/arm-none-eabi/7.3.1/thumb/v6-m/crtbegin.o
 .text.adc_gpio_init
                0x1000035c       0x1e CMakeFiles/resolver.dir/resolver.c.obj
 *fill*         0x1000037a        0x2 
 .text.timer_callback
                0x1000037c      0x5dc CMakeFiles/resolver.dir/resolver.c.obj
                0x1000037c                timer_callback
 .text.main     0x10000958       0xf0 CMakeFiles/resolver.dir/resolver.c.obj
                0x10000958                main
 .text.gpio_set_function
                0x10000a48       0x30 CMakeFiles/resolver.dir/home/pi/pico/pico-sdk/src/rp2_common/hardware_gpio/gpio.c.obj
                0x10000a48                gpio_set_function
 .text.gpio_set_pulls
                0x10000a78       0x34 CMakeFiles/resolver.dir/home/pi/pico/pico-sdk/src/rp2_common/hardware_gpio/gpio.c.obj
                0x10000a78                gpio_set_pulls
 .text.gpio_set_input_enabled
                0x10000aac       0x30 CMakeFiles/resolver.dir/home/pi/pico/pico-sdk/src/rp2_common/hardware_gpio/gpio.c.obj
                0x10000aac                gpio_set_input_enabled
 .text.hw_claim_lock
                0x10000adc       0x18 CMakeFiles/resolver.dir/home/pi/pico/pico-sdk/src/rp2_common/hardware_claim/claim.c.obj
                0x10000adc                hw_claim_lock
 .text.hw_claim_unlock
                0x10000af4       0x14 CMakeFiles/resolver.dir/home/pi/pico/pico-sdk/src/rp2_common/hardware_claim/claim.c.obj
                0x10000af4                hw_claim_unlock
 .text.hw_claim_or_assert
                0x10000b08       0x36 CMakeFiles/resolver.dir/home/pi/pico/pico-sdk/src/rp2_common/hardware_claim/claim.c.obj
                0x10000b08                hw_claim_or_assert
 *fill*         0x10000b3e        0x2 
 .text.spin_locks_reset
                0x10000b40       0x20 CMakeFiles/resolver.dir/home/pi/pico/pico-sdk/src/rp2_common/hardware_sync/sync.c.obj
                0x10000b40                spin_locks_reset
 .text.next_striped_spin_lock_num
                0x10000b60       0x1c CMakeFiles/resolver.dir/home/pi/pico/pico-sdk/src/rp2_common/hardware_sync/sync.c.obj
                0x10000b60                next_striped_spin_lock_num
 .text.running_on_fpga
                0x10000b7c       0x14 CMakeFiles/resolver.dir/home/pi/pico/pico-sdk/src/rp2_common/pico_platform/platform.c.obj
                0x10000b7c                running_on_fpga
 .text.uart_set_baudrate
                0x10000b90       0x60 CMakeFiles/resolver.dir/home/pi/pico/pico-sdk/src/rp2_common/hardware_uart/uart.c.obj
                0x10000b90                uart_set_baudrate
 .text.uart_set_translate_crlf
                0x10000bf0       0x28 CMakeFiles/resolver.dir/home/pi/pico/pico-sdk/src/rp2_common/hardware_uart/uart.c.obj
                0x10000bf0                uart_set_translate_crlf
 .text.uart_init
                0x10000c18       0x84 CMakeFiles/resolver.dir/home/pi/pico/pico-sdk/src/rp2_common/hardware_uart/uart.c.obj
                0x10000c18                uart_init
 .text.repeating_timer_callback
                0x10000c9c       0x40 CMakeFiles/resolver.dir/home/pi/pico/pico-sdk/src/common/pico_time/time.c.obj
 .text.alarm_pool_post_alloc_init
                0x10000cdc       0x40 CMakeFiles/resolver.dir/home/pi/pico/pico-sdk/src/common/pico_time/time.c.obj
 .text.timer_pool_entry_comparator
                0x10000d1c       0x78 CMakeFiles/resolver.dir/home/pi/pico/pico-sdk/src/common/pico_time/time.c.obj
                0x10000d1c                timer_pool_entry_comparator
 .text.ph_add_child_node
                0x10000d94       0xa4 CMakeFiles/resolver.dir/home/pi/pico/pico-sdk/src/common/pico_time/time.c.obj
 .text.ph_merge_nodes
                0x10000e38       0x3a CMakeFiles/resolver.dir/home/pi/pico/pico-sdk/src/common/pico_time/time.c.obj
 *fill*         0x10000e72        0x2 
 .text.add_alarm_under_lock
                0x10000e74      0x180 CMakeFiles/resolver.dir/home/pi/pico/pico-sdk/src/common/pico_time/time.c.obj
 .text.alarm_pool_alarm_callback
                0x10000ff4      0x314 CMakeFiles/resolver.dir/home/pi/pico/pico-sdk/src/common/pico_time/time.c.obj
 .text.alarm_pool_init_default
                0x10001308       0x2c CMakeFiles/resolver.dir/home/pi/pico/pico-sdk/src/common/pico_time/time.c.obj
                0x10001308                alarm_pool_init_default
 .text.alarm_pool_get_default
                0x10001334       0x2c CMakeFiles/resolver.dir/home/pi/pico/pico-sdk/src/common/pico_time/time.c.obj
                0x10001334                alarm_pool_get_default
 .text.alarm_pool_add_alarm_at
                0x10001360      0x130 CMakeFiles/resolver.dir/home/pi/pico/pico-sdk/src/common/pico_time/time.c.obj
                0x10001360                alarm_pool_add_alarm_at
 .text.alarm_pool_add_repeating_timer_us
                0x10001490       0x70 CMakeFiles/resolver.dir/home/pi/pico/pico-sdk/src/common/pico_time/time.c.obj
                0x10001490                alarm_pool_add_repeating_timer_us
 .text.hardware_alarm_irq_handler
                0x10001500       0x8c CMakeFiles/resolver.dir/home/pi/pico/pico-sdk/src/rp2_common/hardware_timer/timer.c.obj
 .text.hardware_alarm_claim
                0x1000158c       0x18 CMakeFiles/resolver.dir/home/pi/pico/pico-sdk/src/rp2_common/hardware_timer/timer.c.obj
                0x1000158c                hardware_alarm_claim
 .text.time_us_64
                0x100015a4       0x18 CMakeFiles/resolver.dir/home/pi/pico/pico-sdk/src/rp2_common/hardware_timer/timer.c.obj
                0x100015a4                time_us_64
 .text.hardware_alarm_set_callback
                0x100015bc       0x90 CMakeFiles/resolver.dir/home/pi/pico/pico-sdk/src/rp2_common/hardware_timer/timer.c.obj
                0x100015bc                hardware_alarm_set_callback
 .text.hardware_alarm_set_target
                0x1000164c       0xcc CMakeFiles/resolver.dir/home/pi/pico/pico-sdk/src/rp2_common/hardware_timer/timer.c.obj
                0x1000164c                hardware_alarm_set_target
 .text.hardware_alarm_cancel
                0x10001718       0x40 CMakeFiles/resolver.dir/home/pi/pico/pico-sdk/src/rp2_common/hardware_timer/timer.c.obj
                0x10001718                hardware_alarm_cancel
 .text.lock_init
                0x10001758       0x10 CMakeFiles/resolver.dir/home/pi/pico/pico-sdk/src/common/pico_sync/lock_core.c.obj
                0x10001758                lock_init
 .text.mutex_init
                0x10001768       0x1a CMakeFiles/resolver.dir/home/pi/pico/pico-sdk/src/common/pico_sync/mutex.c.obj
                0x10001768                mutex_init
 *fill*         0x10001782        0x2 
 .text.ph_add_child_node
                0x10001784       0xa4 CMakeFiles/resolver.dir/home/pi/pico/pico-sdk/src/common/pico_util/pheap.c.obj
 .text.ph_merge_nodes
                0x10001828       0x3a CMakeFiles/resolver.dir/home/pi/pico/pico-sdk/src/common/pico_util/pheap.c.obj
 *fill*         0x10001862        0x2 
 .text.ph_clear
                0x10001864       0x70 CMakeFiles/resolver.dir/home/pi/pico/pico-sdk/src/common/pico_util/pheap.c.obj
                0x10001864                ph_clear
 .text.ph_post_alloc_init
                0x100018d4        0xe CMakeFiles/resolver.dir/home/pi/pico/pico-sdk/src/common/pico_util/pheap.c.obj
                0x100018d4                ph_post_alloc_init
 *fill*         0x100018e2        0x2 
 .text.ph_merge_two_pass
                0x100018e4       0xac CMakeFiles/resolver.dir/home/pi/pico/pico-sdk/src/common/pico_util/pheap.c.obj
                0x100018e4                ph_merge_two_pass
 .text.ph_remove_any_head
                0x10001990      0x108 CMakeFiles/resolver.dir/home/pi/pico/pico-sdk/src/common/pico_util/pheap.c.obj
 .text.ph_remove_head
                0x10001a98       0x14 CMakeFiles/resolver.dir/home/pi/pico/pico-sdk/src/common/pico_util/pheap.c.obj
                0x10001a98                ph_remove_head
 .text.ph_remove_and_free_node
                0x10001aac       0xf8 CMakeFiles/resolver.dir/home/pi/pico/pico-sdk/src/common/pico_util/pheap.c.obj
                0x10001aac                ph_remove_and_free_node
 .text.runtime_init
                0x10001ba4       0xcc CMakeFiles/resolver.dir/home/pi/pico/pico-sdk/src/rp2_common/pico_runtime/runtime.c.obj
                0x10001ba4                runtime_init
 .text._exit    0x10001c70        0x4 CMakeFiles/resolver.dir/home/pi/pico/pico-sdk/src/rp2_common/pico_runtime/runtime.c.obj
                0x10001c70                _exit
 .text.exit     0x10001c74        0x6 CMakeFiles/resolver.dir/home/pi/pico/pico-sdk/src/rp2_common/pico_runtime/runtime.c.obj
                0x10001c74                exit
 *fill*         0x10001c7a        0x2 
 .text.__assert_func
                0x10001c7c       0x3c CMakeFiles/resolver.dir/home/pi/pico/pico-sdk/src/rp2_common/pico_runtime/runtime.c.obj
                0x10001c7c                __assert_func
 .text.panic    0x10001cb8       0x30 CMakeFiles/resolver.dir/home/pi/pico/pico-sdk/src/rp2_common/pico_runtime/runtime.c.obj
                0x10001cb8                panic
 .text.clock_configure
                0x10001ce8       0xec CMakeFiles/resolver.dir/home/pi/pico/pico-sdk/src/rp2_common/hardware_clocks/clocks.c.obj
                0x10001ce8                clock_configure
 .text.clocks_init
                0x10001dd4      0x124 CMakeFiles/resolver.dir/home/pi/pico/pico-sdk/src/rp2_common/hardware_clocks/clocks.c.obj
                0x10001dd4                clocks_init
 .text.clock_get_hz
                0x10001ef8        0xc CMakeFiles/resolver.dir/home/pi/pico/pico-sdk/src/rp2_common/hardware_clocks/clocks.c.obj
                0x10001ef8                clock_get_hz
 .text.watchdog_start_tick
                0x10001f04       0x10 CMakeFiles/resolver.dir/home/pi/pico/pico-sdk/src/rp2_common/hardware_watchdog/watchdog.c.obj
                0x10001f04                watchdog_start_tick
 .text.xosc_init
                0x10001f14       0x28 CMakeFiles/resolver.dir/home/pi/pico/pico-sdk/src/rp2_common/hardware_xosc/xosc.c.obj
                0x10001f14                xosc_init
 .text.pll_init
                0x10001f3c       0xcc CMakeFiles/resolver.dir/home/pi/pico/pico-sdk/src/rp2_common/hardware_pll/pll.c.obj
                0x10001f3c                pll_init
 .text.set_raw_irq_handler_and_unlock
                0x10002008       0x28 CMakeFiles/resolver.dir/home/pi/pico/pico-sdk/src/rp2_common/hardware_irq/irq.c.obj
 .text.make_branch
                0x10002030       0x34 CMakeFiles/resolver.dir/home/pi/pico/pico-sdk/src/rp2_common/hardware_irq/irq.c.obj
 .text.insert_branch_and_link
                0x10002064       0x40 CMakeFiles/resolver.dir/home/pi/pico/pico-sdk/src/rp2_common/hardware_irq/irq.c.obj
 .text.irq_is_enabled
                0x100020a4       0x18 CMakeFiles/resolver.dir/home/pi/pico/pico-sdk/src/rp2_common/hardware_irq/irq.c.obj
                0x100020a4                irq_is_enabled
 .text.irq_set_mask_enabled
                0x100020bc       0x20 CMakeFiles/resolver.dir/home/pi/pico/pico-sdk/src/rp2_common/hardware_irq/irq.c.obj
                0x100020bc                irq_set_mask_enabled
 .text.irq_set_enabled
                0x100020dc        0xe CMakeFiles/resolver.dir/home/pi/pico/pico-sdk/src/rp2_common/hardware_irq/irq.c.obj
                0x100020dc                irq_set_enabled
 *fill*         0x100020ea        0x2 
 .text.irq_get_vtable_handler
                0x100020ec       0x10 CMakeFiles/resolver.dir/home/pi/pico/pico-sdk/src/rp2_common/hardware_irq/irq.c.obj
                0x100020ec                irq_get_vtable_handler
 .text.irq_set_exclusive_handler
                0x100020fc       0x54 CMakeFiles/resolver.dir/home/pi/pico/pico-sdk/src/rp2_common/hardware_irq/irq.c.obj
                0x100020fc                irq_set_exclusive_handler
 .text.irq_remove_handler
                0x10002150      0x1b4 CMakeFiles/resolver.dir/home/pi/pico/pico-sdk/src/rp2_common/hardware_irq/irq.c.obj
                0x10002150                irq_remove_handler
 .text.irq_set_priority
                0x10002304       0x28 CMakeFiles/resolver.dir/home/pi/pico/pico-sdk/src/rp2_common/hardware_irq/irq.c.obj
                0x10002304                irq_set_priority
 .text.irq_add_tail_to_free_list
                0x1000232c       0xf0 CMakeFiles/resolver.dir/home/pi/pico/pico-sdk/src/rp2_common/hardware_irq/irq.c.obj
                0x1000232c                irq_add_tail_to_free_list
 .text.irq_init_priorities
                0x1000241c       0x16 CMakeFiles/resolver.dir/home/pi/pico/pico-sdk/src/rp2_common/hardware_irq/irq.c.obj
                0x1000241c                irq_init_priorities
 .text._out_null
                0x10002432        0x2 CMakeFiles/resolver.dir/home/pi/pico/pico-sdk/src/rp2_common/pico_printf/printf.c.obj
 .text._out_fct
                0x10002434        0xe CMakeFiles/resolver.dir/home/pi/pico/pico-sdk/src/rp2_common/pico_printf/printf.c.obj
 .text._atoi    0x10002442       0x24 CMakeFiles/resolver.dir/home/pi/pico/pico-sdk/src/rp2_common/pico_printf/printf.c.obj
 .text._out_rev
                0x10002466       0x8c CMakeFiles/resolver.dir/home/pi/pico/pico-sdk/src/rp2_common/pico_printf/printf.c.obj
 .text._ntoa_format
                0x100024f2      0x112 CMakeFiles/resolver.dir/home/pi/pico/pico-sdk/src/rp2_common/pico_printf/printf.c.obj
 .text._ntoa_long
                0x10002604       0x9e CMakeFiles/resolver.dir/home/pi/pico/pico-sdk/src/rp2_common/pico_printf/printf.c.obj
 .text._ntoa_long_long
                0x100026a2       0xe2 CMakeFiles/resolver.dir/home/pi/pico/pico-sdk/src/rp2_common/pico_printf/printf.c.obj
 .text._etoa    0x10002784      0x424 CMakeFiles/resolver.dir/home/pi/pico/pico-sdk/src/rp2_common/pico_printf/printf.c.obj
 .text._ftoa    0x10002ba8      0x340 CMakeFiles/resolver.dir/home/pi/pico/pico-sdk/src/rp2_common/pico_printf/printf.c.obj
 .text._vsnprintf
                0x10002ee8      0x640 CMakeFiles/resolver.dir/home/pi/pico/pico-sdk/src/rp2_common/pico_printf/printf.c.obj
 .text.vfctprintf
                0x10003528       0x20 CMakeFiles/resolver.dir/home/pi/pico/pico-sdk/src/rp2_common/pico_printf/printf.c.obj
                0x10003528                vfctprintf
 .text          0x10003548       0x10 CMakeFiles/resolver.dir/home/pi/pico/pico-sdk/src/rp2_common/pico_bit_ops/bit_ops_aeabi.S.obj
 .text.rom_func_lookup
                0x10003558       0x10 CMakeFiles/resolver.dir/home/pi/pico/pico-sdk/src/rp2_common/pico_bootrom/bootrom.c.obj
                0x10003558                rom_func_lookup
 .text.rom_data_lookup
                0x10003568       0x10 CMakeFiles/resolver.dir/home/pi/pico/pico-sdk/src/rp2_common/pico_bootrom/bootrom.c.obj
                0x10003568                rom_data_lookup
 .text.rom_funcs_lookup
                0x10003578       0x36 CMakeFiles/resolver.dir/home/pi/pico/pico-sdk/src/rp2_common/pico_bootrom/bootrom.c.obj
                0x10003578                rom_funcs_lookup
 *fill*         0x100035ae        0x2 
 .text.__wrap___aeabi_idiv
                0x100035b0       0x58 CMakeFiles/resolver.dir/home/pi/pico/pico-sdk/src/rp2_common/pico_divider/divider.S.obj
                0x100035b0                __wrap___aeabi_idivmod
                0x100035b0                divmod_s32s32
                0x100035b0                div_s32s32
                0x100035b0                __wrap___aeabi_idiv
                0x100035b8                divmod_s32s32_unsafe
                0x100035e4                divmod_s32s32_savestate
 .text.__wrap___aeabi_uidiv
                0x10003608       0x54 CMakeFiles/resolver.dir/home/pi/pico/pico-sdk/src/rp2_common/pico_divider/divider.S.obj
                0x10003608                __wrap___aeabi_uidiv
                0x10003608                __wrap___aeabi_uidivmod
                0x10003608                div_u32u32
                0x10003608                divmod_u32u32
                0x10003610                divmod_u32u32_unsafe
                0x10003638                divmod_u32u32_savestate
 .text.__wrap___aeabi_ldiv
                0x1000365c      0x430 CMakeFiles/resolver.dir/home/pi/pico/pico-sdk/src/rp2_common/pico_divider/divider.S.obj
                0x1000365c                div_s64s64
                0x1000365c                divmod_s64s64
                0x1000365c                __wrap___aeabi_ldivmod
                0x10003694                div_u64u64
                0x10003694                divmod_u64u64
                0x10003694                __wrap___aeabi_uldivmod
                0x100036a4                divmod_u64u64_savestate
                0x100036cc                divmod_s64s64_unsafe
                0x10003754                divmod_u64u64_unsafe
 .text.push_r8_r11
                0x10003a8c        0xc CMakeFiles/resolver.dir/home/pi/pico/pico-sdk/src/rp2_common/pico_double/double_aeabi.S.obj
                0x10003a8c                push_r8_r11
 .text.pop_r8_r11
                0x10003a98        0xc CMakeFiles/resolver.dir/home/pi/pico/pico-sdk/src/rp2_common/pico_double/double_aeabi.S.obj
                0x10003a98                pop_r8_r11
 .text.__wrap___aeabi_darithmetic
                0x10003aa4       0x54 CMakeFiles/resolver.dir/home/pi/pico/pico-sdk/src/rp2_common/pico_double/double_aeabi.S.obj
                0x10003aa4                __wrap___aeabi_drsub
                0x10003aaa                __wrap___aeabi_dsub
                0x10003abc                __wrap___aeabi_dadd
                0x10003ace                __wrap___aeabi_ddiv
                0x10003ae0                __wrap___aeabi_dmul
 .text.__wrap___aeabi_cdcmple
                0x10003af8       0x6c CMakeFiles/resolver.dir/home/pi/pico/pico-sdk/src/rp2_common/pico_double/double_aeabi.S.obj
                0x10003af8                __wrap___aeabi_cdrcmple
                0x10003b08                __wrap___aeabi_cdcmple
                0x10003b08                __wrap___aeabi_cdcmpeq
 .text.__wrap___aeabi_dcmplt
                0x10003b64        0xc CMakeFiles/resolver.dir/home/pi/pico/pico-sdk/src/rp2_common/pico_double/double_aeabi.S.obj
                0x10003b64                __wrap___aeabi_dcmplt
 .text.__wrap___aeabi_dcmple
                0x10003b70       0x10 CMakeFiles/resolver.dir/home/pi/pico/pico-sdk/src/rp2_common/pico_double/double_aeabi.S.obj
                0x10003b70                __wrap___aeabi_dcmple
 .text.__wrap___aeabi_dcmpge
                0x10003b80       0x10 CMakeFiles/resolver.dir/home/pi/pico/pico-sdk/src/rp2_common/pico_double/double_aeabi.S.obj
                0x10003b80                __wrap___aeabi_dcmpge
 .text.__wrap___aeabi_dcmpgt
                0x10003b90        0xa CMakeFiles/resolver.dir/home/pi/pico/pico-sdk/src/rp2_common/pico_double/double_aeabi.S.obj
                0x10003b90                __wrap___aeabi_dcmpgt
 .text.__wrap___aeabi_dcmpun
                0x10003b9a       0x1c CMakeFiles/resolver.dir/home/pi/pico/pico-sdk/src/rp2_common/pico_double/double_aeabi.S.obj
                0x10003b9a                __wrap___aeabi_dcmpun
 *fill*         0x10003bb6        0x2 
 .text.__wrap___aeabi_i2d
                0x10003bb8       0x38 CMakeFiles/resolver.dir/home/pi/pico/pico-sdk/src/rp2_common/pico_double/double_aeabi.S.obj
                0x10003bb8                __wrap___aeabi_ui2d
                0x10003bc0                __wrap___aeabi_i2d
 .text.__wrap___aeabi_d2iz
                0x10003bf0       0x48 CMakeFiles/resolver.dir/home/pi/pico/pico-sdk/src/rp2_common/pico_double/double_aeabi.S.obj
                0x10003bf0                __wrap___aeabi_d2iz
                0x10003bf0                double2int_z
 .text.__wrap___aeabi_d2uiz
                0x10003c38       0x18 CMakeFiles/resolver.dir/home/pi/pico/pico-sdk/src/rp2_common/pico_double/double_aeabi.S.obj
                0x10003c38                double2uint
                0x10003c38                __wrap___aeabi_d2uiz
 .text.fix642double
                0x10003c50       0x18 CMakeFiles/resolver.dir/home/pi/pico/pico-sdk/src/rp2_common/pico_double/double_aeabi.S.obj
                0x10003c50                fix642double
 .text.__wrap_srqt
                0x10003c68       0x18 CMakeFiles/resolver.dir/home/pi/pico/pico-sdk/src/rp2_common/pico_double/double_aeabi.S.obj
                0x10003c68                __wrap_sqrt
 .text.__wrap_sincostan_remainder
                0x10003c80       0x14 CMakeFiles/resolver.dir/home/pi/pico/pico-sdk/src/rp2_common/pico_double/double_aeabi.S.obj
                0x10003c80                sincostan_remainder
 .text.__wrap_sin
                0x10003c94       0x2c CMakeFiles/resolver.dir/home/pi/pico/pico-sdk/src/rp2_common/pico_double/double_aeabi.S.obj
                0x10003c94                __wrap_sin
 .text.__wrap_atan2
                0x10003cc0       0x18 CMakeFiles/resolver.dir/home/pi/pico/pico-sdk/src/rp2_common/pico_double/double_aeabi.S.obj
                0x10003cc0                __wrap_atan2
 .text.__aeabi_double_init
                0x10003cd8       0xb8 CMakeFiles/resolver.dir/home/pi/pico/pico-sdk/src/rp2_common/pico_double/double_init_rom.c.obj
                0x10003cd8                __aeabi_double_init
 .text.drem_0   0x10003d90      0x12e CMakeFiles/resolver.dir/home/pi/pico/pico-sdk/src/rp2_common/pico_double/double_math.c.obj
 *fill*         0x10003ebe        0x2 
 .text.__wrap_atan
                0x10003ec0       0x40 CMakeFiles/resolver.dir/home/pi/pico/pico-sdk/src/rp2_common/pico_double/double_math.c.obj
                0x10003ec0                __wrap_atan
 .text.__wrap_remquo
                0x10003f00      0x150 CMakeFiles/resolver.dir/home/pi/pico/pico-sdk/src/rp2_common/pico_double/double_math.c.obj
                0x10003f00                __wrap_remquo
 .text.__wrap_remainder
                0x10004050       0x10 CMakeFiles/resolver.dir/home/pi/pico/pico-sdk/src/rp2_common/pico_double/double_math.c.obj
                0x10004050                __wrap_remainder
 .text.double_table_shim_on_use_helper
                0x10004060       0x34 CMakeFiles/resolver.dir/home/pi/pico/pico-sdk/src/rp2_common/pico_double/double_v1_rom_shim.S.obj
                0x10004060                double_table_shim_on_use_helper
 .text.__wrap___aeabi_dsub
                0x10004094       0x10 CMakeFiles/resolver.dir/home/pi/pico/pico-sdk/src/rp2_common/pico_double/double_v1_rom_shim.S.obj
                0x10004094                drsub_shim
                0x1000409a                dsub_shim
 .text.dadd_shim
                0x100040a4      0x15c CMakeFiles/resolver.dir/home/pi/pico/pico-sdk/src/rp2_common/pico_double/double_v1_rom_shim.S.obj
                0x100040a4                dadd_shim
 .text.dmul_shim
                0x10004200      0x15c CMakeFiles/resolver.dir/home/pi/pico/pico-sdk/src/rp2_common/pico_double/double_v1_rom_shim.S.obj
                0x10004200                dmul_shim
 .text.ddiv_shim
                0x1000435c      0x1b0 CMakeFiles/resolver.dir/home/pi/pico/pico-sdk/src/rp2_common/pico_double/double_v1_rom_shim.S.obj
                0x1000435c                ddiv_shim
 .text.dsqrt_shim
                0x1000450c      0x1a8 CMakeFiles/resolver.dir/home/pi/pico/pico-sdk/src/rp2_common/pico_double/double_v1_rom_shim.S.obj
                0x10004528                dsqrt_shim
 .text.dcordic_vec_step
                0x100046b4        0xe CMakeFiles/resolver.dir/home/pi/pico/pico-sdk/src/rp2_common/pico_double/double_v1_rom_shim.S.obj
                0x100046b4                dcordic_vec_step
 .text.dcordic_rot_step
                0x100046c2       0x7c CMakeFiles/resolver.dir/home/pi/pico/pico-sdk/src/rp2_common/pico_double/double_v1_rom_shim.S.obj
                0x100046c2                dcordic_rot_step
 .text.double2uint_shim
                0x1000473e        0xe CMakeFiles/resolver.dir/home/pi/pico/pico-sdk/src/rp2_common/pico_double/double_v1_rom_shim.S.obj
                0x1000473e                double2uint_shim
                0x10004740                double2ufix_shim
 .text.double2int64_shim
                0x1000474c       0x1a CMakeFiles/resolver.dir/home/pi/pico/pico-sdk/src/rp2_common/pico_double/double_v1_rom_shim.S.obj
                0x1000474c                double2int64_shim
                0x1000474e                double2fix64_shim
 *fill*         0x10004766        0x2 
 .text.double2uint64_shim
                0x10004768       0x6c CMakeFiles/resolver.dir/home/pi/pico/pico-sdk/src/rp2_common/pico_double/double_v1_rom_shim.S.obj
                0x10004768                double2uint64_shim
                0x1000476a                double2ufix64_shim
                0x10004784                d2fix_a
 .text.x2double_shims
                0x100047d4       0x90 CMakeFiles/resolver.dir/home/pi/pico/pico-sdk/src/rp2_common/pico_double/double_v1_rom_shim.S.obj
                0x100047d4                uint2double_shim
                0x100047d6                ufix2double_shim
                0x100047dc                int2double_shim
                0x100047de                fix2double_shim
                0x100047e4                uint642double_shim
                0x100047e6                ufix642double_shim
                0x100047ec                int642double_shim
                0x100047ee                fix642double_shim
 .text.dunpacks
                0x10004864       0x3c CMakeFiles/resolver.dir/home/pi/pico/pico-sdk/src/rp2_common/pico_double/double_v1_rom_shim.S.obj
                0x10004864                dunpacks
 .text.dreduce  0x100048a0       0x82 CMakeFiles/resolver.dir/home/pi/pico/pico-sdk/src/rp2_common/pico_double/double_v1_rom_shim.S.obj
                0x100048a0                dreduce
 .text.dsin_shim
                0x10004922       0x14 CMakeFiles/resolver.dir/home/pi/pico/pico-sdk/src/rp2_common/pico_double/double_v1_rom_shim.S.obj
                0x10004922                dsin_shim
 *fill*         0x10004936        0x2 
 .text.dtrig_guts
                0x10004938      0x2ec CMakeFiles/resolver.dir/home/pi/pico/pico-sdk/src/rp2_common/pico_double/double_v1_rom_shim.S.obj
                0x10004a10                datan2_shim
 .text.__aeabi_lmul
                0x10004c24       0x32 CMakeFiles/resolver.dir/home/pi/pico/pico-sdk/src/rp2_common/pico_int64_ops/pico_int64_ops_aeabi.S.obj
                0x10004c24                __wrap___aeabi_lmul
 *fill*         0x10004c56        0x2 
 .text.__aeabi_float_init
                0x10004c58       0xfc CMakeFiles/resolver.dir/home/pi/pico/pico-sdk/src/rp2_common/pico_float/float_init_rom.c.obj
                0x10004c58                __aeabi_float_init
 .text.float_table_shim_on_use_helper
                0x10004d54       0x34 CMakeFiles/resolver.dir/home/pi/pico/pico-sdk/src/rp2_common/pico_float/float_v1_rom_shim.S.obj
                0x10004d54                float_table_shim_on_use_helper
 .text          0x10004d88       0x10 CMakeFiles/resolver.dir/home/pi/pico/pico-sdk/src/rp2_common/pico_mem_ops/mem_ops_aeabi.S.obj
                0x10004d88                __aeabi_mem_init
 .text.memset   0x10004d98        0xc CMakeFiles/resolver.dir/home/pi/pico/pico-sdk/src/rp2_common/pico_mem_ops/mem_ops_aeabi.S.obj
                0x10004d98                __wrap_memset
 .text.memcpy   0x10004da4        0xc CMakeFiles/resolver.dir/home/pi/pico/pico-sdk/src/rp2_common/pico_mem_ops/mem_ops_aeabi.S.obj
                0x10004da4                __wrap___aeabi_memcpy
                0x10004da4                __wrap_memcpy
 .text.stdio_out_chars_crlf
                0x10004db0       0x80 CMakeFiles/resolver.dir/home/pi/pico/pico-sdk/src/rp2_common/pico_stdio/stdio.c.obj
 .text.stdio_stack_buffer_flush
                0x10004e30       0x44 CMakeFiles/resolver.dir/home/pi/pico/pico-sdk/src/rp2_common/pico_stdio/stdio.c.obj
 .text.stdio_buffered_printer
                0x10004e74       0x20 CMakeFiles/resolver.dir/home/pi/pico/pico-sdk/src/rp2_common/pico_stdio/stdio.c.obj
 .text.stdout_serialize_begin
                0x10004e94       0x2c CMakeFiles/resolver.dir/home/pi/pico/pico-sdk/src/rp2_common/pico_stdio/stdio.c.obj
                0x10004e94                stdout_serialize_begin
 .text.stdout_serialize_end
                0x10004ec0       0x10 CMakeFiles/resolver.dir/home/pi/pico/pico-sdk/src/rp2_common/pico_stdio/stdio.c.obj
                0x10004ec0                stdout_serialize_end
 .text.stdio_put_string
                0x10004ed0       0x78 CMakeFiles/resolver.dir/home/pi/pico/pico-sdk/src/rp2_common/pico_stdio/stdio.c.obj
 .text.stdio_set_driver_enabled
                0x10004f48       0x38 CMakeFiles/resolver.dir/home/pi/pico/pico-sdk/src/rp2_common/pico_stdio/stdio.c.obj
                0x10004f48                stdio_set_driver_enabled
 .text.stdio_flush
                0x10004f80       0x20 CMakeFiles/resolver.dir/home/pi/pico/pico-sdk/src/rp2_common/pico_stdio/stdio.c.obj
                0x10004f80                stdio_flush
 .text.__wrap_puts
                0x10004fa0       0x1c CMakeFiles/resolver.dir/home/pi/pico/pico-sdk/src/rp2_common/pico_stdio/stdio.c.obj
                0x10004fa0                __wrap_puts
 .text.__wrap_vprintf
                0x10004fbc       0x44 CMakeFiles/resolver.dir/home/pi/pico/pico-sdk/src/rp2_common/pico_stdio/stdio.c.obj
                0x10004fbc                __wrap_vprintf
 .text.__wrap_printf
                0x10005000       0x18 CMakeFiles/resolver.dir/home/pi/pico/pico-sdk/src/rp2_common/pico_stdio/stdio.c.obj
                0x10005000                __wrap_printf
 .text.stdio_init_all
                0x10005018        0x8 CMakeFiles/resolver.dir/home/pi/pico/pico-sdk/src/rp2_common/pico_stdio/stdio.c.obj
                0x10005018                stdio_init_all
 .text.stdio_uart_out_chars
                0x10005020       0x70 CMakeFiles/resolver.dir/home/pi/pico/pico-sdk/src/rp2_common/pico_stdio_uart/stdio_uart.c.obj
 .text.stdio_uart_in_chars
                0x10005090       0x50 CMakeFiles/resolver.dir/home/pi/pico/pico-sdk/src/rp2_common/pico_stdio_uart/stdio_uart.c.obj
                0x10005090                stdio_uart_in_chars
 .text.stdio_uart_init_full
                0x100050e0       0x3c CMakeFiles/resolver.dir/home/pi/pico/pico-sdk/src/rp2_common/pico_stdio_uart/stdio_uart.c.obj
                0x100050e0                stdio_uart_init_full
 .text.stdio_uart_init
                0x1000511c       0x28 CMakeFiles/resolver.dir/home/pi/pico/pico-sdk/src/rp2_common/pico_stdio_uart/stdio_uart.c.obj
                0x1000511c                stdio_uart_init
 .text.adc_init
                0x10005144       0x34 CMakeFiles/resolver.dir/home/pi/pico/pico-sdk/src/rp2_common/hardware_adc/adc.c.obj
                0x10005144                adc_init
 .text          0x10005178       0x64 /usr/lib/gcc/arm-none-eabi/7.3.1/../../../arm-none-eabi/lib/thumb/v6-m/libg.a(lib_a-strlen-stub.o)
                0x10005178                strlen
 *(.fini)
 .fini          0x100051dc        0x4 /usr/lib/gcc/arm-none-eabi/7.3.1/thumb/v6-m/crti.o
                0x100051dc                _fini
 .fini.__stub   0x100051e0       0x50 linker stubs
 *crtbegin.o(.ctors)
 *crtbegin?.o(.ctors)
 *(EXCLUDE_FILE(*crtend.o *crtend?.o) .ctors)
 *(SORT_BY_NAME(.ctors.*))
 *(.ctors)
 *crtbegin.o(.dtors)
 *crtbegin?.o(.dtors)
 *(EXCLUDE_FILE(*crtend.o *crtend?.o) .dtors)
 *(SORT_BY_NAME(.dtors.*))
 *(.dtors)
 *(.eh_frame*)
 .eh_frame      0x10005230        0x0 /usr/lib/gcc/arm-none-eabi/7.3.1/thumb/v6-m/crtbegin.o
                0x10005230                . = ALIGN (0x4)

.glue_7         0x10005230        0x0
 .glue_7        0x10005230        0x0 linker stubs

.glue_7t        0x10005230        0x0
 .glue_7t       0x10005230        0x0 linker stubs

.vfp11_veneer   0x10005230        0x0
 .vfp11_veneer  0x10005230        0x0 linker stubs

.v4_bx          0x10005230        0x0
 .v4_bx         0x10005230        0x0 linker stubs

.iplt           0x10005230        0x0
 .iplt          0x10005230        0x0 /usr/lib/gcc/arm-none-eabi/7.3.1/thumb/v6-m/crtbegin.o

.rodata         0x10005230      0xd04
 *(EXCLUDE_FILE(*libm.a: *libc.a:*lib_a-mem*.o *libgcc.a:) .rodata*)
 .rodata.main.str1.4
                0x10005230       0x19 CMakeFiles/resolver.dir/resolver.c.obj
 *fill*         0x10005249        0x3 
 .rodata.timer_callback.str1.4
                0x1000524c        0x7 CMakeFiles/resolver.dir/resolver.c.obj
 *fill*         0x10005253        0x1 
 .rodata.__func__.5876
                0x10005254        0xc CMakeFiles/resolver.dir/home/pi/pico/pico-sdk/src/common/pico_time/time.c.obj
 .rodata.__func__.5883
                0x10005260       0x12 CMakeFiles/resolver.dir/home/pi/pico/pico-sdk/src/common/pico_time/time.c.obj
 *fill*         0x10005272        0x2 
 .rodata.__func__.5899
                0x10005274        0xf CMakeFiles/resolver.dir/home/pi/pico/pico-sdk/src/common/pico_time/time.c.obj
 *fill*         0x10005283        0x1 
 .rodata.__func__.5921
                0x10005284        0xd CMakeFiles/resolver.dir/home/pi/pico/pico-sdk/src/common/pico_time/time.c.obj
 *fill*         0x10005291        0x3 
 .rodata.__func__.6041
                0x10005294        0xa CMakeFiles/resolver.dir/home/pi/pico/pico-sdk/src/common/pico_time/time.c.obj
 *fill*         0x1000529e        0x2 
 .rodata.__func__.6046
                0x100052a0       0x12 CMakeFiles/resolver.dir/home/pi/pico/pico-sdk/src/common/pico_time/time.c.obj
 *fill*         0x100052b2        0x2 
 .rodata.__func__.6061
                0x100052b4       0x17 CMakeFiles/resolver.dir/home/pi/pico/pico-sdk/src/common/pico_time/time.c.obj
 *fill*         0x100052cb        0x1 
 .rodata.__func__.6072
                0x100052cc       0x15 CMakeFiles/resolver.dir/home/pi/pico/pico-sdk/src/common/pico_time/time.c.obj
 *fill*         0x100052e1        0x3 
 .rodata.__func__.6089
                0x100052e4       0x1a CMakeFiles/resolver.dir/home/pi/pico/pico-sdk/src/common/pico_time/time.c.obj
 *fill*         0x100052fe        0x2 
 .rodata.__func__.6143
                0x10005300       0x19 CMakeFiles/resolver.dir/home/pi/pico/pico-sdk/src/common/pico_time/time.c.obj
 *fill*         0x10005319        0x3 
 .rodata.add_alarm_under_lock.str1.4
                0x1000531c       0x28 CMakeFiles/resolver.dir/home/pi/pico/pico-sdk/src/common/pico_time/time.c.obj
                                 0x2b (size before relaxing)
 .rodata.alarm_pool_alarm_callback.str1.4
                0x10005344       0x82 CMakeFiles/resolver.dir/home/pi/pico/pico-sdk/src/common/pico_time/time.c.obj
 *fill*         0x100053c6        0x2 
 .rodata.alarm_pool_get_default.str1.4
                0x100053c8       0x21 CMakeFiles/resolver.dir/home/pi/pico/pico-sdk/src/common/pico_time/time.c.obj
 *fill*         0x100053e9        0x3 
 .rodata.ph_add_child_node.str1.4
                0x100053ec       0x92 CMakeFiles/resolver.dir/home/pi/pico/pico-sdk/src/common/pico_time/time.c.obj
 *fill*         0x1000547e        0x2 
 .rodata.repeating_timer_callback.str1.4
                0x10005480       0x47 CMakeFiles/resolver.dir/home/pi/pico/pico-sdk/src/common/pico_time/time.c.obj
 *fill*         0x100054c7        0x1 
 .rodata.timer_pool_entry_comparator.str1.4
                0x100054c8       0x22 CMakeFiles/resolver.dir/home/pi/pico/pico-sdk/src/common/pico_time/time.c.obj
 *fill*         0x100054ea        0x2 
 .rodata.__func__.4492
                0x100054ec       0x1a CMakeFiles/resolver.dir/home/pi/pico/pico-sdk/src/rp2_common/hardware_timer/timer.c.obj
 *fill*         0x10005506        0x2 
 .rodata.hardware_alarm_claim.str1.4
                0x10005508       0x22 CMakeFiles/resolver.dir/home/pi/pico/pico-sdk/src/rp2_common/hardware_timer/timer.c.obj
 *fill*         0x1000552a        0x2 
 .rodata.hardware_alarm_set_target.str1.4
                0x1000552c       0x61 CMakeFiles/resolver.dir/home/pi/pico/pico-sdk/src/rp2_common/hardware_timer/timer.c.obj
 *fill*         0x1000558d        0x3 
 .rodata.__func__.4548
                0x10005590       0x15 CMakeFiles/resolver.dir/home/pi/pico/pico-sdk/src/common/pico_sync/mutex.c.obj
 *fill*         0x100055a5        0x3 
 .rodata.__func__.4576
                0x100055a8        0xb CMakeFiles/resolver.dir/home/pi/pico/pico-sdk/src/common/pico_sync/mutex.c.obj
 *fill*         0x100055b3        0x1 
 .rodata.str1.4
                0x100055b4       0x58 CMakeFiles/resolver.dir/home/pi/pico/pico-sdk/src/common/pico_sync/mutex.c.obj
 .rodata.__func__.5652
                0x1000560c        0xc CMakeFiles/resolver.dir/home/pi/pico/pico-sdk/src/common/pico_util/pheap.c.obj
 .rodata.__func__.5659
                0x10005618       0x12 CMakeFiles/resolver.dir/home/pi/pico/pico-sdk/src/common/pico_util/pheap.c.obj
 *fill*         0x1000562a        0x2 
 .rodata.__func__.5745
                0x1000562c       0x13 CMakeFiles/resolver.dir/home/pi/pico/pico-sdk/src/common/pico_util/pheap.c.obj
 *fill*         0x1000563f        0x1 
 .rodata.__func__.5763
                0x10005640       0x18 CMakeFiles/resolver.dir/home/pi/pico/pico-sdk/src/common/pico_util/pheap.c.obj
 .rodata.ph_add_child_node.str1.4
                0x10005658       0x92 CMakeFiles/resolver.dir/home/pi/pico/pico-sdk/src/common/pico_util/pheap.c.obj
 .rodata.ph_remove_and_free_node.str1.4
                0x10005658       0x26 CMakeFiles/resolver.dir/home/pi/pico/pico-sdk/src/common/pico_util/pheap.c.obj
 *fill*         0x1000567e        0x2 
 .rodata.ph_remove_any_head.str1.4
                0x10005680       0x88 CMakeFiles/resolver.dir/home/pi/pico/pico-sdk/src/common/pico_util/pheap.c.obj
 .rodata.__assert_func.str1.4
                0x10005708       0x3f CMakeFiles/resolver.dir/home/pi/pico/pico-sdk/src/rp2_common/pico_runtime/runtime.c.obj
                                 0x43 (size before relaxing)
 *fill*         0x10005747        0x1 
 .rodata.panic.str1.4
                0x10005748       0x12 CMakeFiles/resolver.dir/home/pi/pico/pico-sdk/src/rp2_common/pico_runtime/runtime.c.obj
 *fill*         0x1000575a        0x2 
 .rodata.__func__.4612
                0x1000575c       0x10 CMakeFiles/resolver.dir/home/pi/pico/pico-sdk/src/rp2_common/hardware_clocks/clocks.c.obj
 .rodata.clock_configure.str1.4
                0x1000576c       0x53 CMakeFiles/resolver.dir/home/pi/pico/pico-sdk/src/rp2_common/hardware_clocks/clocks.c.obj
 *fill*         0x100057bf        0x1 
 .rodata.__func__.4342
                0x100057c0        0x9 CMakeFiles/resolver.dir/home/pi/pico/pico-sdk/src/rp2_common/hardware_pll/pll.c.obj
 *fill*         0x100057c9        0x3 
 .rodata.pll_init.str1.4
                0x100057cc       0xd7 CMakeFiles/resolver.dir/home/pi/pico/pico-sdk/src/rp2_common/hardware_pll/pll.c.obj
 *fill*         0x100058a3        0x1 
 .rodata.__func__.4452
                0x100058a4       0x1a CMakeFiles/resolver.dir/home/pi/pico/pico-sdk/src/rp2_common/hardware_irq/irq.c.obj
 *fill*         0x100058be        0x2 
 .rodata.__func__.4466
                0x100058c0        0xc CMakeFiles/resolver.dir/home/pi/pico/pico-sdk/src/rp2_common/hardware_irq/irq.c.obj
 .rodata.__func__.4474
                0x100058cc       0x17 CMakeFiles/resolver.dir/home/pi/pico/pico-sdk/src/rp2_common/hardware_irq/irq.c.obj
 *fill*         0x100058e3        0x1 
 .rodata.__func__.4478
                0x100058e4        0xf CMakeFiles/resolver.dir/home/pi/pico/pico-sdk/src/rp2_common/hardware_irq/irq.c.obj
 *fill*         0x100058f3        0x1 
 .rodata.__func__.4517
                0x100058f4       0x13 CMakeFiles/resolver.dir/home/pi/pico/pico-sdk/src/rp2_common/hardware_irq/irq.c.obj
 *fill*         0x10005907        0x1 
 .rodata.__func__.4536
                0x10005908       0x1a CMakeFiles/resolver.dir/home/pi/pico/pico-sdk/src/rp2_common/hardware_irq/irq.c.obj
 *fill*         0x10005922        0x2 
 .rodata.irq_add_shared_handler.str1.4
                0x10005924       0xd9 CMakeFiles/resolver.dir/home/pi/pico/pico-sdk/src/rp2_common/hardware_irq/irq.c.obj
 *fill*         0x100059fd        0x3 
 .rodata.irq_add_tail_to_free_list.str1.4
                0x10005a00       0x32 CMakeFiles/resolver.dir/home/pi/pico/pico-sdk/src/rp2_common/hardware_irq/irq.c.obj
                                 0x3a (size before relaxing)
 *fill*         0x10005a32        0x2 
 .rodata.irq_remove_handler.str1.4
                0x10005a34       0x2a CMakeFiles/resolver.dir/home/pi/pico/pico-sdk/src/rp2_common/hardware_irq/irq.c.obj
 *fill*         0x10005a5e        0x2 
 .rodata.irq_set_exclusive_handler.str1.4
                0x10005a60       0x36 CMakeFiles/resolver.dir/home/pi/pico/pico-sdk/src/rp2_common/hardware_irq/irq.c.obj
 *fill*         0x10005a96        0x2 
 .rodata.make_branch.str1.4
                0x10005a98       0x49 CMakeFiles/resolver.dir/home/pi/pico/pico-sdk/src/rp2_common/hardware_irq/irq.c.obj
 *fill*         0x10005ae1        0x3 
 .rodata._vsnprintf
                0x10005ae4      0x1e0 CMakeFiles/resolver.dir/home/pi/pico/pico-sdk/src/rp2_common/pico_printf/printf.c.obj
 .rodata._ftoa.str1.4
                0x10005cc4       0x15 CMakeFiles/resolver.dir/home/pi/pico/pico-sdk/src/rp2_common/pico_printf/printf.c.obj
 *fill*         0x10005cd9        0x7 
 .rodata.pow10.5366
                0x10005ce0       0x50 CMakeFiles/resolver.dir/home/pi/pico/pico-sdk/src/rp2_common/pico_printf/printf.c.obj
 .rodata.__aeabi_double_init.str1.4
                0x10005d30       0xa4 CMakeFiles/resolver.dir/home/pi/pico/pico-sdk/src/rp2_common/pico_double/double_init_rom.c.obj
 .rodata.__func__.4625
                0x10005dd4       0x14 CMakeFiles/resolver.dir/home/pi/pico/pico-sdk/src/rp2_common/pico_double/double_init_rom.c.obj
 .rodata.__aeabi_float_init.str1.4
                0x10005de8       0x76 CMakeFiles/resolver.dir/home/pi/pico/pico-sdk/src/rp2_common/pico_float/float_init_rom.c.obj
                                 0x7a (size before relaxing)
 *fill*         0x10005e5e        0x2 
 .rodata.__func__.4627
                0x10005e60       0x13 CMakeFiles/resolver.dir/home/pi/pico/pico-sdk/src/rp2_common/pico_float/float_init_rom.c.obj
 *fill*         0x10005e73        0x1 
 .rodata.__bi_40
                0x10005e74        0xc CMakeFiles/resolver.dir/home/pi/pico/pico-sdk/src/rp2_common/pico_standard_link/binary_info.c.obj
 .rodata.__bi_65
                0x10005e80        0xc CMakeFiles/resolver.dir/home/pi/pico/pico-sdk/src/rp2_common/pico_standard_link/binary_info.c.obj
 .rodata.__bi_71
                0x10005e8c        0xc CMakeFiles/resolver.dir/home/pi/pico/pico-sdk/src/rp2_common/pico_standard_link/binary_info.c.obj
 .rodata.__bi_77
                0x10005e98        0xc CMakeFiles/resolver.dir/home/pi/pico/pico-sdk/src/rp2_common/pico_standard_link/binary_info.c.obj
 .rodata.str1.4
                0x10005ea4       0x4c CMakeFiles/resolver.dir/home/pi/pico/pico-sdk/src/rp2_common/pico_standard_link/binary_info.c.obj
 .rodata.crlf_str.5938
                0x10005ef0        0x2 CMakeFiles/resolver.dir/home/pi/pico/pico-sdk/src/rp2_common/pico_stdio/stdio.c.obj
 *fill*         0x10005ef2        0x2 
 .rodata.__bi_28.4663
                0x10005ef4        0xc CMakeFiles/resolver.dir/home/pi/pico/pico-sdk/src/rp2_common/pico_stdio_uart/stdio_uart.c.obj
 .rodata.__bi_29.4667
                0x10005f00        0x8 CMakeFiles/resolver.dir/home/pi/pico/pico-sdk/src/rp2_common/pico_stdio_uart/stdio_uart.c.obj
 .rodata.str1.4
                0x10005f08       0x2c CMakeFiles/resolver.dir/home/pi/pico/pico-sdk/src/rp2_common/pico_stdio_uart/stdio_uart.c.obj
                0x10005f34                . = ALIGN (0x4)
 *(SORT_BY_ALIGNMENT(SORT_BY_NAME(.flashdata*)))
                0x10005f34                . = ALIGN (0x4)

.rel.dyn        0x10005f34        0x0
 .rel.iplt      0x10005f34        0x0 /usr/lib/gcc/arm-none-eabi/7.3.1/thumb/v6-m/crtbegin.o

.ARM.extab
 *(.ARM.extab* .gnu.linkonce.armextab.*)
                0x10005f34                __exidx_start = .

.ARM.exidx
 *(.ARM.exidx* .gnu.linkonce.armexidx.*)
                0x10005f34                __exidx_end = .
                0x10005f34                . = ALIGN (0x4)
                0x10005f34                __binary_info_start = .

.binary_info    0x10005f34       0x28
 *(.binary_info.keep.*)
 .binary_info.keep.__bi_ptr18
                0x10005f34        0x4 CMakeFiles/resolver.dir/home/pi/pico/pico-sdk/src/rp2_common/pico_standard_link/binary_info.c.obj
 .binary_info.keep.__bi_ptr26
                0x10005f38        0x4 CMakeFiles/resolver.dir/home/pi/pico/pico-sdk/src/rp2_common/pico_standard_link/binary_info.c.obj
 .binary_info.keep.__bi_ptr34
                0x10005f3c        0x4 CMakeFiles/resolver.dir/home/pi/pico/pico-sdk/src/rp2_common/pico_standard_link/binary_info.c.obj
 .binary_info.keep.__bi_ptr40
                0x10005f40        0x4 CMakeFiles/resolver.dir/home/pi/pico/pico-sdk/src/rp2_common/pico_standard_link/binary_info.c.obj
 .binary_info.keep.__bi_ptr46
                0x10005f44        0x4 CMakeFiles/resolver.dir/home/pi/pico/pico-sdk/src/rp2_common/pico_standard_link/binary_info.c.obj
 .binary_info.keep.__bi_ptr65
                0x10005f48        0x4 CMakeFiles/resolver.dir/home/pi/pico/pico-sdk/src/rp2_common/pico_standard_link/binary_info.c.obj
 .binary_info.keep.__bi_ptr71
                0x10005f4c        0x4 CMakeFiles/resolver.dir/home/pi/pico/pico-sdk/src/rp2_common/pico_standard_link/binary_info.c.obj
 .binary_info.keep.__bi_ptr77
                0x10005f50        0x4 CMakeFiles/resolver.dir/home/pi/pico/pico-sdk/src/rp2_common/pico_standard_link/binary_info.c.obj
 *(.binary_info.*)
 .binary_info.__bi_ptr28
                0x10005f54        0x4 CMakeFiles/resolver.dir/home/pi/pico/pico-sdk/src/rp2_common/pico_stdio_uart/stdio_uart.c.obj
 .binary_info.__bi_ptr29
                0x10005f58        0x4 CMakeFiles/resolver.dir/home/pi/pico/pico-sdk/src/rp2_common/pico_stdio_uart/stdio_uart.c.obj
                0x10005f5c                __binary_info_end = .
                0x10005f5c                . = ALIGN (0x4)
                0x10005f5c                __etext = .

.ram_vector_table
                0x20000000       0xc0
 *(.ram_vector_table)
 .ram_vector_table
                0x20000000       0xc0 CMakeFiles/resolver.dir/home/pi/pico/pico-sdk/src/rp2_common/pico_runtime/runtime.c.obj
                0x20000000                ram_vector_table

.data           0x200000c0      0x1e8 load address 0x10005f5c
                0x200000c0                __data_start__ = .
 *(vtable)
 *(.time_critical*)
 .time_critical.mutex_enter_blocking
                0x200000c0       0x64 CMakeFiles/resolver.dir/home/pi/pico/pico-sdk/src/common/pico_sync/mutex.c.obj
                0x200000c0                mutex_enter_blocking
 .time_critical.mutex_try_enter
                0x20000124       0x48 CMakeFiles/resolver.dir/home/pi/pico/pico-sdk/src/common/pico_sync/mutex.c.obj
                0x20000124                mutex_try_enter
 .time_critical.mutex_exit
                0x2000016c       0x4c CMakeFiles/resolver.dir/home/pi/pico/pico-sdk/src/common/pico_sync/mutex.c.obj
                0x2000016c                mutex_exit
 *(.text*)
 .text          0x200001b8        0x4 /usr/lib/gcc/arm-none-eabi/7.3.1/thumb/v6-m/libgcc.a(_dvmd_tls.o)
                0x200001b8                __aeabi_ldiv0
                0x200001b8                __aeabi_idiv0
 *fill*         0x200001bc        0x4 
 .text.__stub   0x200001c0       0x10 linker stubs
                0x200001d0                . = ALIGN (0x4)
 *(.rodata*)
                0x200001d0                . = ALIGN (0x4)
 *(.data*)
 .data.timeoffset
                0x200001d0        0x4 CMakeFiles/resolver.dir/resolver.c.obj
                0x200001d0                timeoffset
 .data.striped_spin_lock_num
                0x200001d4        0x1 CMakeFiles/resolver.dir/home/pi/pico/pico-sdk/src/rp2_common/hardware_sync/sync.c.obj
 *fill*         0x200001d5        0x3 
 .data.default_alarm_pool
                0x200001d8       0x18 CMakeFiles/resolver.dir/home/pi/pico/pico-sdk/src/common/pico_time/time.c.obj
 .data.default_alarm_pool_heap
                0x200001f0       0x10 CMakeFiles/resolver.dir/home/pi/pico/pico-sdk/src/common/pico_time/time.c.obj
 .data          0x20000200       0x48 CMakeFiles/resolver.dir/home/pi/pico/pico-sdk/src/rp2_common/hardware_irq/irq_handler_chain.S.obj
                0x20000200                irq_handler_chain_slots
                0x20000230                irq_handler_chain_first_slot
                0x2000023a                irq_handler_chain_remove_tail
 *fill*         0x20000248        0x8 
 .data.aeabi_bits_funcs
                0x20000250       0x10 CMakeFiles/resolver.dir/home/pi/pico/pico-sdk/src/rp2_common/pico_bit_ops/bit_ops_aeabi.S.obj
                0x20000250                aeabi_bits_funcs
                0x20000260                aeabi_bits_funcs_end
 .data.aeabi_mem_funcs
                0x20000260       0x10 CMakeFiles/resolver.dir/home/pi/pico/pico-sdk/src/rp2_common/pico_mem_ops/mem_ops_aeabi.S.obj
                0x20000260                aeabi_mem_funcs
                0x20000270                aeabi_mem_funcs_end
 .data.stdio_uart
                0x20000270       0x14 CMakeFiles/resolver.dir/home/pi/pico/pico-sdk/src/rp2_common/pico_stdio_uart/stdio_uart.c.obj
                0x20000270                stdio_uart
                0x20000284                . = ALIGN (0x4)
 *(.after_data.*)
                0x20000284                . = ALIGN (0x4)
                0x20000284                PROVIDE (__mutex_array_start = .)
 *(SORT_BY_NAME(.mutex_array.*))
 *(.mutex_array)
 .mutex_array   0x20000284        0x8 CMakeFiles/resolver.dir/home/pi/pico/pico-sdk/src/rp2_common/pico_malloc/pico_malloc.c.obj
 .mutex_array   0x2000028c        0x8 CMakeFiles/resolver.dir/home/pi/pico/pico-sdk/src/rp2_common/pico_stdio/stdio.c.obj
                0x20000294                PROVIDE (__mutex_array_end = .)
                0x20000294                . = ALIGN (0x4)
                0x20000294                PROVIDE (__preinit_array_start = .)
 *(SORT_BY_NAME(.preinit_array.*))
 .preinit_array.00001
                0x20000294        0x4 CMakeFiles/resolver.dir/home/pi/pico/pico-sdk/src/rp2_common/pico_mem_ops/mem_ops_aeabi.S.obj
 .preinit_array.00010
                0x20000298        0x4 CMakeFiles/resolver.dir/home/pi/pico/pico-sdk/src/rp2_common/pico_bit_ops/bit_ops_aeabi.S.obj
 .preinit_array.00020
                0x2000029c        0x4 CMakeFiles/resolver.dir/home/pi/pico/pico-sdk/src/rp2_common/pico_double/double_aeabi.S.obj
 .preinit_array.00020
                0x200002a0        0x4 CMakeFiles/resolver.dir/home/pi/pico/pico-sdk/src/rp2_common/pico_float/float_aeabi.S.obj
 *(.preinit_array)
                0x200002a4                PROVIDE (__preinit_array_end = .)
                0x200002a4                . = ALIGN (0x4)
                0x200002a4                PROVIDE (__init_array_start = .)
 *(SORT_BY_NAME(.init_array.*))
 *(.init_array)
 .init_array    0x200002a4        0x4 /usr/lib/gcc/arm-none-eabi/7.3.1/thumb/v6-m/crtbegin.o
                0x200002a8                PROVIDE (__init_array_end = .)
                0x200002a8                . = ALIGN (0x4)
                0x200002a8                PROVIDE (__fini_array_start = .)
 *(SORT_BY_NAME(.fini_array.*))
 *(.fini_array)
                0x200002a8                PROVIDE (__fini_array_end = .)
 *(.jcr)
                0x200002a8                . = ALIGN (0x4)
                0x200002a8                __data_end__ = .

.tm_clone_table
                0x200002a8        0x0 load address 0x10006144
 .tm_clone_table
                0x200002a8        0x0 /usr/lib/gcc/arm-none-eabi/7.3.1/thumb/v6-m/crtbegin.o
 .tm_clone_table
                0x200002a8        0x0 /usr/lib/gcc/arm-none-eabi/7.3.1/thumb/v6-m/crtend.o

.igot.plt       0x200002a8        0x0 load address 0x10006144
 .igot.plt      0x200002a8        0x0 /usr/lib/gcc/arm-none-eabi/7.3.1/thumb/v6-m/crtbegin.o

.uninitialized_data
                0x200002a8        0x0 load address 0x10006144
                0x200002a8                . = ALIGN (0x4)
 *(.uninitialized_data*)

.scratch_x      0x20040000        0x0 load address 0x10006144
                0x20040000                __scratch_x_start__ = .
 *(.scratch_x.*)
                0x20040000                . = ALIGN (0x4)
                0x20040000                __scratch_x_end__ = .
                0x10006144                __scratch_x_source__ = LOADADDR (.scratch_x)

.scratch_y      0x20041000        0x0 load address 0x10006144
                0x20041000                __scratch_y_start__ = .
 *(.scratch_y.*)
                0x20041000                . = ALIGN (0x4)
                0x20041000                __scratch_y_end__ = .
                0x10006144                __scratch_y_source__ = LOADADDR (.scratch_y)

.bss            0x200002a8      0x42c
                0x200002a8                . = ALIGN (0x4)
                0x200002a8                __bss_start__ = .
 *(SORT_BY_ALIGNMENT(SORT_BY_NAME(.bss*)))
 .bss.Winkel    0x200002a8        0x8 CMakeFiles/resolver.dir/resolver.c.obj
                0x200002a8                Winkel
 .bss.default_alarm_pool_entries
                0x200002b0      0x100 CMakeFiles/resolver.dir/home/pi/pico/pico-sdk/src/common/pico_time/time.c.obj
 .bss.offsetx   0x200003b0        0x8 CMakeFiles/resolver.dir/resolver.c.obj
                0x200003b0                offsetx
 .bss.offsety   0x200003b8        0x8 CMakeFiles/resolver.dir/resolver.c.obj
                0x200003b8                offsety
 .bss.sumdx     0x200003c0        0x8 CMakeFiles/resolver.dir/resolver.c.obj
                0x200003c0                sumdx
 .bss.sumdy     0x200003c8        0x8 CMakeFiles/resolver.dir/resolver.c.obj
                0x200003c8                sumdy
 .bss.sumsquaredx
                0x200003d0        0x8 CMakeFiles/resolver.dir/resolver.c.obj
                0x200003d0                sumsquaredx
 .bss.sumsquaredy
                0x200003d8        0x8 CMakeFiles/resolver.dir/resolver.c.obj
                0x200003d8                sumsquaredy
 .bss.x         0x200003e0        0x8 CMakeFiles/resolver.dir/resolver.c.obj
                0x200003e0                x
 .bss.y         0x200003e8        0x8 CMakeFiles/resolver.dir/resolver.c.obj
                0x200003e8                y
 .bss           0x200003f0       0x1c /usr/lib/gcc/arm-none-eabi/7.3.1/thumb/v6-m/crtbegin.o
 .bss.alarm_callbacks
                0x2000040c       0x10 CMakeFiles/resolver.dir/home/pi/pico/pico-sdk/src/rp2_common/hardware_timer/timer.c.obj
 .bss.configured_freq
                0x2000041c       0x28 CMakeFiles/resolver.dir/home/pi/pico/pico-sdk/src/rp2_common/hardware_clocks/clocks.c.obj
 .bss.default_alarm_pool_entry_ids_high
                0x20000444       0x10 CMakeFiles/resolver.dir/home/pi/pico/pico-sdk/src/common/pico_time/time.c.obj
 .bss.default_alarm_pool_heap_nodes
                0x20000454       0x30 CMakeFiles/resolver.dir/home/pi/pico/pico-sdk/src/common/pico_time/time.c.obj
 .bss.drivers   0x20000484        0x4 CMakeFiles/resolver.dir/home/pi/pico/pico-sdk/src/rp2_common/pico_stdio/stdio.c.obj
 .bss.filter    0x20000488        0x4 CMakeFiles/resolver.dir/home/pi/pico/pico-sdk/src/rp2_common/pico_stdio/stdio.c.obj
 .bss.i         0x2000048c        0x4 CMakeFiles/resolver.dir/resolver.c.obj
                0x2000048c                i
 .bss.p         0x20000490        0x4 CMakeFiles/resolver.dir/resolver.c.obj
                0x20000490                p
 .bss.pools     0x20000494       0x10 CMakeFiles/resolver.dir/home/pi/pico/pico-sdk/src/common/pico_time/time.c.obj
 .bss.target_hi
                0x200004a4       0x10 CMakeFiles/resolver.dir/home/pi/pico/pico-sdk/src/rp2_common/hardware_timer/timer.c.obj
 .bss.uart_instance
                0x200004b4        0x4 CMakeFiles/resolver.dir/home/pi/pico/pico-sdk/src/rp2_common/pico_stdio_uart/stdio_uart.c.obj
 .bss.w         0x200004b8        0x4 CMakeFiles/resolver.dir/resolver.c.obj
                0x200004b8                w
 .bss.claimed   0x200004bc        0x1 CMakeFiles/resolver.dir/home/pi/pico/pico-sdk/src/rp2_common/hardware_timer/timer.c.obj
 .bss.irq_hander_chain_free_slot_head
                0x200004bd        0x1 CMakeFiles/resolver.dir/home/pi/pico/pico-sdk/src/rp2_common/hardware_irq/irq.c.obj
 .bss.timer_callbacks_pending
                0x200004be        0x1 CMakeFiles/resolver.dir/home/pi/pico/pico-sdk/src/rp2_common/hardware_timer/timer.c.obj
 *(COMMON)
 *fill*         0x200004bf        0x1 
 COMMON         0x200004c0        0xc CMakeFiles/resolver.dir/resolver.c.obj
                0x200004c0                mutex
                0x200004c8                slice_num
 COMMON         0x200004cc        0x4 CMakeFiles/resolver.dir/home/pi/pico/pico-sdk/src/rp2_common/hardware_uart/uart.c.obj
                0x200004cc                uart_char_to_line_feed
 COMMON         0x200004d0      0x100 CMakeFiles/resolver.dir/home/pi/pico/pico-sdk/src/rp2_common/pico_double/double_init_rom.c.obj
                0x200004d0                sd_table
 COMMON         0x200005d0      0x104 CMakeFiles/resolver.dir/home/pi/pico/pico-sdk/src/rp2_common/pico_float/float_init_rom.c.obj
                0x200005d0                sf_table
                0x200006d0                sf_clz_func
                0x200006d4                . = ALIGN (0x4)
                0x200006d4                __bss_end__ = .

.heap           0x200006d4      0x800
                0x200006d4                __end__ = .
                0x200006d4                end = __end__
 *(.heap*)
 .heap          0x200006d4      0x800 CMakeFiles/resolver.dir/home/pi/pico/pico-sdk/src/rp2_common/pico_standard_link/crt0.S.obj
                0x20000ed4                __HeapLimit = .

.stack1_dummy   0x20040000        0x0
 *(.stack1*)

.stack_dummy    0x20041000      0x800
 *(.stack*)
 .stack         0x20041000      0x800 CMakeFiles/resolver.dir/home/pi/pico/pico-sdk/src/rp2_common/pico_standard_link/crt0.S.obj

.flash_end      0x10006144        0x0
                0x10006144                __flash_binary_end = .
                0x20040000                __StackLimit = (ORIGIN (RAM) + LENGTH (RAM))
                0x20041000                __StackOneTop = (ORIGIN (SCRATCH_X) + LENGTH (SCRATCH_X))
                0x20042000                __StackTop = (ORIGIN (SCRATCH_Y) + LENGTH (SCRATCH_Y))
                0x20041000                __StackOneBottom = (__StackOneTop - SIZEOF (.stack1_dummy))
                0x20041800                __StackBottom = (__StackTop - SIZEOF (.stack_dummy))
                0x20042000                PROVIDE (__stack = __StackTop)
                0x00000001                ASSERT ((__StackLimit >= __HeapLimit), region RAM overflowed)
                0x00000001                ASSERT (((__binary_info_header_end - __logical_binary_start) <= 0x100), Binary info must be in first 256 bytes of the binary)
LOAD CMakeFiles/resolver.dir/resolver.c.obj
LOAD CMakeFiles/resolver.dir/home/pi/pico/pico-sdk/src/rp2_common/pico_stdlib/stdlib.c.obj
LOAD CMakeFiles/resolver.dir/home/pi/pico/pico-sdk/src/rp2_common/hardware_gpio/gpio.c.obj
LOAD CMakeFiles/resolver.dir/home/pi/pico/pico-sdk/src/rp2_common/hardware_claim/claim.c.obj
LOAD CMakeFiles/resolver.dir/home/pi/pico/pico-sdk/src/rp2_common/hardware_sync/sync.c.obj
LOAD CMakeFiles/resolver.dir/home/pi/pico/pico-sdk/src/rp2_common/pico_platform/platform.c.obj
LOAD CMakeFiles/resolver.dir/home/pi/pico/pico-sdk/src/rp2_common/hardware_uart/uart.c.obj
LOAD CMakeFiles/resolver.dir/home/pi/pico/pico-sdk/src/rp2_common/hardware_divider/divider.S.obj
LOAD CMakeFiles/resolver.dir/home/pi/pico/pico-sdk/src/common/pico_time/time.c.obj
LOAD CMakeFiles/resolver.dir/home/pi/pico/pico-sdk/src/common/pico_time/timeout_helper.c.obj
LOAD CMakeFiles/resolver.dir/home/pi/pico/pico-sdk/src/rp2_common/hardware_timer/timer.c.obj
LOAD CMakeFiles/resolver.dir/home/pi/pico/pico-sdk/src/common/pico_sync/sem.c.obj
LOAD CMakeFiles/resolver.dir/home/pi/pico/pico-sdk/src/common/pico_sync/lock_core.c.obj
LOAD CMakeFiles/resolver.dir/home/pi/pico/pico-sdk/src/common/pico_sync/mutex.c.obj
LOAD CMakeFiles/resolver.dir/home/pi/pico/pico-sdk/src/common/pico_sync/critical_section.c.obj
LOAD CMakeFiles/resolver.dir/home/pi/pico/pico-sdk/src/common/pico_util/datetime.c.obj
LOAD CMakeFiles/resolver.dir/home/pi/pico/pico-sdk/src/common/pico_util/pheap.c.obj
LOAD CMakeFiles/resolver.dir/home/pi/pico/pico-sdk/src/common/pico_util/queue.c.obj
LOAD CMakeFiles/resolver.dir/home/pi/pico/pico-sdk/src/rp2_common/pico_runtime/runtime.c.obj
LOAD CMakeFiles/resolver.dir/home/pi/pico/pico-sdk/src/rp2_common/hardware_clocks/clocks.c.obj
LOAD CMakeFiles/resolver.dir/home/pi/pico/pico-sdk/src/rp2_common/hardware_watchdog/watchdog.c.obj
LOAD CMakeFiles/resolver.dir/home/pi/pico/pico-sdk/src/rp2_common/hardware_xosc/xosc.c.obj
LOAD CMakeFiles/resolver.dir/home/pi/pico/pico-sdk/src/rp2_common/hardware_pll/pll.c.obj
LOAD CMakeFiles/resolver.dir/home/pi/pico/pico-sdk/src/rp2_common/hardware_vreg/vreg.c.obj
LOAD CMakeFiles/resolver.dir/home/pi/pico/pico-sdk/src/rp2_common/hardware_irq/irq.c.obj
LOAD CMakeFiles/resolver.dir/home/pi/pico/pico-sdk/src/rp2_common/hardware_irq/irq_handler_chain.S.obj
LOAD CMakeFiles/resolver.dir/home/pi/pico/pico-sdk/src/rp2_common/pico_printf/printf.c.obj
LOAD CMakeFiles/resolver.dir/home/pi/pico/pico-sdk/src/rp2_common/pico_bit_ops/bit_ops_aeabi.S.obj
LOAD CMakeFiles/resolver.dir/home/pi/pico/pico-sdk/src/rp2_common/pico_bootrom/bootrom.c.obj
LOAD CMakeFiles/resolver.dir/home/pi/pico/pico-sdk/src/rp2_common/pico_divider/divider.S.obj
LOAD CMakeFiles/resolver.dir/home/pi/pico/pico-sdk/src/rp2_common/pico_double/double_aeabi.S.obj
LOAD CMakeFiles/resolver.dir/home/pi/pico/pico-sdk/src/rp2_common/pico_double/double_init_rom.c.obj
LOAD CMakeFiles/resolver.dir/home/pi/pico/pico-sdk/src/rp2_common/pico_double/double_math.c.obj
LOAD CMakeFiles/resolver.dir/home/pi/pico/pico-sdk/src/rp2_common/pico_double/double_v1_rom_shim.S.obj
LOAD CMakeFiles/resolver.dir/home/pi/pico/pico-sdk/src/rp2_common/pico_int64_ops/pico_int64_ops_aeabi.S.obj
LOAD CMakeFiles/resolver.dir/home/pi/pico/pico-sdk/src/rp2_common/pico_float/float_aeabi.S.obj
LOAD CMakeFiles/resolver.dir/home/pi/pico/pico-sdk/src/rp2_common/pico_float/float_init_rom.c.obj
LOAD CMakeFiles/resolver.dir/home/pi/pico/pico-sdk/src/rp2_common/pico_float/float_math.c.obj
LOAD CMakeFiles/resolver.dir/home/pi/pico/pico-sdk/src/rp2_common/pico_float/float_v1_rom_shim.S.obj
LOAD CMakeFiles/resolver.dir/home/pi/pico/pico-sdk/src/rp2_common/pico_malloc/pico_malloc.c.obj
LOAD CMakeFiles/resolver.dir/home/pi/pico/pico-sdk/src/rp2_common/pico_mem_ops/mem_ops_aeabi.S.obj
LOAD CMakeFiles/resolver.dir/home/pi/pico/pico-sdk/src/rp2_common/pico_standard_link/crt0.S.obj
LOAD CMakeFiles/resolver.dir/home/pi/pico/pico-sdk/src/rp2_common/pico_standard_link/new_delete.cpp.obj
LOAD CMakeFiles/resolver.dir/home/pi/pico/pico-sdk/src/rp2_common/pico_standard_link/binary_info.c.obj
LOAD CMakeFiles/resolver.dir/home/pi/pico/pico-sdk/src/rp2_common/pico_stdio/stdio.c.obj
LOAD CMakeFiles/resolver.dir/home/pi/pico/pico-sdk/src/rp2_common/pico_stdio_uart/stdio_uart.c.obj
LOAD CMakeFiles/resolver.dir/home/pi/pico/pico-sdk/src/rp2_common/pico_multicore/multicore.c.obj
LOAD CMakeFiles/resolver.dir/home/pi/pico/pico-sdk/src/rp2_common/hardware_adc/adc.c.obj
LOAD /tmp/ccC47qwT.o
LOAD /usr/lib/gcc/arm-none-eabi/7.3.1/../../../arm-none-eabi/lib/thumb/v6-m/libstdc++.a
LOAD /usr/lib/gcc/arm-none-eabi/7.3.1/../../../arm-none-eabi/lib/thumb/v6-m/libm.a
START GROUP
LOAD /usr/lib/gcc/arm-none-eabi/7.3.1/thumb/v6-m/libgcc.a
LOAD /usr/lib/gcc/arm-none-eabi/7.3.1/../../../arm-none-eabi/lib/thumb/v6-m/libg.a
LOAD /usr/lib/gcc/arm-none-eabi/7.3.1/../../../arm-none-eabi/lib/thumb/v6-m/libc.a
END GROUP
START GROUP
LOAD /usr/lib/gcc/arm-none-eabi/7.3.1/thumb/v6-m/libgcc.a
LOAD /usr/lib/gcc/arm-none-eabi/7.3.1/../../../arm-none-eabi/lib/thumb/v6-m/libc.a
LOAD /usr/lib/gcc/arm-none-eabi/7.3.1/../../../arm-none-eabi/lib/thumb/v6-m/libnosys.a
END GROUP
LOAD /usr/lib/gcc/arm-none-eabi/7.3.1/thumb/v6-m/crtend.o
LOAD /usr/lib/gcc/arm-none-eabi/7.3.1/thumb/v6-m/crtn.o
OUTPUT(resolver.elf elf32-littlearm)

.ARM.attributes
                0x00000000       0x28
 .ARM.attributes
                0x00000000       0x1e /usr/lib/gcc/arm-none-eabi/7.3.1/thumb/v6-m/crti.o
 .ARM.attributes
                0x0000001e       0x2c /usr/lib/gcc/arm-none-eabi/7.3.1/thumb/v6-m/crtbegin.o
 .ARM.attributes
                0x0000004a       0x32 CMakeFiles/resolver.dir/resolver.c.obj
 .ARM.attributes
                0x0000007c       0x32 CMakeFiles/resolver.dir/home/pi/pico/pico-sdk/src/rp2_common/hardware_gpio/gpio.c.obj
 .ARM.attributes
                0x000000ae       0x32 CMakeFiles/resolver.dir/home/pi/pico/pico-sdk/src/rp2_common/hardware_claim/claim.c.obj
 .ARM.attributes
                0x000000e0       0x32 CMakeFiles/resolver.dir/home/pi/pico/pico-sdk/src/rp2_common/hardware_sync/sync.c.obj
 .ARM.attributes
                0x00000112       0x32 CMakeFiles/resolver.dir/home/pi/pico/pico-sdk/src/rp2_common/pico_platform/platform.c.obj
 .ARM.attributes
                0x00000144       0x32 CMakeFiles/resolver.dir/home/pi/pico/pico-sdk/src/rp2_common/hardware_uart/uart.c.obj
 .ARM.attributes
                0x00000176       0x32 CMakeFiles/resolver.dir/home/pi/pico/pico-sdk/src/common/pico_time/time.c.obj
 .ARM.attributes
                0x000001a8       0x32 CMakeFiles/resolver.dir/home/pi/pico/pico-sdk/src/rp2_common/hardware_timer/timer.c.obj
 .ARM.attributes
                0x000001da       0x32 CMakeFiles/resolver.dir/home/pi/pico/pico-sdk/src/common/pico_sync/lock_core.c.obj
 .ARM.attributes
                0x0000020c       0x32 CMakeFiles/resolver.dir/home/pi/pico/pico-sdk/src/common/pico_sync/mutex.c.obj
 .ARM.attributes
                0x0000023e       0x32 CMakeFiles/resolver.dir/home/pi/pico/pico-sdk/src/common/pico_util/pheap.c.obj
 .ARM.attributes
                0x00000270       0x32 CMakeFiles/resolver.dir/home/pi/pico/pico-sdk/src/rp2_common/pico_runtime/runtime.c.obj
 .ARM.attributes
                0x000002a2       0x32 CMakeFiles/resolver.dir/home/pi/pico/pico-sdk/src/rp2_common/hardware_clocks/clocks.c.obj
 .ARM.attributes
                0x000002d4       0x32 CMakeFiles/resolver.dir/home/pi/pico/pico-sdk/src/rp2_common/hardware_watchdog/watchdog.c.obj
 .ARM.attributes
                0x00000306       0x32 CMakeFiles/resolver.dir/home/pi/pico/pico-sdk/src/rp2_common/hardware_xosc/xosc.c.obj
 .ARM.attributes
                0x00000338       0x32 CMakeFiles/resolver.dir/home/pi/pico/pico-sdk/src/rp2_common/hardware_pll/pll.c.obj
 .ARM.attributes
                0x0000036a       0x32 CMakeFiles/resolver.dir/home/pi/pico/pico-sdk/src/rp2_common/hardware_irq/irq.c.obj
 .ARM.attributes
                0x0000039c       0x22 CMakeFiles/resolver.dir/home/pi/pico/pico-sdk/src/rp2_common/hardware_irq/irq_handler_chain.S.obj
 .ARM.attributes
                0x000003be       0x32 CMakeFiles/resolver.dir/home/pi/pico/pico-sdk/src/rp2_common/pico_printf/printf.c.obj
 .ARM.attributes
                0x000003f0       0x22 CMakeFiles/resolver.dir/home/pi/pico/pico-sdk/src/rp2_common/pico_bit_ops/bit_ops_aeabi.S.obj
 .ARM.attributes
                0x00000412       0x32 CMakeFiles/resolver.dir/home/pi/pico/pico-sdk/src/rp2_common/pico_bootrom/bootrom.c.obj
 .ARM.attributes
                0x00000444       0x22 CMakeFiles/resolver.dir/home/pi/pico/pico-sdk/src/rp2_common/pico_divider/divider.S.obj
 .ARM.attributes
                0x00000466       0x22 CMakeFiles/resolver.dir/home/pi/pico/pico-sdk/src/rp2_common/pico_double/double_aeabi.S.obj
 .ARM.attributes
                0x00000488       0x32 CMakeFiles/resolver.dir/home/pi/pico/pico-sdk/src/rp2_common/pico_double/double_init_rom.c.obj
 .ARM.attributes
                0x000004ba       0x32 CMakeFiles/resolver.dir/home/pi/pico/pico-sdk/src/rp2_common/pico_double/double_math.c.obj
 .ARM.attributes
                0x000004ec       0x22 CMakeFiles/resolver.dir/home/pi/pico/pico-sdk/src/rp2_common/pico_double/double_v1_rom_shim.S.obj
 .ARM.attributes
                0x0000050e       0x22 CMakeFiles/resolver.dir/home/pi/pico/pico-sdk/src/rp2_common/pico_int64_ops/pico_int64_ops_aeabi.S.obj
 .ARM.attributes
                0x00000530       0x22 CMakeFiles/resolver.dir/home/pi/pico/pico-sdk/src/rp2_common/pico_float/float_aeabi.S.obj
 .ARM.attributes
                0x00000552       0x32 CMakeFiles/resolver.dir/home/pi/pico/pico-sdk/src/rp2_common/pico_float/float_init_rom.c.obj
 .ARM.attributes
                0x00000584       0x22 CMakeFiles/resolver.dir/home/pi/pico/pico-sdk/src/rp2_common/pico_float/float_v1_rom_shim.S.obj
 .ARM.attributes
                0x000005a6       0x32 CMakeFiles/resolver.dir/home/pi/pico/pico-sdk/src/rp2_common/pico_malloc/pico_malloc.c.obj
 .ARM.attributes
                0x000005d8       0x22 CMakeFiles/resolver.dir/home/pi/pico/pico-sdk/src/rp2_common/pico_mem_ops/mem_ops_aeabi.S.obj
 .ARM.attributes
                0x000005fa       0x22 CMakeFiles/resolver.dir/home/pi/pico/pico-sdk/src/rp2_common/pico_standard_link/crt0.S.obj
 .ARM.attributes
                0x0000061c       0x32 CMakeFiles/resolver.dir/home/pi/pico/pico-sdk/src/rp2_common/pico_standard_link/binary_info.c.obj
 .ARM.attributes
                0x0000064e       0x32 CMakeFiles/resolver.dir/home/pi/pico/pico-sdk/src/rp2_common/pico_stdio/stdio.c.obj
 .ARM.attributes
                0x00000680       0x32 CMakeFiles/resolver.dir/home/pi/pico/pico-sdk/src/rp2_common/pico_stdio_uart/stdio_uart.c.obj
 .ARM.attributes
                0x000006b2       0x32 CMakeFiles/resolver.dir/home/pi/pico/pico-sdk/src/rp2_common/hardware_adc/adc.c.obj
 .ARM.attributes
                0x000006e4       0x22 /tmp/ccC47qwT.o
 .ARM.attributes
                0x00000706       0x1e /usr/lib/gcc/arm-none-eabi/7.3.1/thumb/v6-m/libgcc.a(_dvmd_tls.o)
 .ARM.attributes
                0x00000724       0x2c /usr/lib/gcc/arm-none-eabi/7.3.1/../../../arm-none-eabi/lib/thumb/v6-m/libg.a(lib_a-strlen-stub.o)
 .ARM.attributes
                0x00000750       0x2c /usr/lib/gcc/arm-none-eabi/7.3.1/thumb/v6-m/crtend.o

.comment        0x00000000       0xae
 .comment       0x00000000       0x57 /usr/lib/gcc/arm-none-eabi/7.3.1/thumb/v6-m/crtbegin.o
                                 0x58 (size before relaxing)
 .comment       0x00000057       0x58 CMakeFiles/resolver.dir/resolver.c.obj
 .comment       0x00000057       0x58 CMakeFiles/resolver.dir/home/pi/pico/pico-sdk/src/rp2_common/hardware_gpio/gpio.c.obj
 .comment       0x00000057       0x58 CMakeFiles/resolver.dir/home/pi/pico/pico-sdk/src/rp2_common/hardware_claim/claim.c.obj
 .comment       0x00000057       0x58 CMakeFiles/resolver.dir/home/pi/pico/pico-sdk/src/rp2_common/hardware_sync/sync.c.obj
 .comment       0x00000057       0x58 CMakeFiles/resolver.dir/home/pi/pico/pico-sdk/src/rp2_common/pico_platform/platform.c.obj
 .comment       0x00000057       0x58 CMakeFiles/resolver.dir/home/pi/pico/pico-sdk/src/rp2_common/hardware_uart/uart.c.obj
 .comment       0x00000057       0x58 CMakeFiles/resolver.dir/home/pi/pico/pico-sdk/src/common/pico_time/time.c.obj
 .comment       0x00000057       0x58 CMakeFiles/resolver.dir/home/pi/pico/pico-sdk/src/rp2_common/hardware_timer/timer.c.obj
 .comment       0x00000057       0x58 CMakeFiles/resolver.dir/home/pi/pico/pico-sdk/src/common/pico_sync/lock_core.c.obj
 .comment       0x00000057       0x58 CMakeFiles/resolver.dir/home/pi/pico/pico-sdk/src/common/pico_sync/mutex.c.obj
 .comment       0x00000057       0x58 CMakeFiles/resolver.dir/home/pi/pico/pico-sdk/src/common/pico_util/pheap.c.obj
 .comment       0x00000057       0x58 CMakeFiles/resolver.dir/home/pi/pico/pico-sdk/src/rp2_common/pico_runtime/runtime.c.obj
 .comment       0x00000057       0x58 CMakeFiles/resolver.dir/home/pi/pico/pico-sdk/src/rp2_common/hardware_clocks/clocks.c.obj
 .comment       0x00000057       0x58 CMakeFiles/resolver.dir/home/pi/pico/pico-sdk/src/rp2_common/hardware_watchdog/watchdog.c.obj
 .comment       0x00000057       0x58 CMakeFiles/resolver.dir/home/pi/pico/pico-sdk/src/rp2_common/hardware_xosc/xosc.c.obj
 .comment       0x00000057       0x58 CMakeFiles/resolver.dir/home/pi/pico/pico-sdk/src/rp2_common/hardware_pll/pll.c.obj
 .comment       0x00000057       0x58 CMakeFiles/resolver.dir/home/pi/pico/pico-sdk/src/rp2_common/hardware_irq/irq.c.obj
 .comment       0x00000057       0x58 CMakeFiles/resolver.dir/home/pi/pico/pico-sdk/src/rp2_common/pico_printf/printf.c.obj
 .comment       0x00000057       0x58 CMakeFiles/resolver.dir/home/pi/pico/pico-sdk/src/rp2_common/pico_bootrom/bootrom.c.obj
 .comment       0x00000057       0x58 CMakeFiles/resolver.dir/home/pi/pico/pico-sdk/src/rp2_common/pico_double/double_init_rom.c.obj
 .comment       0x00000057       0x58 CMakeFiles/resolver.dir/home/pi/pico/pico-sdk/src/rp2_common/pico_double/double_math.c.obj
 .comment       0x00000057       0x58 CMakeFiles/resolver.dir/home/pi/pico/pico-sdk/src/rp2_common/pico_float/float_init_rom.c.obj
 .comment       0x00000057       0x58 CMakeFiles/resolver.dir/home/pi/pico/pico-sdk/src/rp2_common/pico_malloc/pico_malloc.c.obj
 .comment       0x00000057       0x58 CMakeFiles/resolver.dir/home/pi/pico/pico-sdk/src/rp2_common/pico_standard_link/binary_info.c.obj
 .comment       0x00000057       0x58 CMakeFiles/resolver.dir/home/pi/pico/pico-sdk/src/rp2_common/pico_stdio/stdio.c.obj
 .comment       0x00000057       0x58 CMakeFiles/resolver.dir/home/pi/pico/pico-sdk/src/rp2_common/pico_stdio_uart/stdio_uart.c.obj
 .comment       0x00000057       0x58 CMakeFiles/resolver.dir/home/pi/pico/pico-sdk/src/rp2_common/hardware_adc/adc.c.obj
 .comment       0x00000057       0x57 /usr/lib/gcc/arm-none-eabi/7.3.1/../../../arm-none-eabi/lib/thumb/v6-m/libg.a(lib_a-strlen-stub.o)
                                 0x58 (size before relaxing)
 .comment       0x000000ae       0x58 /usr/lib/gcc/arm-none-eabi/7.3.1/thumb/v6-m/crtend.o

.debug_info     0x00000000    0x184a7
 .debug_info    0x00000000     0x1961 CMakeFiles/resolver.dir/resolver.c.obj
 .debug_info    0x00001961      0xef2 CMakeFiles/resolver.dir/home/pi/pico/pico-sdk/src/rp2_common/hardware_gpio/gpio.c.obj
 .debug_info    0x00002853      0x54e CMakeFiles/resolver.dir/home/pi/pico/pico-sdk/src/rp2_common/hardware_claim/claim.c.obj
 .debug_info    0x00002da1      0x423 CMakeFiles/resolver.dir/home/pi/pico/pico-sdk/src/rp2_common/hardware_sync/sync.c.obj
 .debug_info    0x000031c4      0x1c6 CMakeFiles/resolver.dir/home/pi/pico/pico-sdk/src/rp2_common/pico_platform/platform.c.obj
 .debug_info    0x0000338a      0xa10 CMakeFiles/resolver.dir/home/pi/pico/pico-sdk/src/rp2_common/hardware_uart/uart.c.obj
 .debug_info    0x00003d9a     0x330c CMakeFiles/resolver.dir/home/pi/pico/pico-sdk/src/common/pico_time/time.c.obj
 .debug_info    0x000070a6      0xcb3 CMakeFiles/resolver.dir/home/pi/pico/pico-sdk/src/rp2_common/hardware_timer/timer.c.obj
 .debug_info    0x00007d59      0x161 CMakeFiles/resolver.dir/home/pi/pico/pico-sdk/src/common/pico_sync/lock_core.c.obj
 .debug_info    0x00007eba      0xac9 CMakeFiles/resolver.dir/home/pi/pico/pico-sdk/src/common/pico_sync/mutex.c.obj
 .debug_info    0x00008983     0x1842 CMakeFiles/resolver.dir/home/pi/pico/pico-sdk/src/common/pico_util/pheap.c.obj
 .debug_info    0x0000a1c5     0x10b9 CMakeFiles/resolver.dir/home/pi/pico/pico-sdk/src/rp2_common/pico_runtime/runtime.c.obj
 .debug_info    0x0000b27e      0xe4b CMakeFiles/resolver.dir/home/pi/pico/pico-sdk/src/rp2_common/hardware_clocks/clocks.c.obj
 .debug_info    0x0000c0c9      0xc21 CMakeFiles/resolver.dir/home/pi/pico/pico-sdk/src/rp2_common/hardware_watchdog/watchdog.c.obj
 .debug_info    0x0000ccea      0x1ed CMakeFiles/resolver.dir/home/pi/pico/pico-sdk/src/rp2_common/hardware_xosc/xosc.c.obj
 .debug_info    0x0000ced7      0x33b CMakeFiles/resolver.dir/home/pi/pico/pico-sdk/src/rp2_common/hardware_pll/pll.c.obj
 .debug_info    0x0000d212     0x154d CMakeFiles/resolver.dir/home/pi/pico/pico-sdk/src/rp2_common/hardware_irq/irq.c.obj
 .debug_info    0x0000e75f       0x26 CMakeFiles/resolver.dir/home/pi/pico/pico-sdk/src/rp2_common/hardware_irq/irq_handler_chain.S.obj
 .debug_info    0x0000e785     0x1d4b CMakeFiles/resolver.dir/home/pi/pico/pico-sdk/src/rp2_common/pico_printf/printf.c.obj
 .debug_info    0x000104d0       0x22 CMakeFiles/resolver.dir/home/pi/pico/pico-sdk/src/rp2_common/pico_bit_ops/bit_ops_aeabi.S.obj
 .debug_info    0x000104f2      0x1f5 CMakeFiles/resolver.dir/home/pi/pico/pico-sdk/src/rp2_common/pico_bootrom/bootrom.c.obj
 .debug_info    0x000106e7       0x22 CMakeFiles/resolver.dir/home/pi/pico/pico-sdk/src/rp2_common/pico_divider/divider.S.obj
 .debug_info    0x00010709       0x22 CMakeFiles/resolver.dir/home/pi/pico/pico-sdk/src/rp2_common/pico_double/double_aeabi.S.obj
 .debug_info    0x0001072b      0xa8a CMakeFiles/resolver.dir/home/pi/pico/pico-sdk/src/rp2_common/pico_double/double_init_rom.c.obj
 .debug_info    0x000111b5     0x2bf7 CMakeFiles/resolver.dir/home/pi/pico/pico-sdk/src/rp2_common/pico_double/double_math.c.obj
 .debug_info    0x00013dac       0x22 CMakeFiles/resolver.dir/home/pi/pico/pico-sdk/src/rp2_common/pico_double/double_v1_rom_shim.S.obj
 .debug_info    0x00013dce       0x26 CMakeFiles/resolver.dir/home/pi/pico/pico-sdk/src/rp2_common/pico_int64_ops/pico_int64_ops_aeabi.S.obj
 .debug_info    0x00013df4       0x22 CMakeFiles/resolver.dir/home/pi/pico/pico-sdk/src/rp2_common/pico_float/float_aeabi.S.obj
 .debug_info    0x00013e16      0xacc CMakeFiles/resolver.dir/home/pi/pico/pico-sdk/src/rp2_common/pico_float/float_init_rom.c.obj
 .debug_info    0x000148e2       0x22 CMakeFiles/resolver.dir/home/pi/pico/pico-sdk/src/rp2_common/pico_float/float_v1_rom_shim.S.obj
 .debug_info    0x00014904      0xb86 CMakeFiles/resolver.dir/home/pi/pico/pico-sdk/src/rp2_common/pico_malloc/pico_malloc.c.obj
 .debug_info    0x0001548a       0x22 CMakeFiles/resolver.dir/home/pi/pico/pico-sdk/src/rp2_common/pico_mem_ops/mem_ops_aeabi.S.obj
 .debug_info    0x000154ac       0x22 CMakeFiles/resolver.dir/home/pi/pico/pico-sdk/src/rp2_common/pico_standard_link/crt0.S.obj
 .debug_info    0x000154ce      0x2fa CMakeFiles/resolver.dir/home/pi/pico/pico-sdk/src/rp2_common/pico_standard_link/binary_info.c.obj
 .debug_info    0x000157c8     0x164d CMakeFiles/resolver.dir/home/pi/pico/pico-sdk/src/rp2_common/pico_stdio/stdio.c.obj
 .debug_info    0x00016e15      0xb13 CMakeFiles/resolver.dir/home/pi/pico/pico-sdk/src/rp2_common/pico_stdio_uart/stdio_uart.c.obj
 .debug_info    0x00017928      0x277 CMakeFiles/resolver.dir/home/pi/pico/pico-sdk/src/rp2_common/hardware_adc/adc.c.obj
 .debug_info    0x00017b9f       0x26 /usr/lib/gcc/arm-none-eabi/7.3.1/thumb/v6-m/libgcc.a(_dvmd_tls.o)
 .debug_info    0x00017bc5      0x8e2 /usr/lib/gcc/arm-none-eabi/7.3.1/../../../arm-none-eabi/lib/thumb/v6-m/libg.a(lib_a-strlen-stub.o)

.debug_abbrev   0x00000000     0x4a39
 .debug_abbrev  0x00000000      0x48d CMakeFiles/resolver.dir/resolver.c.obj
 .debug_abbrev  0x0000048d      0x2b0 CMakeFiles/resolver.dir/home/pi/pico/pico-sdk/src/rp2_common/hardware_gpio/gpio.c.obj
 .debug_abbrev  0x0000073d      0x200 CMakeFiles/resolver.dir/home/pi/pico/pico-sdk/src/rp2_common/hardware_claim/claim.c.obj
 .debug_abbrev  0x0000093d      0x1b6 CMakeFiles/resolver.dir/home/pi/pico/pico-sdk/src/rp2_common/hardware_sync/sync.c.obj
 .debug_abbrev  0x00000af3       0xde CMakeFiles/resolver.dir/home/pi/pico/pico-sdk/src/rp2_common/pico_platform/platform.c.obj
 .debug_abbrev  0x00000bd1      0x29c CMakeFiles/resolver.dir/home/pi/pico/pico-sdk/src/rp2_common/hardware_uart/uart.c.obj
 .debug_abbrev  0x00000e6d      0x573 CMakeFiles/resolver.dir/home/pi/pico/pico-sdk/src/common/pico_time/time.c.obj
 .debug_abbrev  0x000013e0      0x2ae CMakeFiles/resolver.dir/home/pi/pico/pico-sdk/src/rp2_common/hardware_timer/timer.c.obj
 .debug_abbrev  0x0000168e       0xf7 CMakeFiles/resolver.dir/home/pi/pico/pico-sdk/src/common/pico_sync/lock_core.c.obj
 .debug_abbrev  0x00001785      0x2bf CMakeFiles/resolver.dir/home/pi/pico/pico-sdk/src/common/pico_sync/mutex.c.obj
 .debug_abbrev  0x00001a44      0x376 CMakeFiles/resolver.dir/home/pi/pico/pico-sdk/src/common/pico_util/pheap.c.obj
 .debug_abbrev  0x00001dba      0x3ac CMakeFiles/resolver.dir/home/pi/pico/pico-sdk/src/rp2_common/pico_runtime/runtime.c.obj
 .debug_abbrev  0x00002166      0x339 CMakeFiles/resolver.dir/home/pi/pico/pico-sdk/src/rp2_common/hardware_clocks/clocks.c.obj
 .debug_abbrev  0x0000249f      0x27f CMakeFiles/resolver.dir/home/pi/pico/pico-sdk/src/rp2_common/hardware_watchdog/watchdog.c.obj
 .debug_abbrev  0x0000271e      0x10d CMakeFiles/resolver.dir/home/pi/pico/pico-sdk/src/rp2_common/hardware_xosc/xosc.c.obj
 .debug_abbrev  0x0000282b      0x1a0 CMakeFiles/resolver.dir/home/pi/pico/pico-sdk/src/rp2_common/hardware_pll/pll.c.obj
 .debug_abbrev  0x000029cb      0x3c9 CMakeFiles/resolver.dir/home/pi/pico/pico-sdk/src/rp2_common/hardware_irq/irq.c.obj
 .debug_abbrev  0x00002d94       0x14 CMakeFiles/resolver.dir/home/pi/pico/pico-sdk/src/rp2_common/hardware_irq/irq_handler_chain.S.obj
 .debug_abbrev  0x00002da8      0x402 CMakeFiles/resolver.dir/home/pi/pico/pico-sdk/src/rp2_common/pico_printf/printf.c.obj
 .debug_abbrev  0x000031aa       0x12 CMakeFiles/resolver.dir/home/pi/pico/pico-sdk/src/rp2_common/pico_bit_ops/bit_ops_aeabi.S.obj
 .debug_abbrev  0x000031bc       0xe3 CMakeFiles/resolver.dir/home/pi/pico/pico-sdk/src/rp2_common/pico_bootrom/bootrom.c.obj
 .debug_abbrev  0x0000329f       0x12 CMakeFiles/resolver.dir/home/pi/pico/pico-sdk/src/rp2_common/pico_divider/divider.S.obj
 .debug_abbrev  0x000032b1       0x12 CMakeFiles/resolver.dir/home/pi/pico/pico-sdk/src/rp2_common/pico_double/double_aeabi.S.obj
 .debug_abbrev  0x000032c3      0x267 CMakeFiles/resolver.dir/home/pi/pico/pico-sdk/src/rp2_common/pico_double/double_init_rom.c.obj
 .debug_abbrev  0x0000352a      0x3e9 CMakeFiles/resolver.dir/home/pi/pico/pico-sdk/src/rp2_common/pico_double/double_math.c.obj
 .debug_abbrev  0x00003913       0x12 CMakeFiles/resolver.dir/home/pi/pico/pico-sdk/src/rp2_common/pico_double/double_v1_rom_shim.S.obj
 .debug_abbrev  0x00003925       0x14 CMakeFiles/resolver.dir/home/pi/pico/pico-sdk/src/rp2_common/pico_int64_ops/pico_int64_ops_aeabi.S.obj
 .debug_abbrev  0x00003939       0x12 CMakeFiles/resolver.dir/home/pi/pico/pico-sdk/src/rp2_common/pico_float/float_aeabi.S.obj
 .debug_abbrev  0x0000394b      0x281 CMakeFiles/resolver.dir/home/pi/pico/pico-sdk/src/rp2_common/pico_float/float_init_rom.c.obj
 .debug_abbrev  0x00003bcc       0x12 CMakeFiles/resolver.dir/home/pi/pico/pico-sdk/src/rp2_common/pico_float/float_v1_rom_shim.S.obj
 .debug_abbrev  0x00003bde      0x2a4 CMakeFiles/resolver.dir/home/pi/pico/pico-sdk/src/rp2_common/pico_malloc/pico_malloc.c.obj
 .debug_abbrev  0x00003e82       0x12 CMakeFiles/resolver.dir/home/pi/pico/pico-sdk/src/rp2_common/pico_mem_ops/mem_ops_aeabi.S.obj
 .debug_abbrev  0x00003e94       0x12 CMakeFiles/resolver.dir/home/pi/pico/pico-sdk/src/rp2_common/pico_standard_link/crt0.S.obj
 .debug_abbrev  0x00003ea6       0x9f CMakeFiles/resolver.dir/home/pi/pico/pico-sdk/src/rp2_common/pico_standard_link/binary_info.c.obj
 .debug_abbrev  0x00003f45      0x4c7 CMakeFiles/resolver.dir/home/pi/pico/pico-sdk/src/rp2_common/pico_stdio/stdio.c.obj
 .debug_abbrev  0x0000440c      0x36d CMakeFiles/resolver.dir/home/pi/pico/pico-sdk/src/rp2_common/pico_stdio_uart/stdio_uart.c.obj
 .debug_abbrev  0x00004779       0xf4 CMakeFiles/resolver.dir/home/pi/pico/pico-sdk/src/rp2_common/hardware_adc/adc.c.obj
 .debug_abbrev  0x0000486d       0x14 /usr/lib/gcc/arm-none-eabi/7.3.1/thumb/v6-m/libgcc.a(_dvmd_tls.o)
 .debug_abbrev  0x00004881      0x1b8 /usr/lib/gcc/arm-none-eabi/7.3.1/../../../arm-none-eabi/lib/thumb/v6-m/libg.a(lib_a-strlen-stub.o)

.debug_loc      0x00000000     0xe003
 .debug_loc     0x00000000      0x556 CMakeFiles/resolver.dir/resolver.c.obj
 .debug_loc     0x00000556      0x9b2 CMakeFiles/resolver.dir/home/pi/pico/pico-sdk/src/rp2_common/hardware_gpio/gpio.c.obj
 .debug_loc     0x00000f08      0x34f CMakeFiles/resolver.dir/home/pi/pico/pico-sdk/src/rp2_common/hardware_claim/claim.c.obj
 .debug_loc     0x00001257      0x157 CMakeFiles/resolver.dir/home/pi/pico/pico-sdk/src/rp2_common/hardware_sync/sync.c.obj
 .debug_loc     0x000013ae       0xcf CMakeFiles/resolver.dir/home/pi/pico/pico-sdk/src/rp2_common/pico_platform/platform.c.obj
 .debug_loc     0x0000147d      0x418 CMakeFiles/resolver.dir/home/pi/pico/pico-sdk/src/rp2_common/hardware_uart/uart.c.obj
 .debug_loc     0x00001895     0x2167 CMakeFiles/resolver.dir/home/pi/pico/pico-sdk/src/common/pico_time/time.c.obj
 .debug_loc     0x000039fc      0x4cb CMakeFiles/resolver.dir/home/pi/pico/pico-sdk/src/rp2_common/hardware_timer/timer.c.obj
 .debug_loc     0x00003ec7       0x56 CMakeFiles/resolver.dir/home/pi/pico/pico-sdk/src/common/pico_sync/lock_core.c.obj
 .debug_loc     0x00003f1d      0x4f1 CMakeFiles/resolver.dir/home/pi/pico/pico-sdk/src/common/pico_sync/mutex.c.obj
 .debug_loc     0x0000440e      0xfd7 CMakeFiles/resolver.dir/home/pi/pico/pico-sdk/src/common/pico_util/pheap.c.obj
 .debug_loc     0x000053e5      0x2ae CMakeFiles/resolver.dir/home/pi/pico/pico-sdk/src/rp2_common/pico_runtime/runtime.c.obj
 .debug_loc     0x00005693      0x700 CMakeFiles/resolver.dir/home/pi/pico/pico-sdk/src/rp2_common/hardware_clocks/clocks.c.obj
 .debug_loc     0x00005d93      0x221 CMakeFiles/resolver.dir/home/pi/pico/pico-sdk/src/rp2_common/hardware_watchdog/watchdog.c.obj
 .debug_loc     0x00005fb4       0x35 CMakeFiles/resolver.dir/home/pi/pico/pico-sdk/src/rp2_common/hardware_xosc/xosc.c.obj
 .debug_loc     0x00005fe9      0x1da CMakeFiles/resolver.dir/home/pi/pico/pico-sdk/src/rp2_common/hardware_pll/pll.c.obj
 .debug_loc     0x000061c3      0xba7 CMakeFiles/resolver.dir/home/pi/pico/pico-sdk/src/rp2_common/hardware_irq/irq.c.obj
 .debug_loc     0x00006d6a     0x1b4a CMakeFiles/resolver.dir/home/pi/pico/pico-sdk/src/rp2_common/pico_printf/printf.c.obj
 .debug_loc     0x000088b4      0x145 CMakeFiles/resolver.dir/home/pi/pico/pico-sdk/src/rp2_common/pico_bootrom/bootrom.c.obj
 .debug_loc     0x000089f9       0x4f CMakeFiles/resolver.dir/home/pi/pico/pico-sdk/src/rp2_common/pico_double/double_init_rom.c.obj
 .debug_loc     0x00008a48     0x469b CMakeFiles/resolver.dir/home/pi/pico/pico-sdk/src/rp2_common/pico_double/double_math.c.obj
 .debug_loc     0x0000d0e3       0x65 CMakeFiles/resolver.dir/home/pi/pico/pico-sdk/src/rp2_common/pico_float/float_init_rom.c.obj
 .debug_loc     0x0000d148      0x1ac CMakeFiles/resolver.dir/home/pi/pico/pico-sdk/src/rp2_common/pico_malloc/pico_malloc.c.obj
 .debug_loc     0x0000d2f4      0x7f7 CMakeFiles/resolver.dir/home/pi/pico/pico-sdk/src/rp2_common/pico_stdio/stdio.c.obj
 .debug_loc     0x0000daeb      0x444 CMakeFiles/resolver.dir/home/pi/pico/pico-sdk/src/rp2_common/pico_stdio_uart/stdio_uart.c.obj
 .debug_loc     0x0000df2f       0x40 CMakeFiles/resolver.dir/home/pi/pico/pico-sdk/src/rp2_common/hardware_adc/adc.c.obj
 .debug_loc     0x0000df6f       0x94 /usr/lib/gcc/arm-none-eabi/7.3.1/../../../arm-none-eabi/lib/thumb/v6-m/libg.a(lib_a-strlen-stub.o)

.debug_aranges  0x00000000      0xe98
 .debug_aranges
                0x00000000       0x30 CMakeFiles/resolver.dir/resolver.c.obj
 .debug_aranges
                0x00000030       0xa0 CMakeFiles/resolver.dir/home/pi/pico/pico-sdk/src/rp2_common/hardware_gpio/gpio.c.obj
 .debug_aranges
                0x000000d0       0x48 CMakeFiles/resolver.dir/home/pi/pico/pico-sdk/src/rp2_common/hardware_claim/claim.c.obj
 .debug_aranges
                0x00000118       0x50 CMakeFiles/resolver.dir/home/pi/pico/pico-sdk/src/rp2_common/hardware_sync/sync.c.obj
 .debug_aranges
                0x00000168       0x28 CMakeFiles/resolver.dir/home/pi/pico/pico-sdk/src/rp2_common/pico_platform/platform.c.obj
 .debug_aranges
                0x00000190       0x40 CMakeFiles/resolver.dir/home/pi/pico/pico-sdk/src/rp2_common/hardware_uart/uart.c.obj
 .debug_aranges
                0x000001d0       0xd0 CMakeFiles/resolver.dir/home/pi/pico/pico-sdk/src/common/pico_time/time.c.obj
 .debug_aranges
                0x000002a0       0x68 CMakeFiles/resolver.dir/home/pi/pico/pico-sdk/src/rp2_common/hardware_timer/timer.c.obj
 .debug_aranges
                0x00000308       0x20 CMakeFiles/resolver.dir/home/pi/pico/pico-sdk/src/common/pico_sync/lock_core.c.obj
 .debug_aranges
                0x00000328       0x48 CMakeFiles/resolver.dir/home/pi/pico/pico-sdk/src/common/pico_sync/mutex.c.obj
 .debug_aranges
                0x00000370       0x78 CMakeFiles/resolver.dir/home/pi/pico/pico-sdk/src/common/pico_util/pheap.c.obj
 .debug_aranges
                0x000003e8       0x60 CMakeFiles/resolver.dir/home/pi/pico/pico-sdk/src/rp2_common/pico_runtime/runtime.c.obj
 .debug_aranges
                0x00000448       0x70 CMakeFiles/resolver.dir/home/pi/pico/pico-sdk/src/rp2_common/hardware_clocks/clocks.c.obj
 .debug_aranges
                0x000004b8       0x50 CMakeFiles/resolver.dir/home/pi/pico/pico-sdk/src/rp2_common/hardware_watchdog/watchdog.c.obj
 .debug_aranges
                0x00000508       0x30 CMakeFiles/resolver.dir/home/pi/pico/pico-sdk/src/rp2_common/hardware_xosc/xosc.c.obj
 .debug_aranges
                0x00000538       0x28 CMakeFiles/resolver.dir/home/pi/pico/pico-sdk/src/rp2_common/hardware_pll/pll.c.obj
 .debug_aranges
                0x00000560       0x90 CMakeFiles/resolver.dir/home/pi/pico/pico-sdk/src/rp2_common/hardware_irq/irq.c.obj
 .debug_aranges
                0x000005f0       0x20 CMakeFiles/resolver.dir/home/pi/pico/pico-sdk/src/rp2_common/hardware_irq/irq_handler_chain.S.obj
 .debug_aranges
                0x00000610       0x90 CMakeFiles/resolver.dir/home/pi/pico/pico-sdk/src/rp2_common/pico_printf/printf.c.obj
 .debug_aranges
                0x000006a0       0x68 CMakeFiles/resolver.dir/home/pi/pico/pico-sdk/src/rp2_common/pico_bit_ops/bit_ops_aeabi.S.obj
 .debug_aranges
                0x00000708       0x30 CMakeFiles/resolver.dir/home/pi/pico/pico-sdk/src/rp2_common/pico_bootrom/bootrom.c.obj
 .debug_aranges