Archive member included to satisfy reference by file (symbol)

/usr/lib/gcc/arm-none-eabi/7.3.1/thumb/v6-m/libgcc.a(_dvmd_tls.o)
                              CMakeFiles/resolver.dir/home/pi/pico/pico-sdk/src/rp2_common/pico_divider/divider.S.obj (__aeabi_idiv0)
/usr/lib/gcc/arm-none-eabi/7.3.1/../../../arm-none-eabi/lib/thumb/v6-m/libg.a(lib_a-atexit.o)
                              /usr/lib/gcc/arm-none-eabi/7.3.1/../../../arm-none-eabi/lib/thumb/v6-m/crt0.o (atexit)
/usr/lib/gcc/arm-none-eabi/7.3.1/../../../arm-none-eabi/lib/thumb/v6-m/libg.a(lib_a-calloc.o)
                              CMakeFiles/resolver.dir/home/pi/pico/pico-sdk/src/rp2_common/pico_malloc/pico_malloc.c.obj (calloc)
/usr/lib/gcc/arm-none-eabi/7.3.1/../../../arm-none-eabi/lib/thumb/v6-m/libg.a(lib_a-callocr.o)
                              /usr/lib/gcc/arm-none-eabi/7.3.1/../../../arm-none-eabi/lib/thumb/v6-m/libg.a(lib_a-calloc.o) (_calloc_r)
/usr/lib/gcc/arm-none-eabi/7.3.1/../../../arm-none-eabi/lib/thumb/v6-m/libg.a(lib_a-ctype_.o)
                              CMakeFiles/resolver.dir/home/pi/pico/pico-sdk/lib/tinyusb/src/tusb.c.obj (_ctype_)
/usr/lib/gcc/arm-none-eabi/7.3.1/../../../arm-none-eabi/lib/thumb/v6-m/libg.a(lib_a-fini.o)
                              /usr/lib/gcc/arm-none-eabi/7.3.1/../../../arm-none-eabi/lib/thumb/v6-m/crt0.o (__libc_fini_array)
/usr/lib/gcc/arm-none-eabi/7.3.1/../../../arm-none-eabi/lib/thumb/v6-m/libg.a(lib_a-impure.o)
                              /usr/lib/gcc/arm-none-eabi/7.3.1/../../../arm-none-eabi/lib/thumb/v6-m/libg.a(lib_a-calloc.o) (_impure_ptr)
/usr/lib/gcc/arm-none-eabi/7.3.1/../../../arm-none-eabi/lib/thumb/v6-m/libg.a(lib_a-init.o)
                              /usr/lib/gcc/arm-none-eabi/7.3.1/../../../arm-none-eabi/lib/thumb/v6-m/crt0.o (__libc_init_array)
/usr/lib/gcc/arm-none-eabi/7.3.1/../../../arm-none-eabi/lib/thumb/v6-m/libg.a(lib_a-malloc.o)
                              CMakeFiles/resolver.dir/home/pi/pico/pico-sdk/src/rp2_common/pico_malloc/pico_malloc.c.obj (malloc)
/usr/lib/gcc/arm-none-eabi/7.3.1/../../../arm-none-eabi/lib/thumb/v6-m/libg.a(lib_a-mallocr.o)
                              /usr/lib/gcc/arm-none-eabi/7.3.1/../../../arm-none-eabi/lib/thumb/v6-m/libg.a(lib_a-callocr.o) (_malloc_r)
/usr/lib/gcc/arm-none-eabi/7.3.1/../../../arm-none-eabi/lib/thumb/v6-m/libg.a(lib_a-mlock.o)
                              /usr/lib/gcc/arm-none-eabi/7.3.1/../../../arm-none-eabi/lib/thumb/v6-m/libg.a(lib_a-mallocr.o) (__malloc_lock)
/usr/lib/gcc/arm-none-eabi/7.3.1/../../../arm-none-eabi/lib/thumb/v6-m/libg.a(lib_a-sbrkr.o)
                              /usr/lib/gcc/arm-none-eabi/7.3.1/../../../arm-none-eabi/lib/thumb/v6-m/libg.a(lib_a-mallocr.o) (_sbrk_r)
/usr/lib/gcc/arm-none-eabi/7.3.1/../../../arm-none-eabi/lib/thumb/v6-m/libg.a(lib_a-strlen-stub.o)
                              CMakeFiles/resolver.dir/home/pi/pico/pico-sdk/src/rp2_common/pico_stdio/stdio.c.obj (strlen)
/usr/lib/gcc/arm-none-eabi/7.3.1/../../../arm-none-eabi/lib/thumb/v6-m/libg.a(lib_a-__atexit.o)
                              /usr/lib/gcc/arm-none-eabi/7.3.1/../../../arm-none-eabi/lib/thumb/v6-m/libg.a(lib_a-atexit.o) (__register_exitproc)
/usr/lib/gcc/arm-none-eabi/7.3.1/../../../arm-none-eabi/lib/thumb/v6-m/libg.a(lib_a-freer.o)
                              /usr/lib/gcc/arm-none-eabi/7.3.1/../../../arm-none-eabi/lib/thumb/v6-m/libg.a(lib_a-malloc.o) (_free_r)
/usr/lib/gcc/arm-none-eabi/7.3.1/../../../arm-none-eabi/lib/thumb/v6-m/libg.a(lib_a-reent.o)
                              /usr/lib/gcc/arm-none-eabi/7.3.1/../../../arm-none-eabi/lib/thumb/v6-m/libg.a(lib_a-sbrkr.o) (errno)

Allocating common symbols
Common symbol       size              file

sf_table            0x100             CMakeFiles/resolver.dir/home/pi/pico/pico-sdk/src/rp2_common/pico_float/float_init_rom.c.obj
errno               0x4               /usr/lib/gcc/arm-none-eabi/7.3.1/../../../arm-none-eabi/lib/thumb/v6-m/libg.a(lib_a-reent.o)
_usbd_qdef_buf      0xc0              CMakeFiles/resolver.dir/home/pi/pico/pico-sdk/lib/tinyusb/src/device/usbd.c.obj
mutex               0x8               CMakeFiles/resolver.dir/resolver.c.obj
slice_num           0x4               CMakeFiles/resolver.dir/resolver.c.obj
sf_clz_func         0x4               CMakeFiles/resolver.dir/home/pi/pico/pico-sdk/src/rp2_common/pico_float/float_init_rom.c.obj
sd_table            0x100             CMakeFiles/resolver.dir/home/pi/pico/pico-sdk/src/rp2_common/pico_double/double_init_rom.c.obj
uart_char_to_line_feed
                    0x4               CMakeFiles/resolver.dir/home/pi/pico/pico-sdk/src/rp2_common/hardware_uart/uart.c.obj

Discarded input sections

 .text          0x00000000        0x0 /usr/lib/gcc/arm-none-eabi/7.3.1/thumb/v6-m/crti.o
 .data          0x00000000        0x0 /usr/lib/gcc/arm-none-eabi/7.3.1/thumb/v6-m/crti.o
 .bss           0x00000000        0x0 /usr/lib/gcc/arm-none-eabi/7.3.1/thumb/v6-m/crti.o
[...]
Memory Configuration

Name             Origin             Length             Attributes
FLASH            0x10000000         0x00200000         xr
RAM              0x20000000         0x00040000         xrw
SCRATCH_X        0x20040000         0x00001000         xrw
SCRATCH_Y        0x20041000         0x00001000         xrw
*default*        0x00000000         0xffffffff

Linker script and memory map

LOAD /usr/lib/gcc/arm-none-eabi/7.3.1/thumb/v6-m/crti.o
LOAD /usr/lib/gcc/arm-none-eabi/7.3.1/thumb/v6-m/crtbegin.o
LOAD /usr/lib/gcc/arm-none-eabi/7.3.1/../../../arm-none-eabi/lib/thumb/v6-m/crt0.o

.flash_begin    0x10000000        0x0
                0x10000000                __flash_binary_start = .

.boot2          0x10000000      0x100
                0x10000000                __boot2_start__ = .
 *(.boot2)
 .boot2         0x10000000      0x100 /tmp/ccwszncV.o
                0x10000100                __boot2_end__ = .
                0x00000001                ASSERT (((__boot2_end__ - __boot2_start__) == 0x100), ERROR: Pico second stage bootloader must be 256 bytes in size)

.text           0x10000100     0x7a30
                0x10000100                __logical_binary_start = .
 *(.vectors)
 .vectors       0x10000100       0xd4 CMakeFiles/resolver.dir/home/pi/pico/pico-sdk/src/rp2_common/pico_standard_link/crt0.S.obj
                0x10000100                __vectors
                0x100001c0                isr_invalid
                0x100001c2                isr_nmi
                0x100001c4                isr_hardfault
                0x100001c6                isr_svcall
                0x100001c8                isr_pendsv
                0x100001ca                isr_systick
                0x100001cc                isr_irq30
                0x100001cc                __unhandled_user_irq
                0x100001cc                isr_irq13
                0x100001cc                isr_irq27
                0x100001cc                isr_irq31
                0x100001cc                isr_irq5
                0x100001cc                isr_irq11
                0x100001cc                isr_irq23
                0x100001cc                isr_irq18
                0x100001cc                isr_irq28
                0x100001cc                isr_irq19
                0x100001cc                isr_irq0
                0x100001cc                isr_irq6
                0x100001cc                isr_irq22
                0x100001cc                isr_irq17
                0x100001cc                isr_irq14
                0x100001cc                isr_irq2
                0x100001cc                isr_irq10
                0x100001cc                isr_irq8
                0x100001cc                isr_irq24
                0x100001cc                isr_irq1
                0x100001cc                isr_irq7
                0x100001cc                isr_irq21
                0x100001cc                isr_irq20
                0x100001cc                isr_irq15
                0x100001cc                isr_irq25
                0x100001cc                isr_irq4
                0x100001cc                isr_irq16
                0x100001cc                isr_irq29
                0x100001cc                isr_irq26
                0x100001cc                isr_irq3
                0x100001cc                isr_irq12
                0x100001cc                isr_irq9
                0x100001d2                unhandled_user_irq_num_in_r0
 *(.binary_info_header)
 .binary_info_header
                0x100001d4       0x14 CMakeFiles/resolver.dir/home/pi/pico/pico-sdk/src/rp2_common/pico_standard_link/crt0.S.obj
                0x100001e8                __binary_info_header_end = .
 *(.reset)
 .reset         0x100001e8       0xa8 CMakeFiles/resolver.dir/home/pi/pico/pico-sdk/src/rp2_common/pico_standard_link/crt0.S.obj
                0x100001e8                _entry_point
                0x10000266                __get_current_exception
 .reset         0x10000290       0x30 CMakeFiles/resolver.dir/home/pi/pico/pico-sdk/src/rp2_common/pico_standard_link/binary_info.c.obj
 *(.init)
 .init          0x100002c0        0x4 /usr/lib/gcc/arm-none-eabi/7.3.1/thumb/v6-m/crti.o
                0x100002c0                _init
 *(EXCLUDE_FILE(*libm.a: *libc.a:*lib_a-mem*.o *libgcc.a:) .text*)
 .text          0x100002c4       0x98 /usr/lib/gcc/arm-none-eabi/7.3.1/thumb/v6-m/crtbegin.o
 .text.adc_gpio_init
                0x1000035c       0x1e CMakeFiles/resolver.dir/resolver.c.obj
 *fill*         0x1000037a        0x2 
 .text.timer_callback
                0x1000037c      0x5a8 CMakeFiles/resolver.dir/resolver.c.obj
                0x1000037c                timer_callback
 .text.main     0x10000924       0xcc CMakeFiles/resolver.dir/resolver.c.obj
                0x10000924                main
 .text.gpio_set_function
                0x100009f0       0x30 CMakeFiles/resolver.dir/home/pi/pico/pico-sdk/src/rp2_common/hardware_gpio/gpio.c.obj
                0x100009f0                gpio_set_function
 .text.gpio_set_pulls
                0x10000a20       0x34 CMakeFiles/resolver.dir/home/pi/pico/pico-sdk/src/rp2_common/hardware_gpio/gpio.c.obj
                0x10000a20                gpio_set_pulls
 .text.gpio_set_input_enabled
                0x10000a54       0x30 CMakeFiles/resolver.dir/home/pi/pico/pico-sdk/src/rp2_common/hardware_gpio/gpio.c.obj
                0x10000a54                gpio_set_input_enabled
 .text.hw_claim_lock
                0x10000a84       0x18 CMakeFiles/resolver.dir/home/pi/pico/pico-sdk/src/rp2_common/hardware_claim/claim.c.obj
                0x10000a84                hw_claim_lock
 .text.hw_claim_unlock
                0x10000a9c       0x14 CMakeFiles/resolver.dir/home/pi/pico/pico-sdk/src/rp2_common/hardware_claim/claim.c.obj
                0x10000a9c                hw_claim_unlock
 .text.hw_claim_or_assert
                0x10000ab0       0x36 CMakeFiles/resolver.dir/home/pi/pico/pico-sdk/src/rp2_common/hardware_claim/claim.c.obj
                0x10000ab0                hw_claim_or_assert
 .text.hw_claim_unused_from_range
                0x10000ae6       0x54 CMakeFiles/resolver.dir/home/pi/pico/pico-sdk/src/rp2_common/hardware_claim/claim.c.obj
                0x10000ae6                hw_claim_unused_from_range
 *fill*         0x10000b3a        0x2 
 .text.spin_locks_reset
                0x10000b3c       0x20 CMakeFiles/resolver.dir/home/pi/pico/pico-sdk/src/rp2_common/hardware_sync/sync.c.obj
                0x10000b3c                spin_locks_reset
 .text.next_striped_spin_lock_num
                0x10000b5c       0x1c CMakeFiles/resolver.dir/home/pi/pico/pico-sdk/src/rp2_common/hardware_sync/sync.c.obj
                0x10000b5c                next_striped_spin_lock_num
 .text.spin_lock_claim_unused
                0x10000b78       0x20 CMakeFiles/resolver.dir/home/pi/pico/pico-sdk/src/rp2_common/hardware_sync/sync.c.obj
                0x10000b78                spin_lock_claim_unused
 .text.running_on_fpga
                0x10000b98       0x14 CMakeFiles/resolver.dir/home/pi/pico/pico-sdk/src/rp2_common/pico_platform/platform.c.obj
                0x10000b98                running_on_fpga
 .text.sev_callback
                0x10000bac        0x8 CMakeFiles/resolver.dir/home/pi/pico/pico-sdk/src/common/pico_time/time.c.obj
 .text.repeating_timer_callback
                0x10000bb4       0x40 CMakeFiles/resolver.dir/home/pi/pico/pico-sdk/src/common/pico_time/time.c.obj
 .text.alarm_pool_post_alloc_init
                0x10000bf4       0x40 CMakeFiles/resolver.dir/home/pi/pico/pico-sdk/src/common/pico_time/time.c.obj
 .text.timer_pool_entry_comparator
                0x10000c34       0x78 CMakeFiles/resolver.dir/home/pi/pico/pico-sdk/src/common/pico_time/time.c.obj
                0x10000c34                timer_pool_entry_comparator
 .text.ph_add_child_node
                0x10000cac       0xa4 CMakeFiles/resolver.dir/home/pi/pico/pico-sdk/src/common/pico_time/time.c.obj
 .text.ph_merge_nodes
                0x10000d50       0x3a CMakeFiles/resolver.dir/home/pi/pico/pico-sdk/src/common/pico_time/time.c.obj
 *fill*         0x10000d8a        0x2 
 .text.add_alarm_under_lock
                0x10000d8c      0x180 CMakeFiles/resolver.dir/home/pi/pico/pico-sdk/src/common/pico_time/time.c.obj
 .text.alarm_pool_alarm_callback
                0x10000f0c      0x314 CMakeFiles/resolver.dir/home/pi/pico/pico-sdk/src/common/pico_time/time.c.obj
 .text.alarm_pool_init_default
                0x10001220       0x2c CMakeFiles/resolver.dir/home/pi/pico/pico-sdk/src/common/pico_time/time.c.obj
                0x10001220                alarm_pool_init_default
 .text.alarm_pool_get_default
                0x1000124c       0x2c CMakeFiles/resolver.dir/home/pi/pico/pico-sdk/src/common/pico_time/time.c.obj
                0x1000124c                alarm_pool_get_default
 .text.alarm_pool_add_alarm_at
                0x10001278      0x130 CMakeFiles/resolver.dir/home/pi/pico/pico-sdk/src/common/pico_time/time.c.obj
                0x10001278                alarm_pool_add_alarm_at
 .text.alarm_pool_cancel_alarm
                0x100013a8       0xec CMakeFiles/resolver.dir/home/pi/pico/pico-sdk/src/common/pico_time/time.c.obj
                0x100013a8                alarm_pool_cancel_alarm
 .text.alarm_pool_add_repeating_timer_us
                0x10001494       0x70 CMakeFiles/resolver.dir/home/pi/pico/pico-sdk/src/common/pico_time/time.c.obj
                0x10001494                alarm_pool_add_repeating_timer_us
 .text.sleep_until
                0x10001504       0xa4 CMakeFiles/resolver.dir/home/pi/pico/pico-sdk/src/common/pico_time/time.c.obj
                0x10001504                sleep_until
 .text.sleep_us
                0x100015a8       0x30 CMakeFiles/resolver.dir/home/pi/pico/pico-sdk/src/common/pico_time/time.c.obj
                0x100015a8                sleep_us
 .text.sleep_ms
                0x100015d8       0x14 CMakeFiles/resolver.dir/home/pi/pico/pico-sdk/src/common/pico_time/time.c.obj
                0x100015d8                sleep_ms
 .text.best_effort_wfe_or_timeout
                0x100015ec       0x80 CMakeFiles/resolver.dir/home/pi/pico/pico-sdk/src/common/pico_time/time.c.obj
                0x100015ec                best_effort_wfe_or_timeout
 .text.hardware_alarm_irq_handler
                0x1000166c       0x8c CMakeFiles/resolver.dir/home/pi/pico/pico-sdk/src/rp2_common/hardware_timer/timer.c.obj
 .text.hardware_alarm_claim
                0x100016f8       0x18 CMakeFiles/resolver.dir/home/pi/pico/pico-sdk/src/rp2_common/hardware_timer/timer.c.obj
                0x100016f8                hardware_alarm_claim
 .text.time_us_64
                0x10001710       0x18 CMakeFiles/resolver.dir/home/pi/pico/pico-sdk/src/rp2_common/hardware_timer/timer.c.obj
                0x10001710                time_us_64
 .text.busy_wait_until
                0x10001728       0x28 CMakeFiles/resolver.dir/home/pi/pico/pico-sdk/src/rp2_common/hardware_timer/timer.c.obj
                0x10001728                busy_wait_until
 .text.hardware_alarm_set_callback
                0x10001750       0x90 CMakeFiles/resolver.dir/home/pi/pico/pico-sdk/src/rp2_common/hardware_timer/timer.c.obj
                0x10001750                hardware_alarm_set_callback
 .text.hardware_alarm_set_target
                0x100017e0       0xcc CMakeFiles/resolver.dir/home/pi/pico/pico-sdk/src/rp2_common/hardware_timer/timer.c.obj
                0x100017e0                hardware_alarm_set_target
 .text.hardware_alarm_cancel
                0x100018ac       0x40 CMakeFiles/resolver.dir/home/pi/pico/pico-sdk/src/rp2_common/hardware_timer/timer.c.obj
                0x100018ac                hardware_alarm_cancel
 .text.lock_init
                0x100018ec       0x10 CMakeFiles/resolver.dir/home/pi/pico/pico-sdk/src/common/pico_sync/lock_core.c.obj
                0x100018ec                lock_init
 .text.mutex_init
                0x100018fc       0x1a CMakeFiles/resolver.dir/home/pi/pico/pico-sdk/src/common/pico_sync/mutex.c.obj
                0x100018fc                mutex_init
 .text.critical_section_init_with_lock_num
                0x10001916        0xc CMakeFiles/resolver.dir/home/pi/pico/pico-sdk/src/common/pico_sync/critical_section.c.obj
                0x10001916                critical_section_init_with_lock_num
 .text.critical_section_init
                0x10001922       0x14 CMakeFiles/resolver.dir/home/pi/pico/pico-sdk/src/common/pico_sync/critical_section.c.obj
                0x10001922                critical_section_init
 *fill*         0x10001936        0x2 
 .text.ph_add_child_node
                0x10001938       0xa4 CMakeFiles/resolver.dir/home/pi/pico/pico-sdk/src/common/pico_util/pheap.c.obj
 .text.ph_merge_nodes
                0x100019dc       0x3a CMakeFiles/resolver.dir/home/pi/pico/pico-sdk/src/common/pico_util/pheap.c.obj
 *fill*         0x10001a16        0x2 
 .text.ph_clear
                0x10001a18       0x70 CMakeFiles/resolver.dir/home/pi/pico/pico-sdk/src/common/pico_util/pheap.c.obj
                0x10001a18                ph_clear
 .text.ph_post_alloc_init
                0x10001a88        0xe CMakeFiles/resolver.dir/home/pi/pico/pico-sdk/src/common/pico_util/pheap.c.obj
                0x10001a88                ph_post_alloc_init
 *fill*         0x10001a96        0x2 
 .text.ph_merge_two_pass
                0x10001a98       0xac CMakeFiles/resolver.dir/home/pi/pico/pico-sdk/src/common/pico_util/pheap.c.obj
                0x10001a98                ph_merge_two_pass
 .text.ph_remove_any_head
                0x10001b44      0x108 CMakeFiles/resolver.dir/home/pi/pico/pico-sdk/src/common/pico_util/pheap.c.obj
 .text.ph_remove_head
                0x10001c4c       0x14 CMakeFiles/resolver.dir/home/pi/pico/pico-sdk/src/common/pico_util/pheap.c.obj
                0x10001c4c                ph_remove_head
 .text.ph_remove_and_free_node
                0x10001c60       0xf8 CMakeFiles/resolver.dir/home/pi/pico/pico-sdk/src/common/pico_util/pheap.c.obj
                0x10001c60                ph_remove_and_free_node
 .text.runtime_init
                0x10001d58       0xcc CMakeFiles/resolver.dir/home/pi/pico/pico-sdk/src/rp2_common/pico_runtime/runtime.c.obj
                0x10001d58                runtime_init
 .text._exit    0x10001e24        0x4 CMakeFiles/resolver.dir/home/pi/pico/pico-sdk/src/rp2_common/pico_runtime/runtime.c.obj
                0x10001e24                _exit
 .text.exit     0x10001e28        0x6 CMakeFiles/resolver.dir/home/pi/pico/pico-sdk/src/rp2_common/pico_runtime/runtime.c.obj
                0x10001e28                exit
 *fill*         0x10001e2e        0x2 
 .text.__assert_func
                0x10001e30       0x3c CMakeFiles/resolver.dir/home/pi/pico/pico-sdk/src/rp2_common/pico_runtime/runtime.c.obj
                0x10001e30                __assert_func
 .text.panic    0x10001e6c       0x30 CMakeFiles/resolver.dir/home/pi/pico/pico-sdk/src/rp2_common/pico_runtime/runtime.c.obj
                0x10001e6c                panic
 .text.clock_configure
                0x10001e9c       0xec CMakeFiles/resolver.dir/home/pi/pico/pico-sdk/src/rp2_common/hardware_clocks/clocks.c.obj
                0x10001e9c                clock_configure
 .text.clocks_init
                0x10001f88      0x124 CMakeFiles/resolver.dir/home/pi/pico/pico-sdk/src/rp2_common/hardware_clocks/clocks.c.obj
                0x10001f88                clocks_init
 .text.watchdog_start_tick
                0x100020ac       0x10 CMakeFiles/resolver.dir/home/pi/pico/pico-sdk/src/rp2_common/hardware_watchdog/watchdog.c.obj
                0x100020ac                watchdog_start_tick
 .text.watchdog_update
                0x100020bc       0x14 CMakeFiles/resolver.dir/home/pi/pico/pico-sdk/src/rp2_common/hardware_watchdog/watchdog.c.obj
                0x100020bc                watchdog_update
 .text._watchdog_enable
                0x100020d0       0x6c CMakeFiles/resolver.dir/home/pi/pico/pico-sdk/src/rp2_common/hardware_watchdog/watchdog.c.obj
                0x100020d0                _watchdog_enable
 .text.watchdog_reboot
                0x1000213c       0x44 CMakeFiles/resolver.dir/home/pi/pico/pico-sdk/src/rp2_common/hardware_watchdog/watchdog.c.obj
                0x1000213c                watchdog_reboot
 .text.xosc_init
                0x10002180       0x28 CMakeFiles/resolver.dir/home/pi/pico/pico-sdk/src/rp2_common/hardware_xosc/xosc.c.obj
                0x10002180                xosc_init
 .text.pll_init
                0x100021a8       0xcc CMakeFiles/resolver.dir/home/pi/pico/pico-sdk/src/rp2_common/hardware_pll/pll.c.obj
                0x100021a8                pll_init
 .text.set_raw_irq_handler_and_unlock
                0x10002274       0x28 CMakeFiles/resolver.dir/home/pi/pico/pico-sdk/src/rp2_common/hardware_irq/irq.c.obj
 .text.make_branch
                0x1000229c       0x34 CMakeFiles/resolver.dir/home/pi/pico/pico-sdk/src/rp2_common/hardware_irq/irq.c.obj
 .text.insert_branch_and_link
                0x100022d0       0x40 CMakeFiles/resolver.dir/home/pi/pico/pico-sdk/src/rp2_common/hardware_irq/irq.c.obj
 .text.irq_is_enabled
                0x10002310       0x18 CMakeFiles/resolver.dir/home/pi/pico/pico-sdk/src/rp2_common/hardware_irq/irq.c.obj
                0x10002310                irq_is_enabled
 .text.irq_set_mask_enabled
                0x10002328       0x20 CMakeFiles/resolver.dir/home/pi/pico/pico-sdk/src/rp2_common/hardware_irq/irq.c.obj
                0x10002328                irq_set_mask_enabled
 .text.irq_set_enabled
                0x10002348        0xe CMakeFiles/resolver.dir/home/pi/pico/pico-sdk/src/rp2_common/hardware_irq/irq.c.obj
                0x10002348                irq_set_enabled
 *fill*         0x10002356        0x2 
 .text.irq_set_pending
                0x10002358       0x10 CMakeFiles/resolver.dir/home/pi/pico/pico-sdk/src/rp2_common/hardware_irq/irq.c.obj
                0x10002358                irq_set_pending
 .text.irq_get_vtable_handler
                0x10002368       0x10 CMakeFiles/resolver.dir/home/pi/pico/pico-sdk/src/rp2_common/hardware_irq/irq.c.obj
                0x10002368                irq_get_vtable_handler
 .text.irq_set_exclusive_handler
                0x10002378       0x54 CMakeFiles/resolver.dir/home/pi/pico/pico-sdk/src/rp2_common/hardware_irq/irq.c.obj
                0x10002378                irq_set_exclusive_handler
 .text.irq_remove_handler
                0x100023cc      0x1b4 CMakeFiles/resolver.dir/home/pi/pico/pico-sdk/src/rp2_common/hardware_irq/irq.c.obj
                0x100023cc                irq_remove_handler
 .text.irq_set_priority
                0x10002580       0x28 CMakeFiles/resolver.dir/home/pi/pico/pico-sdk/src/rp2_common/hardware_irq/irq.c.obj
                0x10002580                irq_set_priority
 .text.irq_add_tail_to_free_list
                0x100025a8       0xf0 CMakeFiles/resolver.dir/home/pi/pico/pico-sdk/src/rp2_common/hardware_irq/irq.c.obj
                0x100025a8                irq_add_tail_to_free_list
 .text.irq_init_priorities
                0x10002698       0x16 CMakeFiles/resolver.dir/home/pi/pico/pico-sdk/src/rp2_common/hardware_irq/irq.c.obj
                0x10002698                irq_init_priorities
 .text._out_null
                0x100026ae        0x2 CMakeFiles/resolver.dir/home/pi/pico/pico-sdk/src/rp2_common/pico_printf/printf.c.obj
 .text._out_fct
                0x100026b0        0xe CMakeFiles/resolver.dir/home/pi/pico/pico-sdk/src/rp2_common/pico_printf/printf.c.obj
 .text._atoi    0x100026be       0x24 CMakeFiles/resolver.dir/home/pi/pico/pico-sdk/src/rp2_common/pico_printf/printf.c.obj
 .text._out_rev
                0x100026e2       0x8c CMakeFiles/resolver.dir/home/pi/pico/pico-sdk/src/rp2_common/pico_printf/printf.c.obj
 .text._ntoa_format
                0x1000276e      0x112 CMakeFiles/resolver.dir/home/pi/pico/pico-sdk/src/rp2_common/pico_printf/printf.c.obj
 .text._ntoa_long
                0x10002880       0x9e CMakeFiles/resolver.dir/home/pi/pico/pico-sdk/src/rp2_common/pico_printf/printf.c.obj
 .text._ntoa_long_long
                0x1000291e       0xe2 CMakeFiles/resolver.dir/home/pi/pico/pico-sdk/src/rp2_common/pico_printf/printf.c.obj
 .text._etoa    0x10002a00      0x424 CMakeFiles/resolver.dir/home/pi/pico/pico-sdk/src/rp2_common/pico_printf/printf.c.obj
 .text._ftoa    0x10002e24      0x340 CMakeFiles/resolver.dir/home/pi/pico/pico-sdk/src/rp2_common/pico_printf/printf.c.obj
 .text._vsnprintf
                0x10003164      0x640 CMakeFiles/resolver.dir/home/pi/pico/pico-sdk/src/rp2_common/pico_printf/printf.c.obj
 .text.vfctprintf
                0x100037a4       0x20 CMakeFiles/resolver.dir/home/pi/pico/pico-sdk/src/rp2_common/pico_printf/printf.c.obj
                0x100037a4                vfctprintf
 .text          0x100037c4       0x10 CMakeFiles/resolver.dir/home/pi/pico/pico-sdk/src/rp2_common/pico_bit_ops/bit_ops_aeabi.S.obj
 .text.rom_func_lookup
                0x100037d4       0x10 CMakeFiles/resolver.dir/home/pi/pico/pico-sdk/src/rp2_common/pico_bootrom/bootrom.c.obj
                0x100037d4                rom_func_lookup
 .text.rom_data_lookup
                0x100037e4       0x10 CMakeFiles/resolver.dir/home/pi/pico/pico-sdk/src/rp2_common/pico_bootrom/bootrom.c.obj
                0x100037e4                rom_data_lookup
 .text.rom_funcs_lookup
                0x100037f4       0x36 CMakeFiles/resolver.dir/home/pi/pico/pico-sdk/src/rp2_common/pico_bootrom/bootrom.c.obj
                0x100037f4                rom_funcs_lookup
 *fill*         0x1000382a        0x2 
 .text.__wrap___aeabi_idiv
                0x1000382c       0x58 CMakeFiles/resolver.dir/home/pi/pico/pico-sdk/src/rp2_common/pico_divider/divider.S.obj
                0x1000382c                __wrap___aeabi_idivmod
                0x1000382c                divmod_s32s32
                0x1000382c                div_s32s32
                0x1000382c                __wrap___aeabi_idiv
                0x10003834                divmod_s32s32_unsafe
                0x10003860                divmod_s32s32_savestate
 .text.__wrap___aeabi_uidiv
                0x10003884       0x54 CMakeFiles/resolver.dir/home/pi/pico/pico-sdk/src/rp2_common/pico_divider/divider.S.obj
                0x10003884                __wrap___aeabi_uidiv
                0x10003884                __wrap___aeabi_uidivmod
                0x10003884                div_u32u32
                0x10003884                divmod_u32u32
                0x1000388c                divmod_u32u32_unsafe
                0x100038b4                divmod_u32u32_savestate
 .text.__wrap___aeabi_ldiv
                0x100038d8      0x430 CMakeFiles/resolver.dir/home/pi/pico/pico-sdk/src/rp2_common/pico_divider/divider.S.obj
                0x100038d8                div_s64s64
                0x100038d8                divmod_s64s64
                0x100038d8                __wrap___aeabi_ldivmod
                0x10003910                div_u64u64
                0x10003910                divmod_u64u64
                0x10003910                __wrap___aeabi_uldivmod
                0x10003920                divmod_u64u64_savestate
                0x10003948                divmod_s64s64_unsafe
                0x100039d0                divmod_u64u64_unsafe
 .text.push_r8_r11
                0x10003d08        0xc CMakeFiles/resolver.dir/home/pi/pico/pico-sdk/src/rp2_common/pico_double/double_aeabi.S.obj
                0x10003d08                push_r8_r11
 .text.pop_r8_r11
                0x10003d14        0xc CMakeFiles/resolver.dir/home/pi/pico/pico-sdk/src/rp2_common/pico_double/double_aeabi.S.obj
                0x10003d14                pop_r8_r11
 .text.__wrap___aeabi_darithmetic
                0x10003d20       0x54 CMakeFiles/resolver.dir/home/pi/pico/pico-sdk/src/rp2_common/pico_double/double_aeabi.S.obj
                0x10003d20                __wrap___aeabi_drsub
                0x10003d26                __wrap___aeabi_dsub
                0x10003d38                __wrap___aeabi_dadd
                0x10003d4a                __wrap___aeabi_ddiv
                0x10003d5c                __wrap___aeabi_dmul
 .text.__wrap___aeabi_cdcmple
                0x10003d74       0x6c CMakeFiles/resolver.dir/home/pi/pico/pico-sdk/src/rp2_common/pico_double/double_aeabi.S.obj
                0x10003d74                __wrap___aeabi_cdrcmple
                0x10003d84                __wrap___aeabi_cdcmple
                0x10003d84                __wrap___aeabi_cdcmpeq
 .text.__wrap___aeabi_dcmplt
                0x10003de0        0xc CMakeFiles/resolver.dir/home/pi/pico/pico-sdk/src/rp2_common/pico_double/double_aeabi.S.obj
                0x10003de0                __wrap___aeabi_dcmplt
 .text.__wrap___aeabi_dcmple
                0x10003dec       0x10 CMakeFiles/resolver.dir/home/pi/pico/pico-sdk/src/rp2_common/pico_double/double_aeabi.S.obj
                0x10003dec                __wrap___aeabi_dcmple
 .text.__wrap___aeabi_dcmpge
                0x10003dfc       0x10 CMakeFiles/resolver.dir/home/pi/pico/pico-sdk/src/rp2_common/pico_double/double_aeabi.S.obj
                0x10003dfc                __wrap___aeabi_dcmpge
 .text.__wrap___aeabi_dcmpgt
                0x10003e0c        0xa CMakeFiles/resolver.dir/home/pi/pico/pico-sdk/src/rp2_common/pico_double/double_aeabi.S.obj
                0x10003e0c                __wrap___aeabi_dcmpgt
 .text.__wrap___aeabi_dcmpun
                0x10003e16       0x1c CMakeFiles/resolver.dir/home/pi/pico/pico-sdk/src/rp2_common/pico_double/double_aeabi.S.obj
                0x10003e16                __wrap___aeabi_dcmpun
 *fill*         0x10003e32        0x2 
 .text.__wrap___aeabi_i2d
                0x10003e34       0x38 CMakeFiles/resolver.dir/home/pi/pico/pico-sdk/src/rp2_common/pico_double/double_aeabi.S.obj
                0x10003e34                __wrap___aeabi_ui2d
                0x10003e3c                __wrap___aeabi_i2d
 .text.__wrap___aeabi_d2iz
                0x10003e6c       0x48 CMakeFiles/resolver.dir/home/pi/pico/pico-sdk/src/rp2_common/pico_double/double_aeabi.S.obj
                0x10003e6c                __wrap___aeabi_d2iz
                0x10003e6c                double2int_z
 .text.__wrap___aeabi_d2uiz
                0x10003eb4       0x18 CMakeFiles/resolver.dir/home/pi/pico/pico-sdk/src/rp2_common/pico_double/double_aeabi.S.obj
                0x10003eb4                double2uint
                0x10003eb4                __wrap___aeabi_d2uiz
 .text.fix642double
                0x10003ecc       0x18 CMakeFiles/resolver.dir/home/pi/pico/pico-sdk/src/rp2_common/pico_double/double_aeabi.S.obj
                0x10003ecc                fix642double
 .text.__wrap_srqt
                0x10003ee4       0x18 CMakeFiles/resolver.dir/home/pi/pico/pico-sdk/src/rp2_common/pico_double/double_aeabi.S.obj
                0x10003ee4                __wrap_sqrt
 .text.__wrap_sincostan_remainder
                0x10003efc       0x14 CMakeFiles/resolver.dir/home/pi/pico/pico-sdk/src/rp2_common/pico_double/double_aeabi.S.obj
                0x10003efc                sincostan_remainder
 .text.__wrap_sin
                0x10003f10       0x2c CMakeFiles/resolver.dir/home/pi/pico/pico-sdk/src/rp2_common/pico_double/double_aeabi.S.obj
                0x10003f10                __wrap_sin
 .text.__wrap_atan2
                0x10003f3c       0x18 CMakeFiles/resolver.dir/home/pi/pico/pico-sdk/src/rp2_common/pico_double/double_aeabi.S.obj
                0x10003f3c                __wrap_atan2
 .text.__aeabi_double_init
                0x10003f54       0xb8 CMakeFiles/resolver.dir/home/pi/pico/pico-sdk/src/rp2_common/pico_double/double_init_rom.c.obj
                0x10003f54                __aeabi_double_init
 .text.drem_0   0x1000400c      0x12e CMakeFiles/resolver.dir/home/pi/pico/pico-sdk/src/rp2_common/pico_double/double_math.c.obj
 *fill*         0x1000413a        0x2 
 .text.__wrap_round
                0x1000413c       0x9c CMakeFiles/resolver.dir/home/pi/pico/pico-sdk/src/rp2_common/pico_double/double_math.c.obj
                0x1000413c                __wrap_round
 .text.__wrap_atan
                0x100041d8       0x40 CMakeFiles/resolver.dir/home/pi/pico/pico-sdk/src/rp2_common/pico_double/double_math.c.obj
                0x100041d8                __wrap_atan
 .text.__wrap_remquo
                0x10004218      0x150 CMakeFiles/resolver.dir/home/pi/pico/pico-sdk/src/rp2_common/pico_double/double_math.c.obj
                0x10004218                __wrap_remquo
 .text.__wrap_remainder
                0x10004368       0x10 CMakeFiles/resolver.dir/home/pi/pico/pico-sdk/src/rp2_common/pico_double/double_math.c.obj
                0x10004368                __wrap_remainder
 .text.double_table_shim_on_use_helper
                0x10004378       0x34 CMakeFiles/resolver.dir/home/pi/pico/pico-sdk/src/rp2_common/pico_double/double_v1_rom_shim.S.obj
                0x10004378                double_table_shim_on_use_helper
 .text.__wrap___aeabi_dsub
                0x100043ac       0x10 CMakeFiles/resolver.dir/home/pi/pico/pico-sdk/src/rp2_common/pico_double/double_v1_rom_shim.S.obj
                0x100043ac                drsub_shim
                0x100043b2                dsub_shim
 .text.dadd_shim
                0x100043bc      0x15c CMakeFiles/resolver.dir/home/pi/pico/pico-sdk/src/rp2_common/pico_double/double_v1_rom_shim.S.obj
                0x100043bc                dadd_shim
 .text.dmul_shim
                0x10004518      0x15c CMakeFiles/resolver.dir/home/pi/pico/pico-sdk/src/rp2_common/pico_double/double_v1_rom_shim.S.obj
                0x10004518                dmul_shim
 .text.ddiv_shim
                0x10004674      0x1b0 CMakeFiles/resolver.dir/home/pi/pico/pico-sdk/src/rp2_common/pico_double/double_v1_rom_shim.S.obj
                0x10004674                ddiv_shim
 .text.dsqrt_shim
                0x10004824      0x1a8 CMakeFiles/resolver.dir/home/pi/pico/pico-sdk/src/rp2_common/pico_double/double_v1_rom_shim.S.obj
                0x10004840                dsqrt_shim
 .text.dcordic_vec_step
                0x100049cc        0xe CMakeFiles/resolver.dir/home/pi/pico/pico-sdk/src/rp2_common/pico_double/double_v1_rom_shim.S.obj
                0x100049cc                dcordic_vec_step
 .text.dcordic_rot_step
                0x100049da       0x7c CMakeFiles/resolver.dir/home/pi/pico/pico-sdk/src/rp2_common/pico_double/double_v1_rom_shim.S.obj
                0x100049da                dcordic_rot_step
 .text.double2uint_shim
                0x10004a56        0xe CMakeFiles/resolver.dir/home/pi/pico/pico-sdk/src/rp2_common/pico_double/double_v1_rom_shim.S.obj
                0x10004a56                double2uint_shim
                0x10004a58                double2ufix_shim
 .text.double2int64_shim
                0x10004a64       0x1a CMakeFiles/resolver.dir/home/pi/pico/pico-sdk/src/rp2_common/pico_double/double_v1_rom_shim.S.obj
                0x10004a64                double2int64_shim
                0x10004a66                double2fix64_shim
 *fill*         0x10004a7e        0x2 
 .text.double2uint64_shim
                0x10004a80       0x6c CMakeFiles/resolver.dir/home/pi/pico/pico-sdk/src/rp2_common/pico_double/double_v1_rom_shim.S.obj
                0x10004a80                double2uint64_shim
                0x10004a82                double2ufix64_shim
                0x10004a9c                d2fix_a
 .text.x2double_shims
                0x10004aec       0x90 CMakeFiles/resolver.dir/home/pi/pico/pico-sdk/src/rp2_common/pico_double/double_v1_rom_shim.S.obj
                0x10004aec                uint2double_shim
                0x10004aee                ufix2double_shim
                0x10004af4                int2double_shim
                0x10004af6                fix2double_shim
                0x10004afc                uint642double_shim
                0x10004afe                ufix642double_shim
                0x10004b04                int642double_shim
                0x10004b06                fix642double_shim
 .text.dunpacks
                0x10004b7c       0x3c CMakeFiles/resolver.dir/home/pi/pico/pico-sdk/src/rp2_common/pico_double/double_v1_rom_shim.S.obj
                0x10004b7c                dunpacks
 .text.dreduce  0x10004bb8       0x82 CMakeFiles/resolver.dir/home/pi/pico/pico-sdk/src/rp2_common/pico_double/double_v1_rom_shim.S.obj
                0x10004bb8                dreduce
 .text.dsin_shim
                0x10004c3a       0x14 CMakeFiles/resolver.dir/home/pi/pico/pico-sdk/src/rp2_common/pico_double/double_v1_rom_shim.S.obj
                0x10004c3a                dsin_shim
 *fill*         0x10004c4e        0x2 
 .text.dtrig_guts
                0x10004c50      0x2ec CMakeFiles/resolver.dir/home/pi/pico/pico-sdk/src/rp2_common/pico_double/double_v1_rom_shim.S.obj
                0x10004d28                datan2_shim
 .text.__aeabi_lmul
                0x10004f3c       0x32 CMakeFiles/resolver.dir/home/pi/pico/pico-sdk/src/rp2_common/pico_int64_ops/pico_int64_ops_aeabi.S.obj
                0x10004f3c                __wrap___aeabi_lmul
 *fill*         0x10004f6e        0x2 
 .text.__aeabi_float_init
                0x10004f70       0xfc CMakeFiles/resolver.dir/home/pi/pico/pico-sdk/src/rp2_common/pico_float/float_init_rom.c.obj
                0x10004f70                __aeabi_float_init
 .text.float_table_shim_on_use_helper
                0x1000506c       0x34 CMakeFiles/resolver.dir/home/pi/pico/pico-sdk/src/rp2_common/pico_float/float_v1_rom_shim.S.obj
                0x1000506c                float_table_shim_on_use_helper
 .text          0x100050a0       0x10 CMakeFiles/resolver.dir/home/pi/pico/pico-sdk/src/rp2_common/pico_mem_ops/mem_ops_aeabi.S.obj
                0x100050a0                __aeabi_mem_init
 .text.memset   0x100050b0        0xc CMakeFiles/resolver.dir/home/pi/pico/pico-sdk/src/rp2_common/pico_mem_ops/mem_ops_aeabi.S.obj
                0x100050b0                __wrap_memset
 .text.memcpy   0x100050bc        0xc CMakeFiles/resolver.dir/home/pi/pico/pico-sdk/src/rp2_common/pico_mem_ops/mem_ops_aeabi.S.obj
                0x100050bc                __wrap___aeabi_memcpy
                0x100050bc                __wrap_memcpy
 .text.stdio_out_chars_crlf
                0x100050c8       0x80 CMakeFiles/resolver.dir/home/pi/pico/pico-sdk/src/rp2_common/pico_stdio/stdio.c.obj
 .text.stdio_stack_buffer_flush
                0x10005148       0x44 CMakeFiles/resolver.dir/home/pi/pico/pico-sdk/src/rp2_common/pico_stdio/stdio.c.obj
 .text.stdio_buffered_printer
                0x1000518c       0x20 CMakeFiles/resolver.dir/home/pi/pico/pico-sdk/src/rp2_common/pico_stdio/stdio.c.obj
 .text.stdout_serialize_begin
                0x100051ac       0x2c CMakeFiles/resolver.dir/home/pi/pico/pico-sdk/src/rp2_common/pico_stdio/stdio.c.obj
                0x100051ac                stdout_serialize_begin
 .text.stdout_serialize_end
                0x100051d8       0x10 CMakeFiles/resolver.dir/home/pi/pico/pico-sdk/src/rp2_common/pico_stdio/stdio.c.obj
                0x100051d8                stdout_serialize_end
 .text.stdio_put_string
                0x100051e8       0x78 CMakeFiles/resolver.dir/home/pi/pico/pico-sdk/src/rp2_common/pico_stdio/stdio.c.obj
 .text.stdio_set_driver_enabled
                0x10005260       0x38 CMakeFiles/resolver.dir/home/pi/pico/pico-sdk/src/rp2_common/pico_stdio/stdio.c.obj
                0x10005260                stdio_set_driver_enabled
 .text.stdio_flush
                0x10005298       0x20 CMakeFiles/resolver.dir/home/pi/pico/pico-sdk/src/rp2_common/pico_stdio/stdio.c.obj
                0x10005298                stdio_flush
 .text.__wrap_puts
                0x100052b8       0x1c CMakeFiles/resolver.dir/home/pi/pico/pico-sdk/src/rp2_common/pico_stdio/stdio.c.obj
                0x100052b8                __wrap_puts
 .text.__wrap_vprintf
                0x100052d4       0x44 CMakeFiles/resolver.dir/home/pi/pico/pico-sdk/src/rp2_common/pico_stdio/stdio.c.obj
                0x100052d4                __wrap_vprintf
 .text.__wrap_printf
                0x10005318       0x18 CMakeFiles/resolver.dir/home/pi/pico/pico-sdk/src/rp2_common/pico_stdio/stdio.c.obj
                0x10005318                __wrap_printf
 .text.stdio_init_all
                0x10005330        0x8 CMakeFiles/resolver.dir/home/pi/pico/pico-sdk/src/rp2_common/pico_stdio/stdio.c.obj
                0x10005330                stdio_init_all
 .text.resetd_init
                0x10005338        0x2 CMakeFiles/resolver.dir/home/pi/pico/pico-sdk/src/rp2_common/pico_stdio_usb/reset_interface.c.obj
 *fill*         0x1000533a        0x2 
 .text.resetd_reset
                0x1000533c        0xc CMakeFiles/resolver.dir/home/pi/pico/pico-sdk/src/rp2_common/pico_stdio_usb/reset_interface.c.obj
 .text.resetd_open
                0x10005348       0x34 CMakeFiles/resolver.dir/home/pi/pico/pico-sdk/src/rp2_common/pico_stdio_usb/reset_interface.c.obj
 .text.resetd_control_complete_cb
                0x1000537c        0x4 CMakeFiles/resolver.dir/home/pi/pico/pico-sdk/src/rp2_common/pico_stdio_usb/reset_interface.c.obj
 .text.resetd_xfer_cb
                0x10005380        0x4 CMakeFiles/resolver.dir/home/pi/pico/pico-sdk/src/rp2_common/pico_stdio_usb/reset_interface.c.obj
 .text.resetd_control_request_cb
                0x10005384       0x68 CMakeFiles/resolver.dir/home/pi/pico/pico-sdk/src/rp2_common/pico_stdio_usb/reset_interface.c.obj
 .text.usbd_app_driver_get_cb
                0x100053ec        0xc CMakeFiles/resolver.dir/home/pi/pico/pico-sdk/src/rp2_common/pico_stdio_usb/reset_interface.c.obj
                0x100053ec                usbd_app_driver_get_cb
 .text.tud_cdc_line_coding_cb
                0x100053f8       0x34 CMakeFiles/resolver.dir/home/pi/pico/pico-sdk/src/rp2_common/pico_stdio_usb/reset_interface.c.obj
                0x100053f8                tud_cdc_line_coding_cb
 .text.stdio_usb_in_chars
                0x1000542c       0x70 CMakeFiles/resolver.dir/home/pi/pico/pico-sdk/src/rp2_common/pico_stdio_usb/stdio_usb.c.obj
                0x1000542c                stdio_usb_in_chars
 .text.low_priority_worker_irq
                0x1000549c       0x20 CMakeFiles/resolver.dir/home/pi/pico/pico-sdk/src/rp2_common/pico_stdio_usb/stdio_usb.c.obj
 .text.stdio_usb_out_chars
                0x100054bc       0xd4 CMakeFiles/resolver.dir/home/pi/pico/pico-sdk/src/rp2_common/pico_stdio_usb/stdio_usb.c.obj
 .text.timer_task
                0x10005590       0x10 CMakeFiles/resolver.dir/home/pi/pico/pico-sdk/src/rp2_common/pico_stdio_usb/stdio_usb.c.obj
 .text.stdio_usb_init
                0x100055a0       0x8c CMakeFiles/resolver.dir/home/pi/pico/pico-sdk/src/rp2_common/pico_stdio_usb/stdio_usb.c.obj
                0x100055a0                stdio_usb_init
 .text.tud_descriptor_device_cb
                0x1000562c        0x8 CMakeFiles/resolver.dir/home/pi/pico/pico-sdk/src/rp2_common/pico_stdio_usb/stdio_usb_descriptors.c.obj
                0x1000562c                tud_descriptor_device_cb
 .text.tud_descriptor_configuration_cb
                0x10005634        0x8 CMakeFiles/resolver.dir/home/pi/pico/pico-sdk/src/rp2_common/pico_stdio_usb/stdio_usb_descriptors.c.obj
                0x10005634                tud_descriptor_configuration_cb
 .text.tud_descriptor_string_cb
                0x1000563c       0x50 CMakeFiles/resolver.dir/home/pi/pico/pico-sdk/src/rp2_common/pico_stdio_usb/stdio_usb_descriptors.c.obj
                0x1000563c                tud_descriptor_string_cb
 .text.hw_endpoint_get_by_addr
                0x1000568c       0x1c CMakeFiles/resolver.dir/home/pi/pico/pico-sdk/lib/tinyusb/src/portable/raspberrypi/rp2040/dcd_rp2040.c.obj
 .text.reset_ep0
                0x100056a8       0x2c CMakeFiles/resolver.dir/home/pi/pico/pico-sdk/lib/tinyusb/src/portable/raspberrypi/rp2040/dcd_rp2040.c.obj
 .text._hw_endpoint_alloc
                0x100056d4       0x7c CMakeFiles/resolver.dir/home/pi/pico/pico-sdk/lib/tinyusb/src/portable/raspberrypi/rp2040/dcd_rp2040.c.obj
 .text._hw_endpoint_init
                0x10005750       0xbc CMakeFiles/resolver.dir/home/pi/pico/pico-sdk/lib/tinyusb/src/portable/raspberrypi/rp2040/dcd_rp2040.c.obj
 .text.hw_endpoint_init
                0x1000580c       0x18 CMakeFiles/resolver.dir/home/pi/pico/pico-sdk/lib/tinyusb/src/portable/raspberrypi/rp2040/dcd_rp2040.c.obj
 .text.hw_handle_buff_status
                0x10005824       0xbc CMakeFiles/resolver.dir/home/pi/pico/pico-sdk/lib/tinyusb/src/portable/raspberrypi/rp2040/dcd_rp2040.c.obj
 .text.dcd_rp2040_irq
                0x100058e0       0x84 CMakeFiles/resolver.dir/home/pi/pico/pico-sdk/lib/tinyusb/src/portable/raspberrypi/rp2040/dcd_rp2040.c.obj
 .text.hw_endpoint_xfer
                0x10005964       0x18 CMakeFiles/resolver.dir/home/pi/pico/pico-sdk/lib/tinyusb/src/portable/raspberrypi/rp2040/dcd_rp2040.c.obj
 .text.ep0_0len_status
                0x1000597c       0x14 CMakeFiles/resolver.dir/home/pi/pico/pico-sdk/lib/tinyusb/src/portable/raspberrypi/rp2040/dcd_rp2040.c.obj
 .text._hw_endpoint_stall
                0x10005990       0x54 CMakeFiles/resolver.dir/home/pi/pico/pico-sdk/lib/tinyusb/src/portable/raspberrypi/rp2040/dcd_rp2040.c.obj
 .text.hw_endpoint_stall
                0x100059e4        0xc CMakeFiles/resolver.dir/home/pi/pico/pico-sdk/lib/tinyusb/src/portable/raspberrypi/rp2040/dcd_rp2040.c.obj
 .text._hw_endpoint_clear_stall
                0x100059f0       0x34 CMakeFiles/resolver.dir/home/pi/pico/pico-sdk/lib/tinyusb/src/portable/raspberrypi/rp2040/dcd_rp2040.c.obj
 .text.hw_endpoint_clear_stall
                0x10005a24        0xc CMakeFiles/resolver.dir/home/pi/pico/pico-sdk/lib/tinyusb/src/portable/raspberrypi/rp2040/dcd_rp2040.c.obj
 .text.dcd_int_enable
                0x10005a30       0x2c CMakeFiles/resolver.dir/home/pi/pico/pico-sdk/lib/tinyusb/src/portable/raspberrypi/rp2040/dcd_rp2040.c.obj
                0x10005a30                dcd_int_enable
 .text.dcd_set_address
                0x10005a5c       0x30 CMakeFiles/resolver.dir/home/pi/pico/pico-sdk/lib/tinyusb/src/portable/raspberrypi/rp2040/dcd_rp2040.c.obj
                0x10005a5c                dcd_set_address
 .text.dcd_connect
                0x10005a8c       0x30 CMakeFiles/resolver.dir/home/pi/pico/pico-sdk/lib/tinyusb/src/portable/raspberrypi/rp2040/dcd_rp2040.c.obj
                0x10005a8c                dcd_connect
 .text.dcd_init
                0x10005abc       0x90 CMakeFiles/resolver.dir/home/pi/pico/pico-sdk/lib/tinyusb/src/portable/raspberrypi/rp2040/dcd_rp2040.c.obj
                0x10005abc                dcd_init
 .text.dcd_edpt0_status_complete
                0x10005b4c       0x44 CMakeFiles/resolver.dir/home/pi/pico/pico-sdk/lib/tinyusb/src/portable/raspberrypi/rp2040/dcd_rp2040.c.obj
                0x10005b4c                dcd_edpt0_status_complete
 .text.dcd_edpt_open
                0x10005b90       0x40 CMakeFiles/resolver.dir/home/pi/pico/pico-sdk/lib/tinyusb/src/portable/raspberrypi/rp2040/dcd_rp2040.c.obj
                0x10005b90                dcd_edpt_open
 .text.dcd_edpt_xfer
                0x10005bd0       0x34 CMakeFiles/resolver.dir/home/pi/pico/pico-sdk/lib/tinyusb/src/portable/raspberrypi/rp2040/dcd_rp2040.c.obj
                0x10005bd0                dcd_edpt_xfer
 .text.dcd_edpt_stall
                0x10005c04       0x28 CMakeFiles/resolver.dir/home/pi/pico/pico-sdk/lib/tinyusb/src/portable/raspberrypi/rp2040/dcd_rp2040.c.obj
                0x10005c04                dcd_edpt_stall
 .text.dcd_edpt_clear_stall
                0x10005c2c       0x28 CMakeFiles/resolver.dir/home/pi/pico/pico-sdk/lib/tinyusb/src/portable/raspberrypi/rp2040/dcd_rp2040.c.obj
                0x10005c2c                dcd_edpt_clear_stall
 .text.rp2040_usb_init
                0x10005c54       0x50 CMakeFiles/resolver.dir/home/pi/pico/pico-sdk/lib/tinyusb/src/portable/raspberrypi/rp2040/rp2040_usb.c.obj
                0x10005c54                rp2040_usb_init
 .text.hw_endpoint_reset_transfer
                0x10005ca4       0x14 CMakeFiles/resolver.dir/home/pi/pico/pico-sdk/lib/tinyusb/src/portable/raspberrypi/rp2040/rp2040_usb.c.obj
                0x10005ca4                hw_endpoint_reset_transfer
 .text._hw_endpoint_buffer_control_update32
                0x10005cb8       0x54 CMakeFiles/resolver.dir/home/pi/pico/pico-sdk/lib/tinyusb/src/portable/raspberrypi/rp2040/rp2040_usb.c.obj
                0x10005cb8                _hw_endpoint_buffer_control_update32
 .text._hw_endpoint_start_next_buffer
                0x10005d0c       0x5a CMakeFiles/resolver.dir/home/pi/pico/pico-sdk/lib/tinyusb/src/portable/raspberrypi/rp2040/rp2040_usb.c.obj
                0x10005d0c                _hw_endpoint_start_next_buffer
 .text._hw_endpoint_xfer_start
                0x10005d66       0x46 CMakeFiles/resolver.dir/home/pi/pico/pico-sdk/lib/tinyusb/src/portable/raspberrypi/rp2040/rp2040_usb.c.obj
                0x10005d66                _hw_endpoint_xfer_start
 .text._hw_endpoint_xfer_sync
                0x10005dac       0x74 CMakeFiles/resolver.dir/home/pi/pico/pico-sdk/lib/tinyusb/src/portable/raspberrypi/rp2040/rp2040_usb.c.obj
                0x10005dac                _hw_endpoint_xfer_sync
 .text._hw_endpoint_xfer_continue
                0x10005e20       0x58 CMakeFiles/resolver.dir/home/pi/pico/pico-sdk/lib/tinyusb/src/portable/raspberrypi/rp2040/rp2040_usb.c.obj
                0x10005e20                _hw_endpoint_xfer_continue
 .text._hw_endpoint_xfer
                0x10005e78       0x34 CMakeFiles/resolver.dir/home/pi/pico/pico-sdk/lib/tinyusb/src/portable/raspberrypi/rp2040/rp2040_usb.c.obj
                0x10005e78                _hw_endpoint_xfer
 .text.mark_interface_endpoint
                0x10005eac       0x2a CMakeFiles/resolver.dir/home/pi/pico/pico-sdk/lib/tinyusb/src/device/usbd.c.obj
 *fill*         0x10005ed6        0x2 
 .text.usbd_reset
                0x10005ed8       0x8c CMakeFiles/resolver.dir/home/pi/pico/pico-sdk/lib/tinyusb/src/device/usbd.c.obj
 .text.invoke_class_control
                0x10005f64       0x18 CMakeFiles/resolver.dir/home/pi/pico/pico-sdk/lib/tinyusb/src/device/usbd.c.obj
 .text.process_set_config
                0x10005f7c      0x1d8 CMakeFiles/resolver.dir/home/pi/pico/pico-sdk/lib/tinyusb/src/device/usbd.c.obj
 .text.process_get_descriptor
                0x10006154      0x100 CMakeFiles/resolver.dir/home/pi/pico/pico-sdk/lib/tinyusb/src/device/usbd.c.obj
 .text.tud_mounted
                0x10006254       0x10 CMakeFiles/resolver.dir/home/pi/pico/pico-sdk/lib/tinyusb/src/device/usbd.c.obj
                0x10006254                tud_mounted
 .text.tud_suspended
                0x10006264       0x10 CMakeFiles/resolver.dir/home/pi/pico/pico-sdk/lib/tinyusb/src/device/usbd.c.obj
                0x10006264                tud_suspended
 .text.tud_init
                0x10006274       0xb8 CMakeFiles/resolver.dir/home/pi/pico/pico-sdk/lib/tinyusb/src/device/usbd.c.obj
                0x10006274                tud_init
 .text.dcd_event_handler
                0x1000632c      0x1c0 CMakeFiles/resolver.dir/home/pi/pico/pico-sdk/lib/tinyusb/src/device/usbd.c.obj
                0x1000632c                dcd_event_handler
 .text.dcd_event_bus_signal
                0x100064ec       0x28 CMakeFiles/resolver.dir/home/pi/pico/pico-sdk/lib/tinyusb/src/device/usbd.c.obj
                0x100064ec                dcd_event_bus_signal
 .text.dcd_event_setup_received
                0x10006514       0x34 CMakeFiles/resolver.dir/home/pi/pico/pico-sdk/lib/tinyusb/src/device/usbd.c.obj
                0x10006514                dcd_event_setup_received
 .text.dcd_event_xfer_complete
                0x10006548       0x46 CMakeFiles/resolver.dir/home/pi/pico/pico-sdk/lib/tinyusb/src/device/usbd.c.obj
                0x10006548                dcd_event_xfer_complete
 .text.usbd_edpt_open
                0x1000658e        0x8 CMakeFiles/resolver.dir/home/pi/pico/pico-sdk/lib/tinyusb/src/device/usbd.c.obj
                0x1000658e                usbd_edpt_open
 *fill*         0x10006596        0x2 
 .text.usbd_open_edpt_pair
                0x10006598       0x84 CMakeFiles/resolver.dir/home/pi/pico/pico-sdk/lib/tinyusb/src/device/usbd.c.obj
                0x10006598                usbd_open_edpt_pair
 .text.usbd_edpt_claim
                0x1000661c       0x88 CMakeFiles/resolver.dir/home/pi/pico/pico-sdk/lib/tinyusb/src/device/usbd.c.obj
                0x1000661c                usbd_edpt_claim
 .text.usbd_edpt_release
                0x100066a4       0x68 CMakeFiles/resolver.dir/home/pi/pico/pico-sdk/lib/tinyusb/src/device/usbd.c.obj
                0x100066a4                usbd_edpt_release
 .text.usbd_edpt_xfer
                0x1000670c       0x80 CMakeFiles/resolver.dir/home/pi/pico/pico-sdk/lib/tinyusb/src/device/usbd.c.obj
                0x1000670c                usbd_edpt_xfer
 .text.usbd_edpt_stall
                0x1000678c       0x2c CMakeFiles/resolver.dir/home/pi/pico/pico-sdk/lib/tinyusb/src/device/usbd.c.obj
                0x1000678c                usbd_edpt_stall
 .text.usbd_edpt_clear_stall
                0x100067b8       0x2c CMakeFiles/resolver.dir/home/pi/pico/pico-sdk/lib/tinyusb/src/device/usbd.c.obj
                0x100067b8                usbd_edpt_clear_stall
 .text.usbd_edpt_stalled
                0x100067e4       0x1c CMakeFiles/resolver.dir/home/pi/pico/pico-sdk/lib/tinyusb/src/device/usbd.c.obj
                0x100067e4                usbd_edpt_stalled
 .text.process_control_request
                0x10006800      0x37c CMakeFiles/resolver.dir/home/pi/pico/pico-sdk/lib/tinyusb/src/device/usbd.c.obj
 .text.tud_task
                0x10006b7c      0x204 CMakeFiles/resolver.dir/home/pi/pico/pico-sdk/lib/tinyusb/src/device/usbd.c.obj
                0x10006b7c                tud_task
 .text._data_stage_xact
                0x10006d80       0x58 CMakeFiles/resolver.dir/home/pi/pico/pico-sdk/lib/tinyusb/src/device/usbd_control.c.obj
 .text.tud_control_status
                0x10006dd8       0x38 CMakeFiles/resolver.dir/home/pi/pico/pico-sdk/lib/tinyusb/src/device/usbd_control.c.obj
                0x10006dd8                tud_control_status
 .text.tud_control_xfer
                0x10006e10       0xa4 CMakeFiles/resolver.dir/home/pi/pico/pico-sdk/lib/tinyusb/src/device/usbd_control.c.obj
                0x10006e10                tud_control_xfer
 .text.usbd_control_reset
                0x10006eb4       0x14 CMakeFiles/resolver.dir/home/pi/pico/pico-sdk/lib/tinyusb/src/device/usbd_control.c.obj
                0x10006eb4                usbd_control_reset
 .text.usbd_control_set_complete_callback
                0x10006ec8        0xc CMakeFiles/resolver.dir/home/pi/pico/pico-sdk/lib/tinyusb/src/device/usbd_control.c.obj
                0x10006ec8                usbd_control_set_complete_callback
 .text.usbd_control_set_request
                0x10006ed4       0x1c CMakeFiles/resolver.dir/home/pi/pico/pico-sdk/lib/tinyusb/src/device/usbd_control.c.obj
                0x10006ed4                usbd_control_set_request
 .text.usbd_control_xfer_cb
                0x10006ef0       0xec CMakeFiles/resolver.dir/home/pi/pico/pico-sdk/lib/tinyusb/src/device/usbd_control.c.obj
                0x10006ef0                usbd_control_xfer_cb
 .text._prep_out_transaction
                0x10006fdc       0x46 CMakeFiles/resolver.dir/home/pi/pico/pico-sdk/lib/tinyusb/src/class/cdc/cdc_device.c.obj
 *fill*         0x10007022        0x2 
 .text.tud_cdc_n_connected
                0x10007024       0x48 CMakeFiles/resolver.dir/home/pi/pico/pico-sdk/lib/tinyusb/src/class/cdc/cdc_device.c.obj
                0x10007024                tud_cdc_n_connected
 .text.tud_cdc_n_available
                0x1000706c       0x1c CMakeFiles/resolver.dir/home/pi/pico/pico-sdk/lib/tinyusb/src/class/cdc/cdc_device.c.obj
                0x1000706c                tud_cdc_n_available
 .text.tud_cdc_n_read
                0x10007088       0x30 CMakeFiles/resolver.dir/home/pi/pico/pico-sdk/lib/tinyusb/src/class/cdc/cdc_device.c.obj
                0x10007088                tud_cdc_n_read
 .text.tud_cdc_n_write_flush
                0x100070b8       0xc4 CMakeFiles/resolver.dir/home/pi/pico/pico-sdk/lib/tinyusb/src/class/cdc/cdc_device.c.obj
                0x100070b8                tud_cdc_n_write_flush
 .text.tud_cdc_n_write
                0x1000717c       0x38 CMakeFiles/resolver.dir/home/pi/pico/pico-sdk/lib/tinyusb/src/class/cdc/cdc_device.c.obj
                0x1000717c                tud_cdc_n_write
 .text.tud_cdc_n_write_available
                0x100071b4       0x1c CMakeFiles/resolver.dir/home/pi/pico/pico-sdk/lib/tinyusb/src/class/cdc/cdc_device.c.obj
                0x100071b4                tud_cdc_n_write_available
 .text.cdcd_init
                0x100071d0       0xd4 CMakeFiles/resolver.dir/home/pi/pico/pico-sdk/lib/tinyusb/src/class/cdc/cdc_device.c.obj
                0x100071d0                cdcd_init
 .text.cdcd_reset
                0x100072a4       0x44 CMakeFiles/resolver.dir/home/pi/pico/pico-sdk/lib/tinyusb/src/class/cdc/cdc_device.c.obj
                0x100072a4                cdcd_reset
 .text.cdcd_open
                0x100072e8      0x110 CMakeFiles/resolver.dir/home/pi/pico/pico-sdk/lib/tinyusb/src/class/cdc/cdc_device.c.obj
                0x100072e8                cdcd_open
 .text.cdcd_control_complete
                0x100073f8       0x60 CMakeFiles/resolver.dir/home/pi/pico/pico-sdk/lib/tinyusb/src/class/cdc/cdc_device.c.obj
                0x100073f8                cdcd_control_complete
 .text.cdcd_control_request
                0x10007458       0x9c CMakeFiles/resolver.dir/home/pi/pico/pico-sdk/lib/tinyusb/src/class/cdc/cdc_device.c.obj
                0x10007458                cdcd_control_request
 .text.cdcd_xfer_cb
                0x100074f4      0x134 CMakeFiles/resolver.dir/home/pi/pico/pico-sdk/lib/tinyusb/src/class/cdc/cdc_device.c.obj
                0x100074f4                cdcd_xfer_cb
 .text.tusb_init
                0x10007628       0x38 CMakeFiles/resolver.dir/home/pi/pico/pico-sdk/lib/tinyusb/src/tusb.c.obj
                0x10007628                tusb_init
 .text.tusb_inited
                0x10007660        0xc CMakeFiles/resolver.dir/home/pi/pico/pico-sdk/lib/tinyusb/src/tusb.c.obj
                0x10007660                tusb_inited
 .text.advance_pointer
                0x1000766c       0x20 CMakeFiles/resolver.dir/home/pi/pico/pico-sdk/lib/tinyusb/src/common/tusb_fifo.c.obj
 .text.backward_pointer
                0x1000768c       0x20 CMakeFiles/resolver.dir/home/pi/pico/pico-sdk/lib/tinyusb/src/common/tusb_fifo.c.obj
 .text.get_relative_pointer
                0x100076ac       0x16 CMakeFiles/resolver.dir/home/pi/pico/pico-sdk/lib/tinyusb/src/common/tusb_fifo.c.obj
 .text.tu_fifo_lock
                0x100076c2       0x12 CMakeFiles/resolver.dir/home/pi/pico/pico-sdk/lib/tinyusb/src/common/tusb_fifo.c.obj
 .text.tu_fifo_unlock
                0x100076d4        0xe CMakeFiles/resolver.dir/home/pi/pico/pico-sdk/lib/tinyusb/src/common/tusb_fifo.c.obj
 .text._tu_fifo_peek_at
                0x100076e2       0x5e CMakeFiles/resolver.dir/home/pi/pico/pico-sdk/lib/tinyusb/src/common/tusb_fifo.c.obj
 .text._ff_pull_n
                0x10007740       0x4a CMakeFiles/resolver.dir/home/pi/pico/pico-sdk/lib/tinyusb/src/common/tusb_fifo.c.obj
 .text._tu_fifo_peek_at_n
                0x1000778a       0x72 CMakeFiles/resolver.dir/home/pi/pico/pico-sdk/lib/tinyusb/src/common/tusb_fifo.c.obj
 .text._ff_push_n
                0x100077fc       0x4a CMakeFiles/resolver.dir/home/pi/pico/pico-sdk/lib/tinyusb/src/common/tusb_fifo.c.obj
 .text.tu_fifo_config
                0x10007846       0x48 CMakeFiles/resolver.dir/home/pi/pico/pico-sdk/lib/tinyusb/src/common/tusb_fifo.c.obj
                0x10007846                tu_fifo_config
 .text.tu_fifo_count
                0x1000788e       0x1a CMakeFiles/resolver.dir/home/pi/pico/pico-sdk/lib/tinyusb/src/common/tusb_fifo.c.obj
                0x1000788e                tu_fifo_count
 .text.tu_fifo_remaining
                0x100078a8       0x20 CMakeFiles/resolver.dir/home/pi/pico/pico-sdk/lib/tinyusb/src/common/tusb_fifo.c.obj
                0x100078a8                tu_fifo_remaining
 .text.tu_fifo_read
                0x100078c8       0x3a CMakeFiles/resolver.dir/home/pi/pico/pico-sdk/lib/tinyusb/src/common/tusb_fifo.c.obj
                0x100078c8                tu_fifo_read
 .text.tu_fifo_read_n
                0x10007902       0x3e CMakeFiles/resolver.dir/home/pi/pico/pico-sdk/lib/tinyusb/src/common/tusb_fifo.c.obj
                0x10007902                tu_fifo_read_n
 .text.tu_fifo_write
                0x10007940       0x5c CMakeFiles/resolver.dir/home/pi/pico/pico-sdk/lib/tinyusb/src/common/tusb_fifo.c.obj
                0x10007940                tu_fifo_write
 .text.tu_fifo_write_n
                0x1000799c       0x7c CMakeFiles/resolver.dir/home/pi/pico/pico-sdk/lib/tinyusb/src/common/tusb_fifo.c.obj
                0x1000799c                tu_fifo_write_n
 .text.tu_fifo_clear
                0x10007a18       0x18 CMakeFiles/resolver.dir/home/pi/pico/pico-sdk/lib/tinyusb/src/common/tusb_fifo.c.obj
                0x10007a18                tu_fifo_clear
 .text.adc_init
                0x10007a30       0x34 CMakeFiles/resolver.dir/home/pi/pico/pico-sdk/src/rp2_common/hardware_adc/adc.c.obj
                0x10007a30                adc_init
 .text          0x10007a64       0x64 /usr/lib/gcc/arm-none-eabi/7.3.1/../../../arm-none-eabi/lib/thumb/v6-m/libg.a(lib_a-strlen-stub.o)
                0x10007a64                strlen
 *(.fini)
 .fini          0x10007ac8        0x4 /usr/lib/gcc/arm-none-eabi/7.3.1/thumb/v6-m/crti.o
                0x10007ac8                _fini
 *fill*         0x10007acc        0x4 
 .fini.__stub   0x10007ad0       0x60 linker stubs
 *crtbegin.o(.ctors)
 *crtbegin?.o(.ctors)
 *(EXCLUDE_FILE(*crtend.o *crtend?.o) .ctors)
 *(SORT_BY_NAME(.ctors.*))
 *(.ctors)
 *crtbegin.o(.dtors)
 *crtbegin?.o(.dtors)
 *(EXCLUDE_FILE(*crtend.o *crtend?.o) .dtors)
 *(SORT_BY_NAME(.dtors.*))
 *(.dtors)
 *(.eh_frame*)
 .eh_frame      0x10007b30        0x0 /usr/lib/gcc/arm-none-eabi/7.3.1/thumb/v6-m/crtbegin.o
                0x10007b30                . = ALIGN (0x4)

.glue_7         0x10007b30        0x0
 .glue_7        0x10007b30        0x0 linker stubs

.glue_7t        0x10007b30        0x0
 .glue_7t       0x10007b30        0x0 linker stubs

.vfp11_veneer   0x10007b30        0x0
 .vfp11_veneer  0x10007b30        0x0 linker stubs

.v4_bx          0x10007b30        0x0
 .v4_bx         0x10007b30        0x0 linker stubs

.iplt           0x10007b30        0x0
 .iplt          0x10007b30        0x0 /usr/lib/gcc/arm-none-eabi/7.3.1/thumb/v6-m/crtbegin.o

.rodata         0x10007b30     0x13b8
 *(EXCLUDE_FILE(*libm.a: *libc.a:*lib_a-mem*.o *libgcc.a:) .rodata*)
 .rodata.main.str1.4
                0x10007b30       0x18 CMakeFiles/resolver.dir/resolver.c.obj
 .rodata.spin_lock_claim_unused.str1.4
                0x10007b48       0x1b CMakeFiles/resolver.dir/home/pi/pico/pico-sdk/src/rp2_common/hardware_sync/sync.c.obj
 *fill*         0x10007b63        0x1 
 .rodata.__func__.5876
                0x10007b64        0xc CMakeFiles/resolver.dir/home/pi/pico/pico-sdk/src/common/pico_time/time.c.obj
 .rodata.__func__.5883
                0x10007b70       0x12 CMakeFiles/resolver.dir/home/pi/pico/pico-sdk/src/common/pico_time/time.c.obj
 *fill*         0x10007b82        0x2 
 .rodata.__func__.5899
                0x10007b84        0xf CMakeFiles/resolver.dir/home/pi/pico/pico-sdk/src/common/pico_time/time.c.obj
 *fill*         0x10007b93        0x1 
 .rodata.__func__.5921
                0x10007b94        0xd CMakeFiles/resolver.dir/home/pi/pico/pico-sdk/src/common/pico_time/time.c.obj
 *fill*         0x10007ba1        0x3 
 .rodata.__func__.6041
                0x10007ba4        0xa CMakeFiles/resolver.dir/home/pi/pico/pico-sdk/src/common/pico_time/time.c.obj
 *fill*         0x10007bae        0x2 
 .rodata.__func__.6046
                0x10007bb0       0x12 CMakeFiles/resolver.dir/home/pi/pico/pico-sdk/src/common/pico_time/time.c.obj
 *fill*         0x10007bc2        0x2 
 .rodata.__func__.6061
                0x10007bc4       0x17 CMakeFiles/resolver.dir/home/pi/pico/pico-sdk/src/common/pico_time/time.c.obj
 *fill*         0x10007bdb        0x1 
 .rodata.__func__.6072
                0x10007bdc       0x15 CMakeFiles/resolver.dir/home/pi/pico/pico-sdk/src/common/pico_time/time.c.obj
 *fill*         0x10007bf1        0x3 
 .rodata.__func__.6089
                0x10007bf4       0x1a CMakeFiles/resolver.dir/home/pi/pico/pico-sdk/src/common/pico_time/time.c.obj
 *fill*         0x10007c0e        0x2 
 .rodata.__func__.6128
                0x10007c10       0x18 CMakeFiles/resolver.dir/home/pi/pico/pico-sdk/src/common/pico_time/time.c.obj
 .rodata.__func__.6143
                0x10007c28       0x19 CMakeFiles/resolver.dir/home/pi/pico/pico-sdk/src/common/pico_time/time.c.obj
 *fill*         0x10007c41        0x3 
 .rodata.add_alarm_under_lock.str1.4
                0x10007c44       0x28 CMakeFiles/resolver.dir/home/pi/pico/pico-sdk/src/common/pico_time/time.c.obj
                                 0x2b (size before relaxing)
 .rodata.alarm_pool_alarm_callback.str1.4
                0x10007c6c       0x82 CMakeFiles/resolver.dir/home/pi/pico/pico-sdk/src/common/pico_time/time.c.obj
 *fill*         0x10007cee        0x2 
 .rodata.alarm_pool_cancel_alarm.str1.4
                0x10007cf0       0x27 CMakeFiles/resolver.dir/home/pi/pico/pico-sdk/src/common/pico_time/time.c.obj
 *fill*         0x10007d17        0x1 
 .rodata.alarm_pool_get_default.str1.4
                0x10007d18       0x21 CMakeFiles/resolver.dir/home/pi/pico/pico-sdk/src/common/pico_time/time.c.obj
 *fill*         0x10007d39        0x3 
 .rodata.ph_add_child_node.str1.4
                0x10007d3c       0x92 CMakeFiles/resolver.dir/home/pi/pico/pico-sdk/src/common/pico_time/time.c.obj
 *fill*         0x10007dce        0x2 
 .rodata.repeating_timer_callback.str1.4
                0x10007dd0       0x47 CMakeFiles/resolver.dir/home/pi/pico/pico-sdk/src/common/pico_time/time.c.obj
 *fill*         0x10007e17        0x1 
 .rodata.sleep_until.str1.4
                0x10007e18       0x4d CMakeFiles/resolver.dir/home/pi/pico/pico-sdk/src/common/pico_time/time.c.obj
 *fill*         0x10007e65        0x3 
 .rodata.timer_pool_entry_comparator.str1.4
                0x10007e68       0x22 CMakeFiles/resolver.dir/home/pi/pico/pico-sdk/src/common/pico_time/time.c.obj
 *fill*         0x10007e8a        0x2 
 .rodata.__func__.4492
                0x10007e8c       0x1a CMakeFiles/resolver.dir/home/pi/pico/pico-sdk/src/rp2_common/hardware_timer/timer.c.obj
 *fill*         0x10007ea6        0x2 
 .rodata.hardware_alarm_claim.str1.4
                0x10007ea8       0x22 CMakeFiles/resolver.dir/home/pi/pico/pico-sdk/src/rp2_common/hardware_timer/timer.c.obj
 *fill*         0x10007eca        0x2 
 .rodata.hardware_alarm_set_target.str1.4
                0x10007ecc       0x61 CMakeFiles/resolver.dir/home/pi/pico/pico-sdk/src/rp2_common/hardware_timer/timer.c.obj
 *fill*         0x10007f2d        0x3 
 .rodata.__func__.4548
                0x10007f30       0x15 CMakeFiles/resolver.dir/home/pi/pico/pico-sdk/src/common/pico_sync/mutex.c.obj
 *fill*         0x10007f45        0x3 
 .rodata.__func__.4567
                0x10007f48       0x18 CMakeFiles/resolver.dir/home/pi/pico/pico-sdk/src/common/pico_sync/mutex.c.obj
 .rodata.__func__.4576
                0x10007f60        0xb CMakeFiles/resolver.dir/home/pi/pico/pico-sdk/src/common/pico_sync/mutex.c.obj
 *fill*         0x10007f6b        0x1 
 .rodata.str1.4
                0x10007f6c       0x58 CMakeFiles/resolver.dir/home/pi/pico/pico-sdk/src/common/pico_sync/mutex.c.obj
 .rodata.__func__.5652
                0x10007fc4        0xc CMakeFiles/resolver.dir/home/pi/pico/pico-sdk/src/common/pico_util/pheap.c.obj
 .rodata.__func__.5659
                0x10007fd0       0x12 CMakeFiles/resolver.dir/home/pi/pico/pico-sdk/src/common/pico_util/pheap.c.obj
 *fill*         0x10007fe2        0x2 
 .rodata.__func__.5745
                0x10007fe4       0x13 CMakeFiles/resolver.dir/home/pi/pico/pico-sdk/src/common/pico_util/pheap.c.obj
 *fill*         0x10007ff7        0x1 
 .rodata.__func__.5763
                0x10007ff8       0x18 CMakeFiles/resolver.dir/home/pi/pico/pico-sdk/src/common/pico_util/pheap.c.obj
 .rodata.ph_add_child_node.str1.4
                0x10008010       0x92 CMakeFiles/resolver.dir/home/pi/pico/pico-sdk/src/common/pico_util/pheap.c.obj
 .rodata.ph_remove_and_free_node.str1.4
                0x10008010       0x26 CMakeFiles/resolver.dir/home/pi/pico/pico-sdk/src/common/pico_util/pheap.c.obj
 *fill*         0x10008036        0x2 
 .rodata.ph_remove_any_head.str1.4
                0x10008038       0x88 CMakeFiles/resolver.dir/home/pi/pico/pico-sdk/src/common/pico_util/pheap.c.obj
 .rodata.__assert_func.str1.4
                0x100080c0       0x3f CMakeFiles/resolver.dir/home/pi/pico/pico-sdk/src/rp2_common/pico_runtime/runtime.c.obj
                                 0x43 (size before relaxing)
 *fill*         0x100080ff        0x1 
 .rodata.panic.str1.4
                0x10008100       0x12 CMakeFiles/resolver.dir/home/pi/pico/pico-sdk/src/rp2_common/pico_runtime/runtime.c.obj
 *fill*         0x10008112        0x2 
 .rodata.__func__.4612
                0x10008114       0x10 CMakeFiles/resolver.dir/home/pi/pico/pico-sdk/src/rp2_common/hardware_clocks/clocks.c.obj
 .rodata.clock_configure.str1.4
                0x10008124       0x53 CMakeFiles/resolver.dir/home/pi/pico/pico-sdk/src/rp2_common/hardware_clocks/clocks.c.obj
 *fill*         0x10008177        0x1 
 .rodata.__func__.4342
                0x10008178        0x9 CMakeFiles/resolver.dir/home/pi/pico/pico-sdk/src/rp2_common/hardware_pll/pll.c.obj
 *fill*         0x10008181        0x3 
 .rodata.pll_init.str1.4
                0x10008184       0xd7 CMakeFiles/resolver.dir/home/pi/pico/pico-sdk/src/rp2_common/hardware_pll/pll.c.obj
 *fill*         0x1000825b        0x1 
 .rodata.__func__.4452
                0x1000825c       0x1a CMakeFiles/resolver.dir/home/pi/pico/pico-sdk/src/rp2_common/hardware_irq/irq.c.obj
 *fill*         0x10008276        0x2 
 .rodata.__func__.4466
                0x10008278        0xc CMakeFiles/resolver.dir/home/pi/pico/pico-sdk/src/rp2_common/hardware_irq/irq.c.obj
 .rodata.__func__.4474
                0x10008284       0x17 CMakeFiles/resolver.dir/home/pi/pico/pico-sdk/src/rp2_common/hardware_irq/irq.c.obj
 *fill*         0x1000829b        0x1 
 .rodata.__func__.4478
                0x1000829c        0xf CMakeFiles/resolver.dir/home/pi/pico/pico-sdk/src/rp2_common/hardware_irq/irq.c.obj
 *fill*         0x100082ab        0x1 
 .rodata.__func__.4517
                0x100082ac       0x13 CMakeFiles/resolver.dir/home/pi/pico/pico-sdk/src/rp2_common/hardware_irq/irq.c.obj
 *fill*         0x100082bf        0x1 
 .rodata.__func__.4536
                0x100082c0       0x1a CMakeFiles/resolver.dir/home/pi/pico/pico-sdk/src/rp2_common/hardware_irq/irq.c.obj
 *fill*         0x100082da        0x2 
 .rodata.irq_add_shared_handler.str1.4
                0x100082dc       0xd9 CMakeFiles/resolver.dir/home/pi/pico/pico-sdk/src/rp2_common/hardware_irq/irq.c.obj
 *fill*         0x100083b5        0x3 
 .rodata.irq_add_tail_to_free_list.str1.4
                0x100083b8       0x32 CMakeFiles/resolver.dir/home/pi/pico/pico-sdk/src/rp2_common/hardware_irq/irq.c.obj
                                 0x3a (size before relaxing)
 *fill*         0x100083ea        0x2 
 .rodata.irq_remove_handler.str1.4
                0x100083ec       0x2a CMakeFiles/resolver.dir/home/pi/pico/pico-sdk/src/rp2_common/hardware_irq/irq.c.obj
 *fill*         0x10008416        0x2 
 .rodata.irq_set_exclusive_handler.str1.4
                0x10008418       0x36 CMakeFiles/resolver.dir/home/pi/pico/pico-sdk/src/rp2_common/hardware_irq/irq.c.obj
 *fill*         0x1000844e        0x2 
 .rodata.make_branch.str1.4
                0x10008450       0x49 CMakeFiles/resolver.dir/home/pi/pico/pico-sdk/src/rp2_common/hardware_irq/irq.c.obj
 *fill*         0x10008499        0x3 
 .rodata._vsnprintf
                0x1000849c      0x1e0 CMakeFiles/resolver.dir/home/pi/pico/pico-sdk/src/rp2_common/pico_printf/printf.c.obj
 .rodata._ftoa.str1.4
                0x1000867c       0x15 CMakeFiles/resolver.dir/home/pi/pico/pico-sdk/src/rp2_common/pico_printf/printf.c.obj
 *fill*         0x10008691        0x7 
 .rodata.pow10.5366
                0x10008698       0x50 CMakeFiles/resolver.dir/home/pi/pico/pico-sdk/src/rp2_common/pico_printf/printf.c.obj
 .rodata.__aeabi_double_init.str1.4
                0x100086e8       0xa4 CMakeFiles/resolver.dir/home/pi/pico/pico-sdk/src/rp2_common/pico_double/double_init_rom.c.obj
 .rodata.__func__.4625
                0x1000878c       0x14 CMakeFiles/resolver.dir/home/pi/pico/pico-sdk/src/rp2_common/pico_double/double_init_rom.c.obj
 .rodata.__aeabi_float_init.str1.4
                0x100087a0       0x76 CMakeFiles/resolver.dir/home/pi/pico/pico-sdk/src/rp2_common/pico_float/float_init_rom.c.obj
                                 0x7a (size before relaxing)
 *fill*         0x10008816        0x2 
 .rodata.__func__.4627
                0x10008818       0x13 CMakeFiles/resolver.dir/home/pi/pico/pico-sdk/src/rp2_common/pico_float/float_init_rom.c.obj
 *fill*         0x1000882b        0x1 
 .rodata.__bi_40
                0x1000882c        0xc CMakeFiles/resolver.dir/home/pi/pico/pico-sdk/src/rp2_common/pico_standard_link/binary_info.c.obj
 .rodata.__bi_65
                0x10008838        0xc CMakeFiles/resolver.dir/home/pi/pico/pico-sdk/src/rp2_common/pico_standard_link/binary_info.c.obj
 .rodata.__bi_71
                0x10008844        0xc CMakeFiles/resolver.dir/home/pi/pico/pico-sdk/src/rp2_common/pico_standard_link/binary_info.c.obj
 .rodata.__bi_77
                0x10008850        0xc CMakeFiles/resolver.dir/home/pi/pico/pico-sdk/src/rp2_common/pico_standard_link/binary_info.c.obj
 .rodata.str1.4
                0x1000885c       0x4c CMakeFiles/resolver.dir/home/pi/pico/pico-sdk/src/rp2_common/pico_standard_link/binary_info.c.obj
 .rodata.crlf_str.5794
                0x100088a8        0x2 CMakeFiles/resolver.dir/home/pi/pico/pico-sdk/src/rp2_common/pico_stdio/stdio.c.obj
 *fill*         0x100088aa        0x2 
 .rodata._resetd_driver
                0x100088ac       0x1c CMakeFiles/resolver.dir/home/pi/pico/pico-sdk/src/rp2_common/pico_stdio_usb/reset_interface.c.obj
 .rodata.__bi_92.6993
                0x100088c8        0xc CMakeFiles/resolver.dir/home/pi/pico/pico-sdk/src/rp2_common/pico_stdio_usb/stdio_usb.c.obj
 .rodata.str1.4
                0x100088d4       0x13 CMakeFiles/resolver.dir/home/pi/pico/pico-sdk/src/rp2_common/pico_stdio_usb/stdio_usb.c.obj
 *fill*         0x100088e7        0x1 
 .rodata.str1.4
                0x100088e8       0x3a CMakeFiles/resolver.dir/home/pi/pico/pico-sdk/src/rp2_common/pico_stdio_usb/stdio_usb_descriptors.c.obj
 *fill*         0x10008922        0x2 
 .rodata.usbd_desc_cfg
                0x10008924       0x54 CMakeFiles/resolver.dir/home/pi/pico/pico-sdk/src/rp2_common/pico_stdio_usb/stdio_usb_descriptors.c.obj
 .rodata.usbd_desc_device
                0x10008978       0x12 CMakeFiles/resolver.dir/home/pi/pico/pico-sdk/src/rp2_common/pico_stdio_usb/stdio_usb_descriptors.c.obj
 *fill*         0x1000898a        0x2 
 .rodata.usbd_desc_str
                0x1000898c       0x18 CMakeFiles/resolver.dir/home/pi/pico/pico-sdk/src/rp2_common/pico_stdio_usb/stdio_usb_descriptors.c.obj
 .rodata.__func__.6704
                0x100089a4       0x13 CMakeFiles/resolver.dir/home/pi/pico/pico-sdk/lib/tinyusb/src/portable/raspberrypi/rp2040/dcd_rp2040.c.obj
 *fill*         0x100089b7        0x1 
 .rodata.__func__.6735
                0x100089b8       0x16 CMakeFiles/resolver.dir/home/pi/pico/pico-sdk/lib/tinyusb/src/portable/raspberrypi/rp2040/dcd_rp2040.c.obj
 *fill*         0x100089ce        0x2 
 .rodata.__func__.6756
                0x100089d0       0x13 CMakeFiles/resolver.dir/home/pi/pico/pico-sdk/lib/tinyusb/src/portable/raspberrypi/rp2040/dcd_rp2040.c.obj
 *fill*         0x100089e3        0x1 
 .rodata.__func__.6777
                0x100089e4        0x9 CMakeFiles/resolver.dir/home/pi/pico/pico-sdk/lib/tinyusb/src/portable/raspberrypi/rp2040/dcd_rp2040.c.obj
 *fill*         0x100089ed        0x3 
 .rodata.__func__.6781
                0x100089f0        0xf CMakeFiles/resolver.dir/home/pi/pico/pico-sdk/lib/tinyusb/src/portable/raspberrypi/rp2040/dcd_rp2040.c.obj
 *fill*         0x100089ff        0x1 
 .rodata.__func__.6790
                0x10008a00       0x10 CMakeFiles/resolver.dir/home/pi/pico/pico-sdk/lib/tinyusb/src/portable/raspberrypi/rp2040/dcd_rp2040.c.obj
 .rodata.__func__.6802
                0x10008a10        0xc CMakeFiles/resolver.dir/home/pi/pico/pico-sdk/lib/tinyusb/src/portable/raspberrypi/rp2040/dcd_rp2040.c.obj
 .rodata.__func__.6807
                0x10008a1c       0x1a CMakeFiles/resolver.dir/home/pi/pico/pico-sdk/lib/tinyusb/src/portable/raspberrypi/rp2040/dcd_rp2040.c.obj
 *fill*         0x10008a36        0x2 
 .rodata.__func__.6812
                0x10008a38        0xe CMakeFiles/resolver.dir/home/pi/pico/pico-sdk/lib/tinyusb/src/portable/raspberrypi/rp2040/dcd_rp2040.c.obj
 *fill*         0x10008a46        0x2 
 .rodata.__func__.6819
                0x10008a48        0xe CMakeFiles/resolver.dir/home/pi/pico/pico-sdk/lib/tinyusb/src/portable/raspberrypi/rp2040/dcd_rp2040.c.obj
 *fill*         0x10008a56        0x2 
 .rodata.__func__.6824
                0x10008a58        0xf CMakeFiles/resolver.dir/home/pi/pico/pico-sdk/lib/tinyusb/src/portable/raspberrypi/rp2040/dcd_rp2040.c.obj
 *fill*         0x10008a67        0x1 
 .rodata.__func__.6829
                0x10008a68       0x15 CMakeFiles/resolver.dir/home/pi/pico/pico-sdk/lib/tinyusb/src/portable/raspberrypi/rp2040/dcd_rp2040.c.obj
 *fill*         0x10008a7d        0x3 
 .rodata._hw_endpoint_alloc.str1.4
                0x10008a80       0xb1 CMakeFiles/resolver.dir/home/pi/pico/pico-sdk/lib/tinyusb/src/portable/raspberrypi/rp2040/dcd_rp2040.c.obj
 *fill*         0x10008b31        0x3 
 .rodata._hw_endpoint_init.str1.4
                0x10008b34       0x28 CMakeFiles/resolver.dir/home/pi/pico/pico-sdk/lib/tinyusb/src/portable/raspberrypi/rp2040/dcd_rp2040.c.obj
 .rodata._hw_endpoint_stall.str1.4
                0x10008b5c        0xd CMakeFiles/resolver.dir/home/pi/pico/pico-sdk/lib/tinyusb/src/portable/raspberrypi/rp2040/dcd_rp2040.c.obj
 *fill*         0x10008b69        0x3 
 .rodata.dcd_int_enable.str1.4
                0x10008b6c        0xc CMakeFiles/resolver.dir/home/pi/pico/pico-sdk/lib/tinyusb/src/portable/raspberrypi/rp2040/dcd_rp2040.c.obj
 .rodata.dcd_rp2040_irq.str1.4
                0x10008b78       0x14 CMakeFiles/resolver.dir/home/pi/pico/pico-sdk/lib/tinyusb/src/portable/raspberrypi/rp2040/dcd_rp2040.c.obj
 .rodata.hw_handle_buff_status.str1.4
                0x10008b8c        0xb CMakeFiles/resolver.dir/home/pi/pico/pico-sdk/lib/tinyusb/src/portable/raspberrypi/rp2040/dcd_rp2040.c.obj
 *fill*         0x10008b97        0x1 
 .rodata.__func__.6590
                0x10008b98       0x17 CMakeFiles/resolver.dir/home/pi/pico/pico-sdk/lib/tinyusb/src/portable/raspberrypi/rp2040/rp2040_usb.c.obj
 *fill*         0x10008baf        0x1 
 .rodata.__func__.6601
                0x10008bb0       0x12 CMakeFiles/resolver.dir/home/pi/pico/pico-sdk/lib/tinyusb/src/portable/raspberrypi/rp2040/rp2040_usb.c.obj
 *fill*         0x10008bc2        0x2 
 .rodata._hw_endpoint_buffer_control_update32.str1.4
                0x10008bc4       0x1f CMakeFiles/resolver.dir/home/pi/pico/pico-sdk/lib/tinyusb/src/portable/raspberrypi/rp2040/rp2040_usb.c.obj
 *fill*         0x10008be3        0x1 
 .rodata._hw_endpoint_xfer.str1.4
                0x10008be4        0xf CMakeFiles/resolver.dir/home/pi/pico/pico-sdk/lib/tinyusb/src/portable/raspberrypi/rp2040/rp2040_usb.c.obj
 *fill*         0x10008bf3        0x1 
 .rodata._hw_endpoint_xfer_continue.str1.4
                0x10008bf4       0x50 CMakeFiles/resolver.dir/home/pi/pico/pico-sdk/lib/tinyusb/src/portable/raspberrypi/rp2040/rp2040_usb.c.obj
 .rodata._hw_endpoint_xfer_sync.str1.4
                0x10008c44       0x8d CMakeFiles/resolver.dir/home/pi/pico/pico-sdk/lib/tinyusb/src/portable/raspberrypi/rp2040/rp2040_usb.c.obj
 *fill*         0x10008cd1        0x3 
 .rodata.str1.4
                0x10008cd4        0x7 CMakeFiles/resolver.dir/home/pi/pico/pico-sdk/lib/tinyusb/src/portable/raspberrypi/rp2040/rp2040_usb.c.obj
 *fill*         0x10008cdb        0x1 
 .rodata.process_get_descriptor
                0x10008cdc       0x40 CMakeFiles/resolver.dir/home/pi/pico/pico-sdk/lib/tinyusb/src/device/usbd.c.obj
 .rodata.process_control_request
                0x10008d1c       0x28 CMakeFiles/resolver.dir/home/pi/pico/pico-sdk/lib/tinyusb/src/device/usbd.c.obj
 .rodata.tud_task
                0x10008d44       0x24 CMakeFiles/resolver.dir/home/pi/pico/pico-sdk/lib/tinyusb/src/device/usbd.c.obj
 .rodata.__func__.6351
                0x10008d68       0x13 CMakeFiles/resolver.dir/home/pi/pico/pico-sdk/lib/tinyusb/src/device/usbd.c.obj
 *fill*         0x10008d7b        0x1 
 .rodata.__func__.6358
                0x10008d7c       0x10 CMakeFiles/resolver.dir/home/pi/pico/pico-sdk/lib/tinyusb/src/device/usbd.c.obj
 .rodata.__func__.7128
                0x10008d8c        0x9 CMakeFiles/resolver.dir/home/pi/pico/pico-sdk/lib/tinyusb/src/device/usbd.c.obj
 *fill*         0x10008d95        0x3 
 .rodata.__func__.7149
                0x10008d98       0x18 CMakeFiles/resolver.dir/home/pi/pico/pico-sdk/lib/tinyusb/src/device/usbd.c.obj
 .rodata.__func__.7188
                0x10008db0       0x13 CMakeFiles/resolver.dir/home/pi/pico/pico-sdk/lib/tinyusb/src/device/usbd.c.obj
 *fill*         0x10008dc3        0x1 
 .rodata.__func__.7231
                0x10008dc4       0x17 CMakeFiles/resolver.dir/home/pi/pico/pico-sdk/lib/tinyusb/src/device/usbd.c.obj
 *fill*         0x10008ddb        0x1 
 .rodata.__func__.7285
                0x10008ddc       0x14 CMakeFiles/resolver.dir/home/pi/pico/pico-sdk/lib/tinyusb/src/device/usbd.c.obj
 .rodata.__func__.7321
                0x10008df0        0xf CMakeFiles/resolver.dir/home/pi/pico/pico-sdk/lib/tinyusb/src/device/usbd.c.obj
 *fill*         0x10008dff        0x1 
 .rodata._usbd_driver
                0x10008e00       0x1c CMakeFiles/resolver.dir/home/pi/pico/pico-sdk/lib/tinyusb/src/device/usbd.c.obj
 .rodata.dcd_event_handler.str1.4
                0x10008e1c       0x48 CMakeFiles/resolver.dir/home/pi/pico/pico-sdk/lib/tinyusb/src/device/usbd.c.obj
 .rodata.process_set_config.str1.4
                0x10008e64       0x18 CMakeFiles/resolver.dir/home/pi/pico/pico-sdk/lib/tinyusb/src/device/usbd.c.obj
                                 0x17 (size before relaxing)
 .rodata.__func__.7048
                0x10008e7c       0x11 CMakeFiles/resolver.dir/home/pi/pico/pico-sdk/lib/tinyusb/src/device/usbd_control.c.obj
 *fill*         0x10008e8d        0x3 
 .rodata.__func__.7066
                0x10008e90       0x15 CMakeFiles/resolver.dir/home/pi/pico/pico-sdk/lib/tinyusb/src/device/usbd_control.c.obj
 .rodata.tud_control_xfer.str1.4
                0x10008ea5       0x17 CMakeFiles/resolver.dir/home/pi/pico/pico-sdk/lib/tinyusb/src/device/usbd_control.c.obj
 *fill*         0x10008ea5        0x3 
 .rodata.__func__.6991
                0x10008ea8       0x16 CMakeFiles/resolver.dir/home/pi/pico/pico-sdk/lib/tinyusb/src/class/cdc/cdc_device.c.obj
 *fill*         0x10008ebe        0x2 
 .rodata.__func__.7020
                0x10008ec0        0xa CMakeFiles/resolver.dir/home/pi/pico/pico-sdk/lib/tinyusb/src/class/cdc/cdc_device.c.obj
 *fill*         0x10008eca        0x2 
 .rodata.__func__.7060
                0x10008ecc        0xd CMakeFiles/resolver.dir/home/pi/pico/pico-sdk/lib/tinyusb/src/class/cdc/cdc_device.c.obj
 .rodata.tud_cdc_n_write_flush.str1.4
                0x10008ed9       0x17 CMakeFiles/resolver.dir/home/pi/pico/pico-sdk/lib/tinyusb/src/class/cdc/cdc_device.c.obj
 *fill*         0x10008ed9        0x3 
 .rodata.__func__.6928
                0x10008edc        0xa CMakeFiles/resolver.dir/home/pi/pico/pico-sdk/lib/tinyusb/src/tusb.c.obj
 .rodata.tusb_init.str1.4
                0x10008ee6       0x17 CMakeFiles/resolver.dir/home/pi/pico/pico-sdk/lib/tinyusb/src/tusb.c.obj
                0x10008f00                . = ALIGN (0x4)
 *fill*         0x10008ee6        0x2 
 *(SORT_BY_ALIGNMENT(SORT_BY_NAME(.flashdata*)))
                0x10008ee8                . = ALIGN (0x4)

.rel.dyn        0x10008ee8        0x0
 .rel.iplt      0x10008ee8        0x0 /usr/lib/gcc/arm-none-eabi/7.3.1/thumb/v6-m/crtbegin.o

.ARM.extab
 *(.ARM.extab* .gnu.linkonce.armextab.*)
                0x10008ee8                __exidx_start = .

.ARM.exidx
 *(.ARM.exidx* .gnu.linkonce.armexidx.*)
                0x10008ee8                __exidx_end = .
                0x10008ee8                . = ALIGN (0x4)
                0x10008ee8                __binary_info_start = .

.binary_info    0x10008ee8       0x24
 *(.binary_info.keep.*)
 .binary_info.keep.__bi_ptr18
                0x10008ee8        0x4 CMakeFiles/resolver.dir/home/pi/pico/pico-sdk/src/rp2_common/pico_standard_link/binary_info.c.obj
 .binary_info.keep.__bi_ptr26
                0x10008eec        0x4 CMakeFiles/resolver.dir/home/pi/pico/pico-sdk/src/rp2_common/pico_standard_link/binary_info.c.obj
 .binary_info.keep.__bi_ptr34
                0x10008ef0        0x4 CMakeFiles/resolver.dir/home/pi/pico/pico-sdk/src/rp2_common/pico_standard_link/binary_info.c.obj
 .binary_info.keep.__bi_ptr40
                0x10008ef4        0x4 CMakeFiles/resolver.dir/home/pi/pico/pico-sdk/src/rp2_common/pico_standard_link/binary_info.c.obj
 .binary_info.keep.__bi_ptr46
                0x10008ef8        0x4 CMakeFiles/resolver.dir/home/pi/pico/pico-sdk/src/rp2_common/pico_standard_link/binary_info.c.obj
 .binary_info.keep.__bi_ptr65
                0x10008efc        0x4 CMakeFiles/resolver.dir/home/pi/pico/pico-sdk/src/rp2_common/pico_standard_link/binary_info.c.obj
 .binary_info.keep.__bi_ptr71
                0x10008f00        0x4 CMakeFiles/resolver.dir/home/pi/pico/pico-sdk/src/rp2_common/pico_standard_link/binary_info.c.obj
 .binary_info.keep.__bi_ptr77
                0x10008f04        0x4 CMakeFiles/resolver.dir/home/pi/pico/pico-sdk/src/rp2_common/pico_standard_link/binary_info.c.obj
 *(.binary_info.*)
 .binary_info.__bi_ptr92
                0x10008f08        0x4 CMakeFiles/resolver.dir/home/pi/pico/pico-sdk/src/rp2_common/pico_stdio_usb/stdio_usb.c.obj
                0x10008f0c                __binary_info_end = .
                0x10008f0c                . = ALIGN (0x4)
                0x10008f0c                __etext = .

.ram_vector_table
                0x20000000       0xc0
 *(.ram_vector_table)
 .ram_vector_table
                0x20000000       0xc0 CMakeFiles/resolver.dir/home/pi/pico/pico-sdk/src/rp2_common/pico_runtime/runtime.c.obj
                0x20000000                ram_vector_table

.data           0x200000c0      0x2f0 load address 0x10008f0c
                0x200000c0                __data_start__ = .
 *(vtable)
 *(.time_critical*)
 .time_critical.mutex_enter_blocking
                0x200000c0       0x64 CMakeFiles/resolver.dir/home/pi/pico/pico-sdk/src/common/pico_sync/mutex.c.obj
                0x200000c0                mutex_enter_blocking
 .time_critical.mutex_try_enter
                0x20000124       0x48 CMakeFiles/resolver.dir/home/pi/pico/pico-sdk/src/common/pico_sync/mutex.c.obj
                0x20000124                mutex_try_enter
 .time_critical.mutex_enter_block_until
                0x2000016c       0x7c CMakeFiles/resolver.dir/home/pi/pico/pico-sdk/src/common/pico_sync/mutex.c.obj
                0x2000016c                mutex_enter_block_until
 .time_critical.mutex_enter_timeout_ms
                0x200001e8       0x40 CMakeFiles/resolver.dir/home/pi/pico/pico-sdk/src/common/pico_sync/mutex.c.obj
                0x200001e8                mutex_enter_timeout_ms
 .time_critical.mutex_exit
                0x20000228       0x4c CMakeFiles/resolver.dir/home/pi/pico/pico-sdk/src/common/pico_sync/mutex.c.obj
                0x20000228                mutex_exit
 *(.text*)
 .text          0x20000274        0x4 /usr/lib/gcc/arm-none-eabi/7.3.1/thumb/v6-m/libgcc.a(_dvmd_tls.o)
                0x20000274                __aeabi_ldiv0
                0x20000274                __aeabi_idiv0
 .text.__stub   0x20000278       0x40 linker stubs
                0x200002b8                . = ALIGN (0x4)
 *(.rodata*)
                0x200002b8                . = ALIGN (0x4)
 *(.data*)
 .data.timeoffset
                0x200002b8        0x4 CMakeFiles/resolver.dir/resolver.c.obj
                0x200002b8                timeoffset
 .data.striped_spin_lock_num
                0x200002bc        0x1 CMakeFiles/resolver.dir/home/pi/pico/pico-sdk/src/rp2_common/hardware_sync/sync.c.obj
 *fill*         0x200002bd        0x3 
 .data.default_alarm_pool
                0x200002c0       0x18 CMakeFiles/resolver.dir/home/pi/pico/pico-sdk/src/common/pico_time/time.c.obj
 .data.default_alarm_pool_heap
                0x200002d8       0x10 CMakeFiles/resolver.dir/home/pi/pico/pico-sdk/src/common/pico_time/time.c.obj
 .data          0x200002e8       0x48 CMakeFiles/resolver.dir/home/pi/pico/pico-sdk/src/rp2_common/hardware_irq/irq_handler_chain.S.obj
                0x200002e8                irq_handler_chain_slots
                0x20000318                irq_handler_chain_first_slot
                0x20000322                irq_handler_chain_remove_tail
 .data.aeabi_bits_funcs
                0x20000330       0x10 CMakeFiles/resolver.dir/home/pi/pico/pico-sdk/src/rp2_common/pico_bit_ops/bit_ops_aeabi.S.obj
                0x20000330                aeabi_bits_funcs
                0x20000340                aeabi_bits_funcs_end
 .data.aeabi_mem_funcs
                0x20000340       0x10 CMakeFiles/resolver.dir/home/pi/pico/pico-sdk/src/rp2_common/pico_mem_ops/mem_ops_aeabi.S.obj
                0x20000340                aeabi_mem_funcs
                0x20000350                aeabi_mem_funcs_end
 .data.stdio_usb
                0x20000350       0x14 CMakeFiles/resolver.dir/home/pi/pico/pico-sdk/src/rp2_common/pico_stdio_usb/stdio_usb.c.obj
                0x20000350                stdio_usb
 .data.ep_dir_string
                0x20000364        0x8 CMakeFiles/resolver.dir/home/pi/pico/pico-sdk/lib/tinyusb/src/portable/raspberrypi/rp2040/rp2040_usb.c.obj
                0x20000364                ep_dir_string
 .data._usbd_qdef
                0x2000036c       0x20 CMakeFiles/resolver.dir/home/pi/pico/pico-sdk/lib/tinyusb/src/device/usbd.c.obj
                0x2000036c                _usbd_qdef
                0x2000038c                . = ALIGN (0x4)
 *(.after_data.*)
                0x2000038c                . = ALIGN (0x4)
                0x2000038c                PROVIDE (__mutex_array_start = .)
 *(SORT_BY_NAME(.mutex_array.*))
 *(.mutex_array)
 .mutex_array   0x2000038c        0x8 CMakeFiles/resolver.dir/home/pi/pico/pico-sdk/src/rp2_common/pico_malloc/pico_malloc.c.obj
 .mutex_array   0x20000394        0x8 CMakeFiles/resolver.dir/home/pi/pico/pico-sdk/src/rp2_common/pico_stdio/stdio.c.obj
                0x2000039c                PROVIDE (__mutex_array_end = .)
                0x2000039c                . = ALIGN (0x4)
                0x2000039c                PROVIDE (__preinit_array_start = .)
 *(SORT_BY_NAME(.preinit_array.*))
 .preinit_array.00001
                0x2000039c        0x4 CMakeFiles/resolver.dir/home/pi/pico/pico-sdk/src/rp2_common/pico_mem_ops/mem_ops_aeabi.S.obj
 .preinit_array.00010
                0x200003a0        0x4 CMakeFiles/resolver.dir/home/pi/pico/pico-sdk/src/rp2_common/pico_bit_ops/bit_ops_aeabi.S.obj
 .preinit_array.00020
                0x200003a4        0x4 CMakeFiles/resolver.dir/home/pi/pico/pico-sdk/src/rp2_common/pico_double/double_aeabi.S.obj
 .preinit_array.00020
                0x200003a8        0x4 CMakeFiles/resolver.dir/home/pi/pico/pico-sdk/src/rp2_common/pico_float/float_aeabi.S.obj
 *(.preinit_array)
                0x200003ac                PROVIDE (__preinit_array_end = .)
                0x200003ac                . = ALIGN (0x4)
                0x200003ac                PROVIDE (__init_array_start = .)
 *(SORT_BY_NAME(.init_array.*))
 *(.init_array)
 .init_array    0x200003ac        0x4 /usr/lib/gcc/arm-none-eabi/7.3.1/thumb/v6-m/crtbegin.o
                0x200003b0                PROVIDE (__init_array_end = .)
                0x200003b0                . = ALIGN (0x4)
                0x200003b0                PROVIDE (__fini_array_start = .)
 *(SORT_BY_NAME(.fini_array.*))
 *(.fini_array)
                0x200003b0                PROVIDE (__fini_array_end = .)
 *(.jcr)
                0x200003b0                . = ALIGN (0x4)
                0x200003b0                __data_end__ = .

.tm_clone_table
                0x200003b0        0x0 load address 0x100091fc
 .tm_clone_table
                0x200003b0        0x0 /usr/lib/gcc/arm-none-eabi/7.3.1/thumb/v6-m/crtbegin.o
 .tm_clone_table
                0x200003b0        0x0 /usr/lib/gcc/arm-none-eabi/7.3.1/thumb/v6-m/crtend.o

.igot.plt       0x200003b0        0x0 load address 0x100091fc
 .igot.plt      0x200003b0        0x0 /usr/lib/gcc/arm-none-eabi/7.3.1/thumb/v6-m/crtbegin.o

.uninitialized_data
                0x200003b0        0x0 load address 0x100091fc
                0x200003b0                . = ALIGN (0x4)
 *(.uninitialized_data*)

.scratch_x      0x20040000        0x0 load address 0x100091fc
                0x20040000                __scratch_x_start__ = .
 *(.scratch_x.*)
                0x20040000                . = ALIGN (0x4)
                0x20040000                __scratch_x_end__ = .
                0x100091fc                __scratch_x_source__ = LOADADDR (.scratch_x)

.scratch_y      0x20041000        0x0 load address 0x100091fc
                0x20041000                __scratch_y_start__ = .
 *(.scratch_y.*)
                0x20041000                . = ALIGN (0x4)
                0x20041000                __scratch_y_end__ = .
                0x100091fc                __scratch_y_source__ = LOADADDR (.scratch_y)

.bss            0x200003b0      0xf1c
                0x200003b0                . = ALIGN (0x4)
                0x200003b0                __bss_start__ = .
 *(SORT_BY_ALIGNMENT(SORT_BY_NAME(.bss*)))
 .bss.Winkel    0x200003b0        0x8 CMakeFiles/resolver.dir/resolver.c.obj
                0x200003b0                Winkel
 .bss.default_alarm_pool_entries
                0x200003b8      0x100 CMakeFiles/resolver.dir/home/pi/pico/pico-sdk/src/common/pico_time/time.c.obj
 .bss.last_avail_time.6972
                0x200004b8        0x8 CMakeFiles/resolver.dir/home/pi/pico/pico-sdk/src/rp2_common/pico_stdio_usb/stdio_usb.c.obj
 .bss.offsetx   0x200004c0        0x8 CMakeFiles/resolver.dir/resolver.c.obj
                0x200004c0                offsetx
 .bss.offsety   0x200004c8        0x8 CMakeFiles/resolver.dir/resolver.c.obj
                0x200004c8                offsety
 .bss.sumdx     0x200004d0        0x8 CMakeFiles/resolver.dir/resolver.c.obj
                0x200004d0                sumdx
 .bss.sumdy     0x200004d8        0x8 CMakeFiles/resolver.dir/resolver.c.obj
                0x200004d8                sumdy
 .bss.sumsquaredx
                0x200004e0        0x8 CMakeFiles/resolver.dir/resolver.c.obj
                0x200004e0                sumsquaredx
 .bss.sumsquaredy
                0x200004e8        0x8 CMakeFiles/resolver.dir/resolver.c.obj
                0x200004e8                sumsquaredy
 .bss.x         0x200004f0        0x8 CMakeFiles/resolver.dir/resolver.c.obj
                0x200004f0                x
 .bss.y         0x200004f8        0x8 CMakeFiles/resolver.dir/resolver.c.obj
                0x200004f8                y
 .bss           0x20000500       0x1c /usr/lib/gcc/arm-none-eabi/7.3.1/thumb/v6-m/crtbegin.o
 .bss._app_driver
                0x2000051c        0x4 CMakeFiles/resolver.dir/home/pi/pico/pico-sdk/lib/tinyusb/src/device/usbd.c.obj
 .bss._cdcd_itf
                0x20000520      0x2d0 CMakeFiles/resolver.dir/home/pi/pico/pico-sdk/lib/tinyusb/src/class/cdc/cdc_device.c.obj
 .bss._ctrl_xfer
                0x200007f0       0x14 CMakeFiles/resolver.dir/home/pi/pico/pico-sdk/lib/tinyusb/src/device/usbd_control.c.obj
 .bss._ubsd_mutexdef
                0x20000804        0x8 CMakeFiles/resolver.dir/home/pi/pico/pico-sdk/lib/tinyusb/src/device/usbd.c.obj
 .bss._usbd_ctrl_buf
                0x2000080c       0x40 CMakeFiles/resolver.dir/home/pi/pico/pico-sdk/lib/tinyusb/src/device/usbd_control.c.obj
 .bss._usbd_dev
                0x2000084c       0x37 CMakeFiles/resolver.dir/home/pi/pico/pico-sdk/lib/tinyusb/src/device/usbd.c.obj
 *fill*         0x20000883        0x1 
 .bss._usbd_mutex
                0x20000884        0x4 CMakeFiles/resolver.dir/home/pi/pico/pico-sdk/lib/tinyusb/src/device/usbd.c.obj
 .bss._usbd_q   0x20000888        0x4 CMakeFiles/resolver.dir/home/pi/pico/pico-sdk/lib/tinyusb/src/device/usbd.c.obj
 .bss.alarm_callbacks
                0x2000088c       0x10 CMakeFiles/resolver.dir/home/pi/pico/pico-sdk/src/rp2_common/hardware_timer/timer.c.obj
 .bss.claimed   0x2000089c        0x4 CMakeFiles/resolver.dir/home/pi/pico/pico-sdk/src/rp2_common/hardware_sync/sync.c.obj
 .bss.configured_freq
                0x200008a0       0x28 CMakeFiles/resolver.dir/home/pi/pico/pico-sdk/src/rp2_common/hardware_clocks/clocks.c.obj
 .bss.default_alarm_pool_entry_ids_high
                0x200008c8       0x10 CMakeFiles/resolver.dir/home/pi/pico/pico-sdk/src/common/pico_time/time.c.obj
 .bss.default_alarm_pool_heap_nodes
                0x200008d8       0x30 CMakeFiles/resolver.dir/home/pi/pico/pico-sdk/src/common/pico_time/time.c.obj
 .bss.desc_str.6868
                0x20000908       0x28 CMakeFiles/resolver.dir/home/pi/pico/pico-sdk/src/rp2_common/pico_stdio_usb/stdio_usb_descriptors.c.obj
 .bss.drivers   0x20000930        0x4 CMakeFiles/resolver.dir/home/pi/pico/pico-sdk/src/rp2_common/pico_stdio/stdio.c.obj